<?xml version="1.0"?>
<link_info>
   <banner>TMS320C2000 Linker PC v6.4.2</banner>
   <copyright>Copyright (c) 1996-2015 Texas Instruments Incorporated</copyright>
   <link_time>0x681ccac6</link_time>
   <link_errors>0x0</link_errors>
   <output_file>HVPM_DSP28335_Motor_PMSM_Sensor_24V100W.out</output_file>
   <entry_point>
      <name>_c_int00</name>
      <address>0x33aaf0</address>
   </entry_point>
   <input_file_list>
      <input_file id="fl-4">
         <path>.\</path>
         <kind>object</kind>
         <file>DLOG4CHC.obj</file>
         <name>DLOG4CHC.obj</name>
      </input_file>
      <input_file id="fl-5">
         <path>.\</path>
         <kind>object</kind>
         <file>DSP2833x_ADC_cal.obj</file>
         <name>DSP2833x_ADC_cal.obj</name>
      </input_file>
      <input_file id="fl-6">
         <path>.\</path>
         <kind>object</kind>
         <file>DSP2833x_CodeStartBranch.obj</file>
         <name>DSP2833x_CodeStartBranch.obj</name>
      </input_file>
      <input_file id="fl-7">
         <path>.\</path>
         <kind>object</kind>
         <file>DSP2833x_GlobalVariableDefs.obj</file>
         <name>DSP2833x_GlobalVariableDefs.obj</name>
      </input_file>
      <input_file id="fl-8">
         <path>.\</path>
         <kind>object</kind>
         <file>DSP2833x_usDelay.obj</file>
         <name>DSP2833x_usDelay.obj</name>
      </input_file>
      <input_file id="fl-9">
         <path>.\</path>
         <kind>object</kind>
         <file>HVPM_Sensorless-DevInit_F2833x.obj</file>
         <name>HVPM_Sensorless-DevInit_F2833x.obj</name>
      </input_file>
      <input_file id="fl-a">
         <path>.\</path>
         <kind>object</kind>
         <file>TM1650_IIC.obj</file>
         <name>TM1650_IIC.obj</name>
      </input_file>
      <input_file id="fl-b">
         <path>.\</path>
         <kind>object</kind>
         <file>main.obj</file>
         <name>main.obj</name>
      </input_file>
      <input_file id="fl-c">
         <path>.\</path>
         <kind>object</kind>
         <file>sci_base.obj</file>
         <name>sci_base.obj</name>
      </input_file>
      <input_file id="fl-17">
         <path>C:\ti\ccsv6\tools\compiler\ti-cgt-c2000_6.4.2\lib\</path>
         <kind>archive</kind>
         <file>rts2800_fpu32.lib</file>
         <name>boot.obj</name>
      </input_file>
      <input_file id="fl-18">
         <path>C:\ti\ccsv6\tools\compiler\ti-cgt-c2000_6.4.2\lib\</path>
         <kind>archive</kind>
         <file>rts2800_fpu32.lib</file>
         <name>cos.obj</name>
      </input_file>
      <input_file id="fl-19">
         <path>C:\ti\ccsv6\tools\compiler\ti-cgt-c2000_6.4.2\lib\</path>
         <kind>archive</kind>
         <file>rts2800_fpu32.lib</file>
         <name>defs.obj</name>
      </input_file>
      <input_file id="fl-1a">
         <path>C:\ti\ccsv6\tools\compiler\ti-cgt-c2000_6.4.2\lib\</path>
         <kind>archive</kind>
         <file>rts2800_fpu32.lib</file>
         <name>exit.obj</name>
      </input_file>
      <input_file id="fl-1b">
         <path>C:\ti\ccsv6\tools\compiler\ti-cgt-c2000_6.4.2\lib\</path>
         <kind>archive</kind>
         <file>rts2800_fpu32.lib</file>
         <name>exp.obj</name>
      </input_file>
      <input_file id="fl-1c">
         <path>C:\ti\ccsv6\tools\compiler\ti-cgt-c2000_6.4.2\lib\</path>
         <kind>archive</kind>
         <file>rts2800_fpu32.lib</file>
         <name>fopen.obj</name>
      </input_file>
      <input_file id="fl-1d">
         <path>C:\ti\ccsv6\tools\compiler\ti-cgt-c2000_6.4.2\lib\</path>
         <kind>archive</kind>
         <file>rts2800_fpu32.lib</file>
         <name>fs_div.obj</name>
      </input_file>
      <input_file id="fl-1e">
         <path>C:\ti\ccsv6\tools\compiler\ti-cgt-c2000_6.4.2\lib\</path>
         <kind>archive</kind>
         <file>rts2800_fpu32.lib</file>
         <name>ldexp.obj</name>
      </input_file>
      <input_file id="fl-1f">
         <path>C:\ti\ccsv6\tools\compiler\ti-cgt-c2000_6.4.2\lib\</path>
         <kind>archive</kind>
         <file>rts2800_fpu32.lib</file>
         <name>l_div.obj</name>
      </input_file>
      <input_file id="fl-20">
         <path>C:\ti\ccsv6\tools\compiler\ti-cgt-c2000_6.4.2\lib\</path>
         <kind>archive</kind>
         <file>rts2800_fpu32.lib</file>
         <name>_lock.obj</name>
      </input_file>
      <input_file id="fl-21">
         <path>C:\ti\ccsv6\tools\compiler\ti-cgt-c2000_6.4.2\lib\</path>
         <kind>archive</kind>
         <file>rts2800_fpu32.lib</file>
         <name>lowlev.obj</name>
      </input_file>
      <input_file id="fl-22">
         <path>C:\ti\ccsv6\tools\compiler\ti-cgt-c2000_6.4.2\lib\</path>
         <kind>archive</kind>
         <file>rts2800_fpu32.lib</file>
         <name>modf.obj</name>
      </input_file>
      <input_file id="fl-23">
         <path>C:\ti\ccsv6\tools\compiler\ti-cgt-c2000_6.4.2\lib\</path>
         <kind>archive</kind>
         <file>rts2800_fpu32.lib</file>
         <name>printf.obj</name>
      </input_file>
      <input_file id="fl-24">
         <path>C:\ti\ccsv6\tools\compiler\ti-cgt-c2000_6.4.2\lib\</path>
         <kind>archive</kind>
         <file>rts2800_fpu32.lib</file>
         <name>setvbuf.obj</name>
      </input_file>
      <input_file id="fl-25">
         <path>C:\ti\ccsv6\tools\compiler\ti-cgt-c2000_6.4.2\lib\</path>
         <kind>archive</kind>
         <file>rts2800_fpu32.lib</file>
         <name>sin.obj</name>
      </input_file>
      <input_file id="fl-26">
         <path>C:\ti\ccsv6\tools\compiler\ti-cgt-c2000_6.4.2\lib\</path>
         <kind>archive</kind>
         <file>rts2800_fpu32.lib</file>
         <name>strchr.obj</name>
      </input_file>
      <input_file id="fl-27">
         <path>C:\ti\ccsv6\tools\compiler\ti-cgt-c2000_6.4.2\lib\</path>
         <kind>archive</kind>
         <file>rts2800_fpu32.lib</file>
         <name>strcmp.obj</name>
      </input_file>
      <input_file id="fl-28">
         <path>C:\ti\ccsv6\tools\compiler\ti-cgt-c2000_6.4.2\lib\</path>
         <kind>archive</kind>
         <file>rts2800_fpu32.lib</file>
         <name>strncpy.obj</name>
      </input_file>
      <input_file id="fl-29">
         <path>C:\ti\ccsv6\tools\compiler\ti-cgt-c2000_6.4.2\lib\</path>
         <kind>archive</kind>
         <file>rts2800_fpu32.lib</file>
         <name>trgdrv.obj</name>
      </input_file>
      <input_file id="fl-2a">
         <path>C:\ti\ccsv6\tools\compiler\ti-cgt-c2000_6.4.2\lib\</path>
         <kind>archive</kind>
         <file>rts2800_fpu32.lib</file>
         <name>u_div.obj</name>
      </input_file>
      <input_file id="fl-2b">
         <path>C:\ti\ccsv6\tools\compiler\ti-cgt-c2000_6.4.2\lib\</path>
         <kind>archive</kind>
         <file>rts2800_fpu32.lib</file>
         <name>ankmsg.obj</name>
      </input_file>
      <input_file id="fl-2c">
         <path>C:\ti\ccsv6\tools\compiler\ti-cgt-c2000_6.4.2\lib\</path>
         <kind>archive</kind>
         <file>rts2800_fpu32.lib</file>
         <name>args_main.obj</name>
      </input_file>
      <input_file id="fl-2d">
         <path>C:\ti\ccsv6\tools\compiler\ti-cgt-c2000_6.4.2\lib\</path>
         <kind>archive</kind>
         <file>rts2800_fpu32.lib</file>
         <name>errno.obj</name>
      </input_file>
      <input_file id="fl-2e">
         <path>C:\ti\ccsv6\tools\compiler\ti-cgt-c2000_6.4.2\lib\</path>
         <kind>archive</kind>
         <file>rts2800_fpu32.lib</file>
         <name>fclose.obj</name>
      </input_file>
      <input_file id="fl-2f">
         <path>C:\ti\ccsv6\tools\compiler\ti-cgt-c2000_6.4.2\lib\</path>
         <kind>archive</kind>
         <file>rts2800_fpu32.lib</file>
         <name>fflush.obj</name>
      </input_file>
      <input_file id="fl-30">
         <path>C:\ti\ccsv6\tools\compiler\ti-cgt-c2000_6.4.2\lib\</path>
         <kind>archive</kind>
         <file>rts2800_fpu32.lib</file>
         <name>fputc.obj</name>
      </input_file>
      <input_file id="fl-31">
         <path>C:\ti\ccsv6\tools\compiler\ti-cgt-c2000_6.4.2\lib\</path>
         <kind>archive</kind>
         <file>rts2800_fpu32.lib</file>
         <name>fputs.obj</name>
      </input_file>
      <input_file id="fl-32">
         <path>C:\ti\ccsv6\tools\compiler\ti-cgt-c2000_6.4.2\lib\</path>
         <kind>archive</kind>
         <file>rts2800_fpu32.lib</file>
         <name>_io_perm.obj</name>
      </input_file>
      <input_file id="fl-33">
         <path>C:\ti\ccsv6\tools\compiler\ti-cgt-c2000_6.4.2\lib\</path>
         <kind>archive</kind>
         <file>rts2800_fpu32.lib</file>
         <name>memchr.obj</name>
      </input_file>
      <input_file id="fl-34">
         <path>C:\ti\ccsv6\tools\compiler\ti-cgt-c2000_6.4.2\lib\</path>
         <kind>archive</kind>
         <file>rts2800_fpu32.lib</file>
         <name>memcpy.obj</name>
      </input_file>
      <input_file id="fl-35">
         <path>C:\ti\ccsv6\tools\compiler\ti-cgt-c2000_6.4.2\lib\</path>
         <kind>archive</kind>
         <file>rts2800_fpu32.lib</file>
         <name>memory.obj</name>
      </input_file>
      <input_file id="fl-36">
         <path>C:\ti\ccsv6\tools\compiler\ti-cgt-c2000_6.4.2\lib\</path>
         <kind>archive</kind>
         <file>rts2800_fpu32.lib</file>
         <name>_printfi.obj</name>
      </input_file>
      <input_file id="fl-37">
         <path>C:\ti\ccsv6\tools\compiler\ti-cgt-c2000_6.4.2\lib\</path>
         <kind>archive</kind>
         <file>rts2800_fpu32.lib</file>
         <name>remove.obj</name>
      </input_file>
      <input_file id="fl-38">
         <path>C:\ti\ccsv6\tools\compiler\ti-cgt-c2000_6.4.2\lib\</path>
         <kind>archive</kind>
         <file>rts2800_fpu32.lib</file>
         <name>strcpy.obj</name>
      </input_file>
      <input_file id="fl-39">
         <path>C:\ti\ccsv6\tools\compiler\ti-cgt-c2000_6.4.2\lib\</path>
         <kind>archive</kind>
         <file>rts2800_fpu32.lib</file>
         <name>strlen.obj</name>
      </input_file>
      <input_file id="fl-3a">
         <path>C:\ti\ccsv6\tools\compiler\ti-cgt-c2000_6.4.2\lib\</path>
         <kind>archive</kind>
         <file>rts2800_fpu32.lib</file>
         <name>atoi.obj</name>
      </input_file>
      <input_file id="fl-3b">
         <path>C:\ti\ccsv6\tools\compiler\ti-cgt-c2000_6.4.2\lib\</path>
         <kind>archive</kind>
         <file>rts2800_fpu32.lib</file>
         <name>ctype.obj</name>
      </input_file>
      <input_file id="fl-3c">
         <path>C:\ti\ccsv6\tools\compiler\ti-cgt-c2000_6.4.2\lib\</path>
         <kind>archive</kind>
         <file>rts2800_fpu32.lib</file>
         <name>fd_cmp.obj</name>
      </input_file>
      <input_file id="fl-3d">
         <path>C:\ti\ccsv6\tools\compiler\ti-cgt-c2000_6.4.2\lib\</path>
         <kind>archive</kind>
         <file>rts2800_fpu32.lib</file>
         <name>fd_div.obj</name>
      </input_file>
      <input_file id="fl-3e">
         <path>C:\ti\ccsv6\tools\compiler\ti-cgt-c2000_6.4.2\lib\</path>
         <kind>archive</kind>
         <file>rts2800_fpu32.lib</file>
         <name>fd_mpy.obj</name>
      </input_file>
      <input_file id="fl-3f">
         <path>C:\ti\ccsv6\tools\compiler\ti-cgt-c2000_6.4.2\lib\</path>
         <kind>archive</kind>
         <file>rts2800_fpu32.lib</file>
         <name>fd_neg.obj</name>
      </input_file>
      <input_file id="fl-40">
         <path>C:\ti\ccsv6\tools\compiler\ti-cgt-c2000_6.4.2\lib\</path>
         <kind>archive</kind>
         <file>rts2800_fpu32.lib</file>
         <name>fd_sub.obj</name>
      </input_file>
      <input_file id="fl-41">
         <path>C:\ti\ccsv6\tools\compiler\ti-cgt-c2000_6.4.2\lib\</path>
         <kind>archive</kind>
         <file>rts2800_fpu32.lib</file>
         <name>fd_tofs.obj</name>
      </input_file>
      <input_file id="fl-42">
         <path>C:\ti\ccsv6\tools\compiler\ti-cgt-c2000_6.4.2\lib\</path>
         <kind>archive</kind>
         <file>rts2800_fpu32.lib</file>
         <name>fd_toi.obj</name>
      </input_file>
      <input_file id="fl-43">
         <path>C:\ti\ccsv6\tools\compiler\ti-cgt-c2000_6.4.2\lib\</path>
         <kind>archive</kind>
         <file>rts2800_fpu32.lib</file>
         <name>fd_tol.obj</name>
      </input_file>
      <input_file id="fl-44">
         <path>C:\ti\ccsv6\tools\compiler\ti-cgt-c2000_6.4.2\lib\</path>
         <kind>archive</kind>
         <file>rts2800_fpu32.lib</file>
         <name>frexp.obj</name>
      </input_file>
      <input_file id="fl-45">
         <path>C:\ti\ccsv6\tools\compiler\ti-cgt-c2000_6.4.2\lib\</path>
         <kind>archive</kind>
         <file>rts2800_fpu32.lib</file>
         <name>fseek.obj</name>
      </input_file>
      <input_file id="fl-46">
         <path>C:\ti\ccsv6\tools\compiler\ti-cgt-c2000_6.4.2\lib\</path>
         <kind>archive</kind>
         <file>rts2800_fpu32.lib</file>
         <name>fs_tofd.obj</name>
      </input_file>
      <input_file id="fl-47">
         <path>C:\ti\ccsv6\tools\compiler\ti-cgt-c2000_6.4.2\lib\</path>
         <kind>archive</kind>
         <file>rts2800_fpu32.lib</file>
         <name>i_tofd.obj</name>
      </input_file>
      <input_file id="fl-48">
         <path>C:\ti\ccsv6\tools\compiler\ti-cgt-c2000_6.4.2\lib\</path>
         <kind>archive</kind>
         <file>rts2800_fpu32.lib</file>
         <name>ll_aox.obj</name>
      </input_file>
      <input_file id="fl-49">
         <path>C:\ti\ccsv6\tools\compiler\ti-cgt-c2000_6.4.2\lib\</path>
         <kind>archive</kind>
         <file>rts2800_fpu32.lib</file>
         <name>ll_cmp.obj</name>
      </input_file>
      <input_file id="fl-4a">
         <path>C:\ti\ccsv6\tools\compiler\ti-cgt-c2000_6.4.2\lib\</path>
         <kind>archive</kind>
         <file>rts2800_fpu32.lib</file>
         <name>ll_div.obj</name>
      </input_file>
      <input_file id="fl-4b">
         <path>C:\ti\ccsv6\tools\compiler\ti-cgt-c2000_6.4.2\lib\</path>
         <kind>archive</kind>
         <file>rts2800_fpu32.lib</file>
         <name>ltoa.obj</name>
      </input_file>
      <input_file id="fl-4c">
         <path>C:\ti\ccsv6\tools\compiler\ti-cgt-c2000_6.4.2\lib\</path>
         <kind>archive</kind>
         <file>rts2800_fpu32.lib</file>
         <name>l_tofd.obj</name>
      </input_file>
      <input_file id="fl-4d">
         <path>C:\ti\ccsv6\tools\compiler\ti-cgt-c2000_6.4.2\lib\</path>
         <kind>archive</kind>
         <file>rts2800_fpu32.lib</file>
         <name>memccpy.obj</name>
      </input_file>
      <input_file id="fl-4e">
         <path>C:\ti\ccsv6\tools\compiler\ti-cgt-c2000_6.4.2\lib\</path>
         <kind>archive</kind>
         <file>rts2800_fpu32.lib</file>
         <name>memset.obj</name>
      </input_file>
      <input_file id="fl-4f">
         <path>C:\ti\ccsv6\tools\compiler\ti-cgt-c2000_6.4.2\lib\</path>
         <kind>archive</kind>
         <file>rts2800_fpu32.lib</file>
         <name>fd_add.obj</name>
      </input_file>
   </input_file_list>
   <object_component_list>
      <object_component id="oc-9a">
         <name>PieVectTableFile</name>
         <uninitialized>true</uninitialized>
         <run_address>0xd00</run_address>
         <size>0x100</size>
         <input_file_ref idref="fl-7"/>
      </object_component>
      <object_component id="oc-96">
         <name>DevEmuRegsFile</name>
         <uninitialized>true</uninitialized>
         <run_address>0x880</run_address>
         <size>0xd0</size>
         <input_file_ref idref="fl-7"/>
      </object_component>
      <object_component id="oc-6c">
         <name>FlashRegsFile</name>
         <uninitialized>true</uninitialized>
         <run_address>0xa80</run_address>
         <size>0x8</size>
         <input_file_ref idref="fl-7"/>
      </object_component>
      <object_component id="oc-74">
         <name>CsmRegsFile</name>
         <uninitialized>true</uninitialized>
         <run_address>0xae0</run_address>
         <size>0x10</size>
         <input_file_ref idref="fl-7"/>
      </object_component>
      <object_component id="oc-75">
         <name>AdcMirrorFile</name>
         <uninitialized>true</uninitialized>
         <run_address>0xb00</run_address>
         <size>0x10</size>
         <input_file_ref idref="fl-7"/>
      </object_component>
      <object_component id="oc-79">
         <name>XintfRegsFile</name>
         <uninitialized>true</uninitialized>
         <run_address>0xb20</run_address>
         <size>0x1e</size>
         <input_file_ref idref="fl-7"/>
      </object_component>
      <object_component id="oc-6d">
         <name>CpuTimer0RegsFile</name>
         <uninitialized>true</uninitialized>
         <run_address>0xc00</run_address>
         <size>0x8</size>
         <input_file_ref idref="fl-7"/>
      </object_component>
      <object_component id="oc-6e">
         <name>CpuTimer1RegsFile</name>
         <uninitialized>true</uninitialized>
         <run_address>0xc08</run_address>
         <size>0x8</size>
         <input_file_ref idref="fl-7"/>
      </object_component>
      <object_component id="oc-6a">
         <name>CpuTimer2RegsFile</name>
         <uninitialized>true</uninitialized>
         <run_address>0xc10</run_address>
         <size>0x8</size>
         <input_file_ref idref="fl-7"/>
      </object_component>
      <object_component id="oc-77">
         <name>PieCtrlRegsFile</name>
         <uninitialized>true</uninitialized>
         <run_address>0xce0</run_address>
         <size>0x1a</size>
         <input_file_ref idref="fl-7"/>
      </object_component>
      <object_component id="oc-97">
         <name>DmaRegsFile</name>
         <uninitialized>true</uninitialized>
         <run_address>0x1000</run_address>
         <size>0xe0</size>
         <input_file_ref idref="fl-7"/>
      </object_component>
      <object_component id="oc-8a">
         <name>McbspaRegsFile</name>
         <uninitialized>true</uninitialized>
         <run_address>0x5000</run_address>
         <size>0x25</size>
         <input_file_ref idref="fl-7"/>
      </object_component>
      <object_component id="oc-89">
         <name>McbspbRegsFile</name>
         <uninitialized>true</uninitialized>
         <run_address>0x5040</run_address>
         <size>0x25</size>
         <input_file_ref idref="fl-7"/>
      </object_component>
      <object_component id="oc-8c">
         <name>ECanaRegsFile</name>
         <uninitialized>true</uninitialized>
         <run_address>0x6000</run_address>
         <size>0x34</size>
         <input_file_ref idref="fl-7"/>
      </object_component>
      <object_component id="oc-90">
         <name>ECanaLAMRegsFile</name>
         <uninitialized>true</uninitialized>
         <run_address>0x6040</run_address>
         <size>0x40</size>
         <input_file_ref idref="fl-7"/>
      </object_component>
      <object_component id="oc-99">
         <name>ECanaMboxesFile</name>
         <uninitialized>true</uninitialized>
         <run_address>0x6100</run_address>
         <size>0x100</size>
         <input_file_ref idref="fl-7"/>
      </object_component>
      <object_component id="oc-91">
         <name>ECanaMOTSRegsFile</name>
         <uninitialized>true</uninitialized>
         <run_address>0x6080</run_address>
         <size>0x40</size>
         <input_file_ref idref="fl-7"/>
      </object_component>
      <object_component id="oc-8e">
         <name>ECanaMOTORegsFile</name>
         <uninitialized>true</uninitialized>
         <run_address>0x60c0</run_address>
         <size>0x40</size>
         <input_file_ref idref="fl-7"/>
      </object_component>
      <object_component id="oc-8d">
         <name>ECanbRegsFile</name>
         <uninitialized>true</uninitialized>
         <run_address>0x6200</run_address>
         <size>0x34</size>
         <input_file_ref idref="fl-7"/>
      </object_component>
      <object_component id="oc-95">
         <name>ECanbLAMRegsFile</name>
         <uninitialized>true</uninitialized>
         <run_address>0x6240</run_address>
         <size>0x40</size>
         <input_file_ref idref="fl-7"/>
      </object_component>
      <object_component id="oc-98">
         <name>ECanbMboxesFile</name>
         <uninitialized>true</uninitialized>
         <run_address>0x6300</run_address>
         <size>0x100</size>
         <input_file_ref idref="fl-7"/>
      </object_component>
      <object_component id="oc-8f">
         <name>ECanbMOTSRegsFile</name>
         <uninitialized>true</uninitialized>
         <run_address>0x6280</run_address>
         <size>0x40</size>
         <input_file_ref idref="fl-7"/>
      </object_component>
      <object_component id="oc-92">
         <name>ECanbMOTORegsFile</name>
         <uninitialized>true</uninitialized>
         <run_address>0x62c0</run_address>
         <size>0x40</size>
         <input_file_ref idref="fl-7"/>
      </object_component>
      <object_component id="oc-87">
         <name>EPwm1RegsFile</name>
         <uninitialized>true</uninitialized>
         <run_address>0x6800</run_address>
         <size>0x22</size>
         <input_file_ref idref="fl-7"/>
      </object_component>
      <object_component id="oc-82">
         <name>EPwm2RegsFile</name>
         <uninitialized>true</uninitialized>
         <run_address>0x6840</run_address>
         <size>0x22</size>
         <input_file_ref idref="fl-7"/>
      </object_component>
      <object_component id="oc-83">
         <name>EPwm3RegsFile</name>
         <uninitialized>true</uninitialized>
         <run_address>0x6880</run_address>
         <size>0x22</size>
         <input_file_ref idref="fl-7"/>
      </object_component>
      <object_component id="oc-88">
         <name>EPwm4RegsFile</name>
         <uninitialized>true</uninitialized>
         <run_address>0x68c0</run_address>
         <size>0x22</size>
         <input_file_ref idref="fl-7"/>
      </object_component>
      <object_component id="oc-85">
         <name>EPwm5RegsFile</name>
         <uninitialized>true</uninitialized>
         <run_address>0x6900</run_address>
         <size>0x22</size>
         <input_file_ref idref="fl-7"/>
      </object_component>
      <object_component id="oc-86">
         <name>EPwm6RegsFile</name>
         <uninitialized>true</uninitialized>
         <run_address>0x6940</run_address>
         <size>0x22</size>
         <input_file_ref idref="fl-7"/>
      </object_component>
      <object_component id="oc-7c">
         <name>ECap1RegsFile</name>
         <uninitialized>true</uninitialized>
         <run_address>0x6a00</run_address>
         <size>0x20</size>
         <input_file_ref idref="fl-7"/>
      </object_component>
      <object_component id="oc-7d">
         <name>ECap2RegsFile</name>
         <uninitialized>true</uninitialized>
         <run_address>0x6a20</run_address>
         <size>0x20</size>
         <input_file_ref idref="fl-7"/>
      </object_component>
      <object_component id="oc-7a">
         <name>ECap3RegsFile</name>
         <uninitialized>true</uninitialized>
         <run_address>0x6a40</run_address>
         <size>0x20</size>
         <input_file_ref idref="fl-7"/>
      </object_component>
      <object_component id="oc-7b">
         <name>ECap4RegsFile</name>
         <uninitialized>true</uninitialized>
         <run_address>0x6a60</run_address>
         <size>0x20</size>
         <input_file_ref idref="fl-7"/>
      </object_component>
      <object_component id="oc-80">
         <name>ECap5RegsFile</name>
         <uninitialized>true</uninitialized>
         <run_address>0x6a80</run_address>
         <size>0x20</size>
         <input_file_ref idref="fl-7"/>
      </object_component>
      <object_component id="oc-81">
         <name>ECap6RegsFile</name>
         <uninitialized>true</uninitialized>
         <run_address>0x6aa0</run_address>
         <size>0x20</size>
         <input_file_ref idref="fl-7"/>
      </object_component>
      <object_component id="oc-93">
         <name>EQep1RegsFile</name>
         <uninitialized>true</uninitialized>
         <run_address>0x6b00</run_address>
         <size>0x40</size>
         <input_file_ref idref="fl-7"/>
      </object_component>
      <object_component id="oc-94">
         <name>EQep2RegsFile</name>
         <uninitialized>true</uninitialized>
         <run_address>0x6b40</run_address>
         <size>0x40</size>
         <input_file_ref idref="fl-7"/>
      </object_component>
      <object_component id="oc-8b">
         <name>GpioCtrlRegsFile</name>
         <uninitialized>true</uninitialized>
         <run_address>0x6f80</run_address>
         <size>0x2e</size>
         <input_file_ref idref="fl-7"/>
      </object_component>
      <object_component id="oc-7e">
         <name>GpioDataRegsFile</name>
         <uninitialized>true</uninitialized>
         <run_address>0x6fc0</run_address>
         <size>0x20</size>
         <input_file_ref idref="fl-7"/>
      </object_component>
      <object_component id="oc-6f">
         <name>GpioIntRegsFile</name>
         <uninitialized>true</uninitialized>
         <run_address>0x6fe0</run_address>
         <size>0xa</size>
         <input_file_ref idref="fl-7"/>
      </object_component>
      <object_component id="oc-7f">
         <name>SysCtrlRegsFile</name>
         <uninitialized>true</uninitialized>
         <run_address>0x7010</run_address>
         <size>0x20</size>
         <input_file_ref idref="fl-7"/>
      </object_component>
      <object_component id="oc-70">
         <name>SpiaRegsFile</name>
         <uninitialized>true</uninitialized>
         <run_address>0x7040</run_address>
         <size>0x10</size>
         <input_file_ref idref="fl-7"/>
      </object_component>
      <object_component id="oc-73">
         <name>SciaRegsFile</name>
         <uninitialized>true</uninitialized>
         <run_address>0x7050</run_address>
         <size>0x10</size>
         <input_file_ref idref="fl-7"/>
      </object_component>
      <object_component id="oc-76">
         <name>XIntruptRegsFile</name>
         <uninitialized>true</uninitialized>
         <run_address>0x7070</run_address>
         <size>0x10</size>
         <input_file_ref idref="fl-7"/>
      </object_component>
      <object_component id="oc-78">
         <name>AdcRegsFile</name>
         <uninitialized>true</uninitialized>
         <run_address>0x7100</run_address>
         <size>0x1e</size>
         <input_file_ref idref="fl-7"/>
      </object_component>
      <object_component id="oc-71">
         <name>ScibRegsFile</name>
         <uninitialized>true</uninitialized>
         <run_address>0x7750</run_address>
         <size>0x10</size>
         <input_file_ref idref="fl-7"/>
      </object_component>
      <object_component id="oc-72">
         <name>ScicRegsFile</name>
         <uninitialized>true</uninitialized>
         <run_address>0x7770</run_address>
         <size>0x10</size>
         <input_file_ref idref="fl-7"/>
      </object_component>
      <object_component id="oc-84">
         <name>I2caRegsFile</name>
         <uninitialized>true</uninitialized>
         <run_address>0x7900</run_address>
         <size>0x22</size>
         <input_file_ref idref="fl-7"/>
      </object_component>
      <object_component id="oc-6b">
         <name>CsmPwlFile</name>
         <uninitialized>true</uninitialized>
         <run_address>0x33fff8</run_address>
         <size>0x8</size>
         <input_file_ref idref="fl-7"/>
      </object_component>
      <object_component id="oc-69">
         <name>PartIdRegsFile</name>
         <uninitialized>true</uninitialized>
         <run_address>0x380090</run_address>
         <size>0x1</size>
         <input_file_ref idref="fl-7"/>
      </object_component>
      <object_component id="oc-b1">
         <name>.cinit</name>
         <load_address>0x33aebe</load_address>
         <run_address>0x33aebe</run_address>
         <size>0x2d2</size>
         <input_file_ref idref="fl-b"/>
      </object_component>
      <object_component id="oc-a8">
         <name>.cinit</name>
         <load_address>0x33b190</load_address>
         <run_address>0x33b190</run_address>
         <size>0x52</size>
         <input_file_ref idref="fl-a"/>
      </object_component>
      <object_component id="oc-f9">
         <name>.cinit</name>
         <load_address>0x33b1e2</load_address>
         <run_address>0x33b1e2</run_address>
         <size>0x31</size>
         <input_file_ref idref="fl-21"/>
      </object_component>
      <object_component id="oc-ce">
         <name>.cinit</name>
         <load_address>0x33b213</load_address>
         <run_address>0x33b213</run_address>
         <size>0x2a</size>
         <input_file_ref idref="fl-19"/>
      </object_component>
      <object_component id="oc-ba">
         <name>.cinit</name>
         <load_address>0x33b23d</load_address>
         <run_address>0x33b23d</run_address>
         <size>0xc</size>
         <input_file_ref idref="fl-c"/>
      </object_component>
      <object_component id="oc-d2">
         <name>.cinit</name>
         <load_address>0x33b249</load_address>
         <run_address>0x33b249</run_address>
         <size>0xa</size>
         <input_file_ref idref="fl-1a"/>
      </object_component>
      <object_component id="oc-1f1">
         <name>.cinit:__lock</name>
         <load_address>0x33b253</load_address>
         <run_address>0x33b253</run_address>
         <size>0x5</size>
         <input_file_ref idref="fl-20"/>
      </object_component>
      <object_component id="oc-1fd">
         <name>.cinit:__unlock</name>
         <load_address>0x33b258</load_address>
         <run_address>0x33b258</run_address>
         <size>0x5</size>
         <input_file_ref idref="fl-20"/>
      </object_component>
      <object_component id="oc-139">
         <name>.cinit</name>
         <load_address>0x33b25d</load_address>
         <run_address>0x33b25d</run_address>
         <size>0x4</size>
         <input_file_ref idref="fl-2d"/>
      </object_component>
      <object_component id="oc-de">
         <name>.cinit</name>
         <load_address>0x33b261</load_address>
         <run_address>0x33b261</run_address>
         <size>0x4</size>
         <input_file_ref idref="fl-1c"/>
      </object_component>
      <object_component id="oc-161">
         <name>.cinit</name>
         <load_address>0x33b265</load_address>
         <run_address>0x33b265</run_address>
         <size>0x4</size>
         <input_file_ref idref="fl-35"/>
      </object_component>
      <object_component id="oc-204">
         <name>.text</name>
         <load_address>0x338000</load_address>
         <run_address>0x338000</run_address>
         <size>0xc06</size>
         <input_file_ref idref="fl-36"/>
      </object_component>
      <object_component id="oc-1eb">
         <name>.text</name>
         <load_address>0x338c06</load_address>
         <run_address>0x338c06</run_address>
         <size>0x7fe</size>
         <input_file_ref idref="fl-b"/>
      </object_component>
      <object_component id="oc-1ee">
         <name>.text</name>
         <load_address>0x339404</load_address>
         <run_address>0x339404</run_address>
         <size>0x2cc</size>
         <input_file_ref idref="fl-c"/>
      </object_component>
      <object_component id="oc-1f7">
         <name>.text</name>
         <load_address>0x3396d0</load_address>
         <run_address>0x3396d0</run_address>
         <size>0x267</size>
         <input_file_ref idref="fl-a"/>
      </object_component>
      <object_component id="oc-1f8">
         <name>.text</name>
         <load_address>0x339937</load_address>
         <run_address>0x339937</run_address>
         <size>0x226</size>
         <input_file_ref idref="fl-21"/>
      </object_component>
      <object_component id="oc-1ef">
         <name>.text</name>
         <load_address>0x339b5d</load_address>
         <run_address>0x339b5d</run_address>
         <size>0x206</size>
         <input_file_ref idref="fl-29"/>
      </object_component>
      <object_component id="oc-209">
         <name>.text</name>
         <load_address>0x339d63</load_address>
         <run_address>0x339d63</run_address>
         <size>0x1e0</size>
         <input_file_ref idref="fl-35"/>
      </object_component>
      <object_component id="oc-1f3">
         <name>.text</name>
         <load_address>0x339f43</load_address>
         <run_address>0x339f43</run_address>
         <size>0x1ba</size>
         <input_file_ref idref="fl-9"/>
      </object_component>
      <object_component id="oc-1cb">
         <name>.text</name>
         <load_address>0x33a0fd</load_address>
         <run_address>0x33a0fd</run_address>
         <size>0x107</size>
         <input_file_ref idref="fl-4a"/>
      </object_component>
      <object_component id="oc-1f9">
         <name>.text</name>
         <load_address>0x33a204</load_address>
         <run_address>0x33a204</run_address>
         <size>0x103</size>
         <input_file_ref idref="fl-1c"/>
      </object_component>
      <object_component id="oc-bc">
         <name>.text:retain</name>
         <load_address>0x33a307</load_address>
         <run_address>0x33a307</run_address>
         <size>0xe8</size>
         <input_file_ref idref="fl-c"/>
      </object_component>
      <object_component id="oc-203">
         <name>.text</name>
         <load_address>0x33a3ef</load_address>
         <run_address>0x33a3ef</run_address>
         <size>0xb4</size>
         <input_file_ref idref="fl-31"/>
      </object_component>
      <object_component id="oc-1e4">
         <name>.text</name>
         <load_address>0x33a4a3</load_address>
         <run_address>0x33a4a3</run_address>
         <size>0x9c</size>
         <input_file_ref idref="fl-4f"/>
      </object_component>
      <object_component id="oc-1fb">
         <name>.text</name>
         <load_address>0x33a540</load_address>
         <run_address>0x33a540</run_address>
         <size>0x94</size>
         <input_file_ref idref="fl-2b"/>
      </object_component>
      <object_component id="oc-18a">
         <name>.text</name>
         <load_address>0x33a5d4</load_address>
         <run_address>0x33a5d4</run_address>
         <size>0x8b</size>
         <input_file_ref idref="fl-3d"/>
      </object_component>
      <object_component id="oc-1fa">
         <name>.text</name>
         <load_address>0x33a65f</load_address>
         <run_address>0x33a65f</run_address>
         <size>0x8a</size>
         <input_file_ref idref="fl-24"/>
      </object_component>
      <object_component id="oc-e4">
         <name>.text</name>
         <load_address>0x33a6e9</load_address>
         <run_address>0x33a6e9</run_address>
         <size>0x88</size>
         <input_file_ref idref="fl-1d"/>
      </object_component>
      <object_component id="oc-18f">
         <name>.text</name>
         <load_address>0x33a771</load_address>
         <run_address>0x33a771</run_address>
         <size>0x83</size>
         <input_file_ref idref="fl-3e"/>
      </object_component>
      <object_component id="oc-20b">
         <name>.text</name>
         <load_address>0x33a7f4</load_address>
         <run_address>0x33a7f4</run_address>
         <size>0x76</size>
         <input_file_ref idref="fl-2f"/>
      </object_component>
      <object_component id="oc-1f5">
         <name>.text</name>
         <load_address>0x33a86a</load_address>
         <run_address>0x33a86a</run_address>
         <size>0x68</size>
         <input_file_ref idref="fl-1b"/>
      </object_component>
      <object_component id="oc-20a">
         <name>.text</name>
         <load_address>0x33a8d2</load_address>
         <run_address>0x33a8d2</run_address>
         <size>0x67</size>
         <input_file_ref idref="fl-32"/>
      </object_component>
      <object_component id="oc-1ed">
         <name>.text</name>
         <load_address>0x33a939</load_address>
         <run_address>0x33a939</run_address>
         <size>0x61</size>
         <input_file_ref idref="fl-18"/>
      </object_component>
      <object_component id="oc-208">
         <name>.text</name>
         <load_address>0x33a99a</load_address>
         <run_address>0x33a99a</run_address>
         <size>0x5f</size>
         <input_file_ref idref="fl-2e"/>
      </object_component>
      <object_component id="oc-1ec">
         <name>.text</name>
         <load_address>0x33a9f9</load_address>
         <run_address>0x33a9f9</run_address>
         <size>0x58</size>
         <input_file_ref idref="fl-25"/>
      </object_component>
      <object_component id="oc-202">
         <name>.text</name>
         <load_address>0x33aa51</load_address>
         <run_address>0x33aa51</run_address>
         <size>0x54</size>
         <input_file_ref idref="fl-30"/>
      </object_component>
      <object_component id="oc-57">
         <name>.text</name>
         <load_address>0x33aaa5</load_address>
         <run_address>0x33aaa5</run_address>
         <size>0x4b</size>
         <input_file_ref idref="fl-4"/>
      </object_component>
      <object_component id="oc-56">
         <name>.text</name>
         <load_address>0x33aaf0</load_address>
         <run_address>0x33aaf0</run_address>
         <size>0x46</size>
         <input_file_ref idref="fl-17"/>
      </object_component>
      <object_component id="oc-214">
         <name>.text</name>
         <load_address>0x33ab36</load_address>
         <run_address>0x33ab36</run_address>
         <size>0x3d</size>
         <input_file_ref idref="fl-45"/>
      </object_component>
      <object_component id="oc-201">
         <name>.text</name>
         <load_address>0x33ab73</load_address>
         <run_address>0x33ab73</run_address>
         <size>0x34</size>
         <input_file_ref idref="fl-1e"/>
      </object_component>
      <object_component id="oc-1f6">
         <name>.text</name>
         <load_address>0x33aba7</load_address>
         <run_address>0x33aba7</run_address>
         <size>0x34</size>
         <input_file_ref idref="fl-23"/>
      </object_component>
      <object_component id="oc-20e">
         <name>.text</name>
         <load_address>0x33abdb</load_address>
         <run_address>0x33abdb</run_address>
         <size>0x33</size>
         <input_file_ref idref="fl-3a"/>
      </object_component>
      <object_component id="oc-20f">
         <name>.text</name>
         <load_address>0x33ac0e</load_address>
         <run_address>0x33ac0e</run_address>
         <size>0x2e</size>
         <input_file_ref idref="fl-4b"/>
      </object_component>
      <object_component id="oc-185">
         <name>.text</name>
         <load_address>0x33ac3c</load_address>
         <run_address>0x33ac3c</run_address>
         <size>0x2a</size>
         <input_file_ref idref="fl-3c"/>
      </object_component>
      <object_component id="oc-ee">
         <name>.text</name>
         <load_address>0x33ac66</load_address>
         <run_address>0x33ac66</run_address>
         <size>0x2a</size>
         <input_file_ref idref="fl-1f"/>
      </object_component>
      <object_component id="oc-19e">
         <name>.text</name>
         <load_address>0x33ac90</load_address>
         <run_address>0x33ac90</run_address>
         <size>0x23</size>
         <input_file_ref idref="fl-41"/>
      </object_component>
      <object_component id="oc-1a3">
         <name>.text</name>
         <load_address>0x33acb3</load_address>
         <run_address>0x33acb3</run_address>
         <size>0x21</size>
         <input_file_ref idref="fl-42"/>
      </object_component>
      <object_component id="oc-1a8">
         <name>.text</name>
         <load_address>0x33acd4</load_address>
         <run_address>0x33acd4</run_address>
         <size>0x1f</size>
         <input_file_ref idref="fl-43"/>
      </object_component>
      <object_component id="oc-207">
         <name>.text</name>
         <load_address>0x33acf3</load_address>
         <run_address>0x33acf3</run_address>
         <size>0x1f</size>
         <input_file_ref idref="fl-28"/>
      </object_component>
      <object_component id="oc-1c6">
         <name>.text</name>
         <load_address>0x33ad12</load_address>
         <run_address>0x33ad12</run_address>
         <size>0x1e</size>
         <input_file_ref idref="fl-49"/>
      </object_component>
      <object_component id="oc-20d">
         <name>.text</name>
         <load_address>0x33ad30</load_address>
         <run_address>0x33ad30</run_address>
         <size>0x1e</size>
         <input_file_ref idref="fl-34"/>
      </object_component>
      <object_component id="oc-1bc">
         <name>.text</name>
         <load_address>0x33ad4e</load_address>
         <run_address>0x33ad4e</run_address>
         <size>0x1d</size>
         <input_file_ref idref="fl-47"/>
      </object_component>
      <object_component id="oc-1b7">
         <name>.text</name>
         <load_address>0x33ad6b</load_address>
         <run_address>0x33ad6b</run_address>
         <size>0x1c</size>
         <input_file_ref idref="fl-46"/>
      </object_component>
      <object_component id="oc-1d5">
         <name>.text</name>
         <load_address>0x33ad87</load_address>
         <run_address>0x33ad87</run_address>
         <size>0x1c</size>
         <input_file_ref idref="fl-4c"/>
      </object_component>
      <object_component id="oc-1f2">
         <name>.text</name>
         <load_address>0x33ada3</load_address>
         <run_address>0x33ada3</run_address>
         <size>0x1c</size>
         <input_file_ref idref="fl-22"/>
      </object_component>
      <object_component id="oc-1e9">
         <name>.text</name>
         <load_address>0x33adbf</load_address>
         <run_address>0x33adbf</run_address>
         <size>0x19</size>
         <input_file_ref idref="fl-2c"/>
      </object_component>
      <object_component id="oc-1ea">
         <name>.text</name>
         <load_address>0x33add8</load_address>
         <run_address>0x33add8</run_address>
         <size>0x19</size>
         <input_file_ref idref="fl-1a"/>
      </object_component>
      <object_component id="oc-1c1">
         <name>.text</name>
         <load_address>0x33adf1</load_address>
         <run_address>0x33adf1</run_address>
         <size>0x18</size>
         <input_file_ref idref="fl-48"/>
      </object_component>
      <object_component id="oc-210">
         <name>.text</name>
         <load_address>0x33ae09</load_address>
         <run_address>0x33ae09</run_address>
         <size>0x16</size>
         <input_file_ref idref="fl-44"/>
      </object_component>
      <object_component id="oc-aa">
         <name>.text:retain</name>
         <load_address>0x33ae1f</load_address>
         <run_address>0x33ae1f</run_address>
         <size>0x11</size>
         <input_file_ref idref="fl-a"/>
      </object_component>
      <object_component id="oc-20c">
         <name>.text</name>
         <load_address>0x33ae30</load_address>
         <run_address>0x33ae30</run_address>
         <size>0x11</size>
         <input_file_ref idref="fl-33"/>
      </object_component>
      <object_component id="oc-199">
         <name>.text</name>
         <load_address>0x33ae41</load_address>
         <run_address>0x33ae41</run_address>
         <size>0xe</size>
         <input_file_ref idref="fl-40"/>
      </object_component>
      <object_component id="oc-212">
         <name>.text</name>
         <load_address>0x33ae4f</load_address>
         <run_address>0x33ae4f</run_address>
         <size>0xe</size>
         <input_file_ref idref="fl-4d"/>
      </object_component>
      <object_component id="oc-211">
         <name>.text</name>
         <load_address>0x33ae5d</load_address>
         <run_address>0x33ae5d</run_address>
         <size>0xc</size>
         <input_file_ref idref="fl-4e"/>
      </object_component>
      <object_component id="oc-206">
         <name>.text</name>
         <load_address>0x33ae69</load_address>
         <run_address>0x33ae69</run_address>
         <size>0xc</size>
         <input_file_ref idref="fl-26"/>
      </object_component>
      <object_component id="oc-128">
         <name>.text</name>
         <load_address>0x33ae75</load_address>
         <run_address>0x33ae75</run_address>
         <size>0xb</size>
         <input_file_ref idref="fl-2a"/>
      </object_component>
      <object_component id="oc-a2">
         <name>.text:retain</name>
         <load_address>0x33ae80</load_address>
         <run_address>0x33ae80</run_address>
         <size>0xa</size>
         <input_file_ref idref="fl-9"/>
      </object_component>
      <object_component id="oc-205">
         <name>.text</name>
         <load_address>0x33ae8a</load_address>
         <run_address>0x33ae8a</run_address>
         <size>0xa</size>
         <input_file_ref idref="fl-27"/>
      </object_component>
      <object_component id="oc-200">
         <name>.text</name>
         <load_address>0x33ae94</load_address>
         <run_address>0x33ae94</run_address>
         <size>0x9</size>
         <input_file_ref idref="fl-20"/>
      </object_component>
      <object_component id="oc-194">
         <name>.text</name>
         <load_address>0x33ae9d</load_address>
         <run_address>0x33ae9d</run_address>
         <size>0x9</size>
         <input_file_ref idref="fl-3f"/>
      </object_component>
      <object_component id="oc-62">
         <name>.text</name>
         <load_address>0x33aea6</load_address>
         <run_address>0x33aea6</run_address>
         <size>0x8</size>
         <input_file_ref idref="fl-6"/>
      </object_component>
      <object_component id="oc-1fe">
         <name>.text</name>
         <load_address>0x33aeae</load_address>
         <run_address>0x33aeae</run_address>
         <size>0x8</size>
         <input_file_ref idref="fl-39"/>
      </object_component>
      <object_component id="oc-1ff">
         <name>.text</name>
         <load_address>0x33aeb6</load_address>
         <run_address>0x33aeb6</run_address>
         <size>0x5</size>
         <input_file_ref idref="fl-38"/>
      </object_component>
      <object_component id="oc-213">
         <name>.text</name>
         <load_address>0x33aebb</load_address>
         <run_address>0x33aebb</run_address>
         <size>0x3</size>
         <input_file_ref idref="fl-37"/>
      </object_component>
      <object_component id="oc-63">
         <name>codestart</name>
         <load_address>0x33fff6</load_address>
         <run_address>0x33fff6</run_address>
         <size>0x2</size>
         <input_file_ref idref="fl-6"/>
      </object_component>
      <object_component id="oc-b3">
         <name>ramfuncs:retain</name>
         <load_address>0x320000</load_address>
         <run_address>0x8000</run_address>
         <size>0x759</size>
         <input_file_ref idref="fl-b"/>
      </object_component>
      <object_component id="oc-1f4">
         <name>ramfuncs</name>
         <load_address>0x320759</load_address>
         <run_address>0x8759</run_address>
         <size>0x1b</size>
         <input_file_ref idref="fl-9"/>
      </object_component>
      <object_component id="oc-9c">
         <name>ramfuncs</name>
         <load_address>0x320774</load_address>
         <run_address>0x8774</run_address>
         <size>0x4</size>
         <input_file_ref idref="fl-8"/>
      </object_component>
      <object_component id="oc-c2">
         <name>.stack</name>
         <uninitialized>true</uninitialized>
         <run_address>0x450</run_address>
         <size>0x0</size>
         <input_file_ref idref="fl-17"/>
      </object_component>
      <object_component id="oc-276">
         <name>.stack</name>
         <uninitialized>true</uninitialized>
         <run_address>0x450</run_address>
         <size>0x0</size>
      </object_component>
      <object_component id="oc-a9">
         <name>.ebss</name>
         <uninitialized>true</uninitialized>
         <run_address>0xc480</run_address>
         <size>0x9a</size>
         <input_file_ref idref="fl-a"/>
      </object_component>
      <object_component id="oc-b2">
         <name>.ebss</name>
         <uninitialized>true</uninitialized>
         <run_address>0xc000</run_address>
         <size>0x2e4</size>
         <input_file_ref idref="fl-b"/>
      </object_component>
      <object_component id="oc-bb">
         <name>.ebss</name>
         <uninitialized>true</uninitialized>
         <run_address>0xc2e4</run_address>
         <size>0x18</size>
         <input_file_ref idref="fl-c"/>
      </object_component>
      <object_component id="oc-cf">
         <name>.ebss</name>
         <uninitialized>true</uninitialized>
         <run_address>0xc300</run_address>
         <size>0x160</size>
         <input_file_ref idref="fl-19"/>
      </object_component>
      <object_component id="oc-d3">
         <name>.ebss</name>
         <uninitialized>true</uninitialized>
         <run_address>0xc2fc</run_address>
         <size>0x4</size>
         <input_file_ref idref="fl-1a"/>
      </object_component>
      <object_component id="oc-df">
         <name>.ebss</name>
         <uninitialized>true</uninitialized>
         <run_address>0xc475</run_address>
         <size>0x1</size>
         <input_file_ref idref="fl-1c"/>
      </object_component>
      <object_component id="oc-1fc">
         <name>.ebss:__unlock</name>
         <uninitialized>true</uninitialized>
         <run_address>0xc472</run_address>
         <size>0x2</size>
         <input_file_ref idref="fl-20"/>
      </object_component>
      <object_component id="oc-1f0">
         <name>.ebss:__lock</name>
         <uninitialized>true</uninitialized>
         <run_address>0xc470</run_address>
         <size>0x2</size>
         <input_file_ref idref="fl-20"/>
      </object_component>
      <object_component id="oc-fa">
         <name>.ebss</name>
         <uninitialized>true</uninitialized>
         <run_address>0xc540</run_address>
         <size>0x88</size>
         <input_file_ref idref="fl-21"/>
      </object_component>
      <object_component id="oc-123">
         <name>.ebss</name>
         <uninitialized>true</uninitialized>
         <run_address>0xc468</run_address>
         <size>0x8</size>
         <input_file_ref idref="fl-29"/>
      </object_component>
      <object_component id="oc-13a">
         <name>.ebss</name>
         <uninitialized>true</uninitialized>
         <run_address>0xc474</run_address>
         <size>0x1</size>
         <input_file_ref idref="fl-2d"/>
      </object_component>
      <object_component id="oc-163">
         <name>.ebss</name>
         <uninitialized>true</uninitialized>
         <run_address>0xc460</run_address>
         <size>0x8</size>
         <input_file_ref idref="fl-35"/>
      </object_component>
      <object_component id="oc-162">
         <name>.esysmem</name>
         <uninitialized>true</uninitialized>
         <run_address>0x50</run_address>
         <size>0x1</size>
         <input_file_ref idref="fl-35"/>
      </object_component>
      <object_component id="oc-277">
         <name>.esysmem</name>
         <uninitialized>true</uninitialized>
         <run_address>0x50</run_address>
         <size>0x0</size>
      </object_component>
      <object_component id="oc-b4">
         <name>.econst:.string</name>
         <load_address>0x33b26c</load_address>
         <run_address>0x33b26c</run_address>
         <size>0x17e</size>
         <input_file_ref idref="fl-b"/>
      </object_component>
      <object_component id="oc-215">
         <name>.econst:.string:__ctypes_</name>
         <load_address>0x33b3ea</load_address>
         <run_address>0x33b3ea</run_address>
         <size>0x101</size>
         <input_file_ref idref="fl-3b"/>
      </object_component>
      <object_component id="oc-16a">
         <name>.econst:.string</name>
         <load_address>0x33b4ec</load_address>
         <run_address>0x33b4ec</run_address>
         <size>0x26</size>
         <input_file_ref idref="fl-36"/>
      </object_component>
      <object_component id="oc-ab">
         <name>.econst:.string</name>
         <load_address>0x33b512</load_address>
         <run_address>0x33b512</run_address>
         <size>0x24</size>
         <input_file_ref idref="fl-a"/>
      </object_component>
      <object_component id="oc-169">
         <name>.econst</name>
         <load_address>0x33b536</load_address>
         <run_address>0x33b536</run_address>
         <size>0x1c</size>
         <input_file_ref idref="fl-36"/>
      </object_component>
      <object_component id="oc-bd">
         <name>.econst:.string</name>
         <load_address>0x33b552</load_address>
         <run_address>0x33b552</run_address>
         <size>0xe</size>
         <input_file_ref idref="fl-c"/>
      </object_component>
      <object_component id="oc-14c">
         <name>.econst:.string</name>
         <load_address>0x33b560</load_address>
         <run_address>0x33b560</run_address>
         <size>0x2</size>
         <input_file_ref idref="fl-31"/>
      </object_component>
      <object_component id="oc-c3">
         <name>.reset</name>
         <load_address>0x3fffc0</load_address>
         <run_address>0x3fffc0</run_address>
         <size>0x2</size>
         <input_file_ref idref="fl-17"/>
      </object_component>
      <object_component id="oc-5d">
         <name>.adc_cal</name>
         <load_address>0x380080</load_address>
         <run_address>0x380080</run_address>
         <size>0x7</size>
         <input_file_ref idref="fl-5"/>
      </object_component>
      <object_component id="oc-58">
         <name>DLOG</name>
         <uninitialized>true</uninitialized>
         <run_address>0xc5c8</run_address>
         <size>0x320</size>
         <input_file_ref idref="fl-4"/>
      </object_component>
      <object_component id="oc-59">
         <name>.debug_info</name>
         <load_address>0x0</load_address>
         <run_address>0x0</run_address>
         <size>0x134</size>
         <input_file_ref idref="fl-4"/>
      </object_component>
      <object_component id="oc-5e">
         <name>.debug_info</name>
         <load_address>0x134</load_address>
         <run_address>0x134</run_address>
         <size>0x1af</size>
         <input_file_ref idref="fl-5"/>
      </object_component>
      <object_component id="oc-64">
         <name>.debug_info</name>
         <load_address>0x2e3</load_address>
         <run_address>0x2e3</run_address>
         <size>0x22a</size>
         <input_file_ref idref="fl-6"/>
      </object_component>
      <object_component id="oc-68">
         <name>.debug_info</name>
         <load_address>0x50d</load_address>
         <run_address>0x50d</run_address>
         <size>0x13411</size>
         <input_file_ref idref="fl-7"/>
      </object_component>
      <object_component id="oc-9d">
         <name>.debug_info</name>
         <load_address>0x1391e</load_address>
         <run_address>0x1391e</run_address>
         <size>0x12b</size>
         <input_file_ref idref="fl-8"/>
      </object_component>
      <object_component id="oc-a1">
         <name>.debug_info</name>
         <load_address>0x13a49</load_address>
         <run_address>0x13a49</run_address>
         <size>0x4920</size>
         <input_file_ref idref="fl-9"/>
      </object_component>
      <object_component id="oc-a7">
         <name>.debug_info</name>
         <load_address>0x18369</load_address>
         <run_address>0x18369</run_address>
         <size>0x4537</size>
         <input_file_ref idref="fl-a"/>
      </object_component>
      <object_component id="oc-b0">
         <name>.debug_info</name>
         <load_address>0x1c8a0</load_address>
         <run_address>0x1c8a0</run_address>
         <size>0xa625</size>
         <input_file_ref idref="fl-b"/>
      </object_component>
      <object_component id="oc-b9">
         <name>.debug_info</name>
         <load_address>0x26ec5</load_address>
         <run_address>0x26ec5</run_address>
         <size>0x4d37</size>
         <input_file_ref idref="fl-c"/>
      </object_component>
      <object_component id="oc-c4">
         <name>.debug_info</name>
         <load_address>0x2bbfc</load_address>
         <run_address>0x2bbfc</run_address>
         <size>0x112</size>
         <input_file_ref idref="fl-17"/>
      </object_component>
      <object_component id="oc-c8">
         <name>.debug_info</name>
         <load_address>0x2bd0e</load_address>
         <run_address>0x2bd0e</run_address>
         <size>0x3f7</size>
         <input_file_ref idref="fl-18"/>
      </object_component>
      <object_component id="oc-cd">
         <name>.debug_info</name>
         <load_address>0x2c105</load_address>
         <run_address>0x2c105</run_address>
         <size>0x2b1</size>
         <input_file_ref idref="fl-19"/>
      </object_component>
      <object_component id="oc-d1">
         <name>.debug_info</name>
         <load_address>0x2c3b6</load_address>
         <run_address>0x2c3b6</run_address>
         <size>0x4b9</size>
         <input_file_ref idref="fl-1a"/>
      </object_component>
      <object_component id="oc-d8">
         <name>.debug_info</name>
         <load_address>0x2c86f</load_address>
         <run_address>0x2c86f</run_address>
         <size>0x41d</size>
         <input_file_ref idref="fl-1b"/>
      </object_component>
      <object_component id="oc-dd">
         <name>.debug_info</name>
         <load_address>0x2cc8c</load_address>
         <run_address>0x2cc8c</run_address>
         <size>0x951</size>
         <input_file_ref idref="fl-1c"/>
      </object_component>
      <object_component id="oc-e5">
         <name>.debug_info</name>
         <load_address>0x2d5dd</load_address>
         <run_address>0x2d5dd</run_address>
         <size>0xf4</size>
         <input_file_ref idref="fl-1d"/>
      </object_component>
      <object_component id="oc-e9">
         <name>.debug_info</name>
         <load_address>0x2d6d1</load_address>
         <run_address>0x2d6d1</run_address>
         <size>0x40f</size>
         <input_file_ref idref="fl-1e"/>
      </object_component>
      <object_component id="oc-ef">
         <name>.debug_info</name>
         <load_address>0x2dae0</load_address>
         <run_address>0x2dae0</run_address>
         <size>0x18b</size>
         <input_file_ref idref="fl-1f"/>
      </object_component>
      <object_component id="oc-f3">
         <name>.debug_info</name>
         <load_address>0x2dc6b</load_address>
         <run_address>0x2dc6b</run_address>
         <size>0x4e3</size>
         <input_file_ref idref="fl-20"/>
      </object_component>
      <object_component id="oc-f8">
         <name>.debug_info</name>
         <load_address>0x2e14e</load_address>
         <run_address>0x2e14e</run_address>
         <size>0x13ac</size>
         <input_file_ref idref="fl-21"/>
      </object_component>
      <object_component id="oc-ff">
         <name>.debug_info</name>
         <load_address>0x2f4fa</load_address>
         <run_address>0x2f4fa</run_address>
         <size>0x408</size>
         <input_file_ref idref="fl-22"/>
      </object_component>
      <object_component id="oc-104">
         <name>.debug_info</name>
         <load_address>0x2f902</load_address>
         <run_address>0x2f902</run_address>
         <size>0x737</size>
         <input_file_ref idref="fl-23"/>
      </object_component>
      <object_component id="oc-109">
         <name>.debug_info</name>
         <load_address>0x30039</load_address>
         <run_address>0x30039</run_address>
         <size>0x5ff</size>
         <input_file_ref idref="fl-24"/>
      </object_component>
      <object_component id="oc-10e">
         <name>.debug_info</name>
         <load_address>0x30638</load_address>
         <run_address>0x30638</run_address>
         <size>0x409</size>
         <input_file_ref idref="fl-25"/>
      </object_component>
      <object_component id="oc-113">
         <name>.debug_info</name>
         <load_address>0x30a41</load_address>
         <run_address>0x30a41</run_address>
         <size>0x4c6</size>
         <input_file_ref idref="fl-26"/>
      </object_component>
      <object_component id="oc-118">
         <name>.debug_info</name>
         <load_address>0x30f07</load_address>
         <run_address>0x30f07</run_address>
         <size>0x4b6</size>
         <input_file_ref idref="fl-27"/>
      </object_component>
      <object_component id="oc-11d">
         <name>.debug_info</name>
         <load_address>0x313bd</load_address>
         <run_address>0x313bd</run_address>
         <size>0x4e2</size>
         <input_file_ref idref="fl-28"/>
      </object_component>
      <object_component id="oc-122">
         <name>.debug_info</name>
         <load_address>0x3189f</load_address>
         <run_address>0x3189f</run_address>
         <size>0xebf</size>
         <input_file_ref idref="fl-29"/>
      </object_component>
      <object_component id="oc-129">
         <name>.debug_info</name>
         <load_address>0x3275e</load_address>
         <run_address>0x3275e</run_address>
         <size>0x123</size>
         <input_file_ref idref="fl-2a"/>
      </object_component>
      <object_component id="oc-12d">
         <name>.debug_info</name>
         <load_address>0x32881</load_address>
         <run_address>0x32881</run_address>
         <size>0x59c</size>
         <input_file_ref idref="fl-2b"/>
      </object_component>
      <object_component id="oc-133">
         <name>.debug_info</name>
         <load_address>0x32e1d</load_address>
         <run_address>0x32e1d</run_address>
         <size>0x4b0</size>
         <input_file_ref idref="fl-2c"/>
      </object_component>
      <object_component id="oc-138">
         <name>.debug_info</name>
         <load_address>0x332cd</load_address>
         <run_address>0x332cd</run_address>
         <size>0x19d</size>
         <input_file_ref idref="fl-2d"/>
      </object_component>
      <object_component id="oc-13c">
         <name>.debug_info</name>
         <load_address>0x3346a</load_address>
         <run_address>0x3346a</run_address>
         <size>0x6ce</size>
         <input_file_ref idref="fl-2e"/>
      </object_component>
      <object_component id="oc-141">
         <name>.debug_info</name>
         <load_address>0x33b38</load_address>
         <run_address>0x33b38</run_address>
         <size>0x63a</size>
         <input_file_ref idref="fl-2f"/>
      </object_component>
      <object_component id="oc-146">
         <name>.debug_info</name>
         <load_address>0x34172</load_address>
         <run_address>0x34172</run_address>
         <size>0x65d</size>
         <input_file_ref idref="fl-30"/>
      </object_component>
      <object_component id="oc-14b">
         <name>.debug_info</name>
         <load_address>0x347cf</load_address>
         <run_address>0x347cf</run_address>
         <size>0x858</size>
         <input_file_ref idref="fl-31"/>
      </object_component>
      <object_component id="oc-151">
         <name>.debug_info</name>
         <load_address>0x35027</load_address>
         <run_address>0x35027</run_address>
         <size>0x5bb</size>
         <input_file_ref idref="fl-32"/>
      </object_component>
      <object_component id="oc-156">
         <name>.debug_info</name>
         <load_address>0x355e2</load_address>
         <run_address>0x355e2</run_address>
         <size>0x4d9</size>
         <input_file_ref idref="fl-33"/>
      </object_component>
      <object_component id="oc-15b">
         <name>.debug_info</name>
         <load_address>0x35abb</load_address>
         <run_address>0x35abb</run_address>
         <size>0x46d</size>
         <input_file_ref idref="fl-34"/>
      </object_component>
      <object_component id="oc-160">
         <name>.debug_info</name>
         <load_address>0x35f28</load_address>
         <run_address>0x35f28</run_address>
         <size>0xb01</size>
         <input_file_ref idref="fl-35"/>
      </object_component>
      <object_component id="oc-168">
         <name>.debug_info</name>
         <load_address>0x36a29</load_address>
         <run_address>0x36a29</run_address>
         <size>0x2685</size>
         <input_file_ref idref="fl-36"/>
      </object_component>
      <object_component id="oc-16f">
         <name>.debug_info</name>
         <load_address>0x390ae</load_address>
         <run_address>0x390ae</run_address>
         <size>0x41a</size>
         <input_file_ref idref="fl-37"/>
      </object_component>
      <object_component id="oc-174">
         <name>.debug_info</name>
         <load_address>0x394c8</load_address>
         <run_address>0x394c8</run_address>
         <size>0x4ba</size>
         <input_file_ref idref="fl-38"/>
      </object_component>
      <object_component id="oc-179">
         <name>.debug_info</name>
         <load_address>0x39982</load_address>
         <run_address>0x39982</run_address>
         <size>0x49f</size>
         <input_file_ref idref="fl-39"/>
      </object_component>
      <object_component id="oc-17e">
         <name>.debug_info</name>
         <load_address>0x39e21</load_address>
         <run_address>0x39e21</run_address>
         <size>0x436</size>
         <input_file_ref idref="fl-3a"/>
      </object_component>
      <object_component id="oc-183">
         <name>.debug_info</name>
         <load_address>0x3a257</load_address>
         <run_address>0x3a257</run_address>
         <size>0x1be</size>
         <input_file_ref idref="fl-3b"/>
      </object_component>
      <object_component id="oc-186">
         <name>.debug_info</name>
         <load_address>0x3a415</load_address>
         <run_address>0x3a415</run_address>
         <size>0x100</size>
         <input_file_ref idref="fl-3c"/>
      </object_component>
      <object_component id="oc-18b">
         <name>.debug_info</name>
         <load_address>0x3a515</load_address>
         <run_address>0x3a515</run_address>
         <size>0xf4</size>
         <input_file_ref idref="fl-3d"/>
      </object_component>
      <object_component id="oc-190">
         <name>.debug_info</name>
         <load_address>0x3a609</load_address>
         <run_address>0x3a609</run_address>
         <size>0xf4</size>
         <input_file_ref idref="fl-3e"/>
      </object_component>
      <object_component id="oc-195">
         <name>.debug_info</name>
         <load_address>0x3a6fd</load_address>
         <run_address>0x3a6fd</run_address>
         <size>0xf4</size>
         <input_file_ref idref="fl-3f"/>
      </object_component>
      <object_component id="oc-19a">
         <name>.debug_info</name>
         <load_address>0x3a7f1</load_address>
         <run_address>0x3a7f1</run_address>
         <size>0x102</size>
         <input_file_ref idref="fl-40"/>
      </object_component>
      <object_component id="oc-19f">
         <name>.debug_info</name>
         <load_address>0x3a8f3</load_address>
         <run_address>0x3a8f3</run_address>
         <size>0xfa</size>
         <input_file_ref idref="fl-41"/>
      </object_component>
      <object_component id="oc-1a4">
         <name>.debug_info</name>
         <load_address>0x3a9ed</load_address>
         <run_address>0x3a9ed</run_address>
         <size>0xf4</size>
         <input_file_ref idref="fl-42"/>
      </object_component>
      <object_component id="oc-1a9">
         <name>.debug_info</name>
         <load_address>0x3aae1</load_address>
         <run_address>0x3aae1</run_address>
         <size>0xf4</size>
         <input_file_ref idref="fl-43"/>
      </object_component>
      <object_component id="oc-1ad">
         <name>.debug_info</name>
         <load_address>0x3abd5</load_address>
         <run_address>0x3abd5</run_address>
         <size>0x3ff</size>
         <input_file_ref idref="fl-44"/>
      </object_component>
      <object_component id="oc-1b2">
         <name>.debug_info</name>
         <load_address>0x3afd4</load_address>
         <run_address>0x3afd4</run_address>
         <size>0x5a5</size>
         <input_file_ref idref="fl-45"/>
      </object_component>
      <object_component id="oc-1b8">
         <name>.debug_info</name>
         <load_address>0x3b579</load_address>
         <run_address>0x3b579</run_address>
         <size>0xfa</size>
         <input_file_ref idref="fl-46"/>
      </object_component>
      <object_component id="oc-1bd">
         <name>.debug_info</name>
         <load_address>0x3b673</load_address>
         <run_address>0x3b673</run_address>
         <size>0xf4</size>
         <input_file_ref idref="fl-47"/>
      </object_component>
      <object_component id="oc-1c2">
         <name>.debug_info</name>
         <load_address>0x3b767</load_address>
         <run_address>0x3b767</run_address>
         <size>0x15a</size>
         <input_file_ref idref="fl-48"/>
      </object_component>
      <object_component id="oc-1c7">
         <name>.debug_info</name>
         <load_address>0x3b8c1</load_address>
         <run_address>0x3b8c1</run_address>
         <size>0x130</size>
         <input_file_ref idref="fl-49"/>
      </object_component>
      <object_component id="oc-1cc">
         <name>.debug_info</name>
         <load_address>0x3b9f1</load_address>
         <run_address>0x3b9f1</run_address>
         <size>0x205</size>
         <input_file_ref idref="fl-4a"/>
      </object_component>
      <object_component id="oc-1d0">
         <name>.debug_info</name>
         <load_address>0x3bbf6</load_address>
         <run_address>0x3bbf6</run_address>
         <size>0x4e3</size>
         <input_file_ref idref="fl-4b"/>
      </object_component>
      <object_component id="oc-1d6">
         <name>.debug_info</name>
         <load_address>0x3c0d9</load_address>
         <run_address>0x3c0d9</run_address>
         <size>0xf4</size>
         <input_file_ref idref="fl-4c"/>
      </object_component>
      <object_component id="oc-1da">
         <name>.debug_info</name>
         <load_address>0x3c1cd</load_address>
         <run_address>0x3c1cd</run_address>
         <size>0x44f</size>
         <input_file_ref idref="fl-4d"/>
      </object_component>
      <object_component id="oc-1df">
         <name>.debug_info</name>
         <load_address>0x3c61c</load_address>
         <run_address>0x3c61c</run_address>
         <size>0x4d7</size>
         <input_file_ref idref="fl-4e"/>
      </object_component>
      <object_component id="oc-1e5">
         <name>.debug_info</name>
         <load_address>0x3caf3</load_address>
         <run_address>0x3caf3</run_address>
         <size>0xf4</size>
         <input_file_ref idref="fl-4f"/>
      </object_component>
      <object_component id="oc-278">
         <name>.debug_info</name>
         <load_address>0x3cbe7</load_address>
         <run_address>0x3cbe7</run_address>
         <size>0xe2</size>
      </object_component>
      <object_component id="oc-5a">
         <name>.debug_line</name>
         <load_address>0x0</load_address>
         <run_address>0x0</run_address>
         <size>0x7f</size>
         <input_file_ref idref="fl-4"/>
      </object_component>
      <object_component id="oc-5f">
         <name>.debug_line</name>
         <load_address>0x7f</load_address>
         <run_address>0x7f</run_address>
         <size>0x8b</size>
         <input_file_ref idref="fl-5"/>
      </object_component>
      <object_component id="oc-65">
         <name>.debug_line</name>
         <load_address>0x10a</load_address>
         <run_address>0x10a</run_address>
         <size>0xa3</size>
         <input_file_ref idref="fl-6"/>
      </object_component>
      <object_component id="oc-9e">
         <name>.debug_line</name>
         <load_address>0x1ad</load_address>
         <run_address>0x1ad</run_address>
         <size>0x48</size>
         <input_file_ref idref="fl-8"/>
      </object_component>
      <object_component id="oc-a4">
         <name>.debug_line</name>
         <load_address>0x1f5</load_address>
         <run_address>0x1f5</run_address>
         <size>0x1e7</size>
         <input_file_ref idref="fl-9"/>
      </object_component>
      <object_component id="oc-ad">
         <name>.debug_line</name>
         <load_address>0x3dc</load_address>
         <run_address>0x3dc</run_address>
         <size>0x29b</size>
         <input_file_ref idref="fl-a"/>
      </object_component>
      <object_component id="oc-b6">
         <name>.debug_line</name>
         <load_address>0x677</load_address>
         <run_address>0x677</run_address>
         <size>0x7d2</size>
         <input_file_ref idref="fl-b"/>
      </object_component>
      <object_component id="oc-bf">
         <name>.debug_line</name>
         <load_address>0xe49</load_address>
         <run_address>0xe49</run_address>
         <size>0x479</size>
         <input_file_ref idref="fl-c"/>
      </object_component>
      <object_component id="oc-c5">
         <name>.debug_line</name>
         <load_address>0x12c2</load_address>
         <run_address>0x12c2</run_address>
         <size>0x74</size>
         <input_file_ref idref="fl-17"/>
      </object_component>
      <object_component id="oc-ca">
         <name>.debug_line</name>
         <load_address>0x1336</load_address>
         <run_address>0x1336</run_address>
         <size>0x4c</size>
         <input_file_ref idref="fl-18"/>
      </object_component>
      <object_component id="oc-d5">
         <name>.debug_line</name>
         <load_address>0x1382</load_address>
         <run_address>0x1382</run_address>
         <size>0x65</size>
         <input_file_ref idref="fl-1a"/>
      </object_component>
      <object_component id="oc-da">
         <name>.debug_line</name>
         <load_address>0x13e7</load_address>
         <run_address>0x13e7</run_address>
         <size>0x4e</size>
         <input_file_ref idref="fl-1b"/>
      </object_component>
      <object_component id="oc-e1">
         <name>.debug_line</name>
         <load_address>0x1435</load_address>
         <run_address>0x1435</run_address>
         <size>0x14c</size>
         <input_file_ref idref="fl-1c"/>
      </object_component>
      <object_component id="oc-e6">
         <name>.debug_line</name>
         <load_address>0x1581</load_address>
         <run_address>0x1581</run_address>
         <size>0xad</size>
         <input_file_ref idref="fl-1d"/>
      </object_component>
      <object_component id="oc-eb">
         <name>.debug_line</name>
         <load_address>0x162e</load_address>
         <run_address>0x162e</run_address>
         <size>0x51</size>
         <input_file_ref idref="fl-1e"/>
      </object_component>
      <object_component id="oc-f0">
         <name>.debug_line</name>
         <load_address>0x167f</load_address>
         <run_address>0x167f</run_address>
         <size>0x8e</size>
         <input_file_ref idref="fl-1f"/>
      </object_component>
      <object_component id="oc-f5">
         <name>.debug_line</name>
         <load_address>0x170d</load_address>
         <run_address>0x170d</run_address>
         <size>0x5e</size>
         <input_file_ref idref="fl-20"/>
      </object_component>
      <object_component id="oc-fc">
         <name>.debug_line</name>
         <load_address>0x176b</load_address>
         <run_address>0x176b</run_address>
         <size>0x2ac</size>
         <input_file_ref idref="fl-21"/>
      </object_component>
      <object_component id="oc-101">
         <name>.debug_line</name>
         <load_address>0x1a17</load_address>
         <run_address>0x1a17</run_address>
         <size>0x41</size>
         <input_file_ref idref="fl-22"/>
      </object_component>
      <object_component id="oc-106">
         <name>.debug_line</name>
         <load_address>0x1a58</load_address>
         <run_address>0x1a58</run_address>
         <size>0x84</size>
         <input_file_ref idref="fl-23"/>
      </object_component>
      <object_component id="oc-10b">
         <name>.debug_line</name>
         <load_address>0x1adc</load_address>
         <run_address>0x1adc</run_address>
         <size>0xb6</size>
         <input_file_ref idref="fl-24"/>
      </object_component>
      <object_component id="oc-110">
         <name>.debug_line</name>
         <load_address>0x1b92</load_address>
         <run_address>0x1b92</run_address>
         <size>0x5f</size>
         <input_file_ref idref="fl-25"/>
      </object_component>
      <object_component id="oc-115">
         <name>.debug_line</name>
         <load_address>0x1bf1</load_address>
         <run_address>0x1bf1</run_address>
         <size>0x8e</size>
         <input_file_ref idref="fl-26"/>
      </object_component>
      <object_component id="oc-11a">
         <name>.debug_line</name>
         <load_address>0x1c7f</load_address>
         <run_address>0x1c7f</run_address>
         <size>0x8e</size>
         <input_file_ref idref="fl-27"/>
      </object_component>
      <object_component id="oc-11f">
         <name>.debug_line</name>
         <load_address>0x1d0d</load_address>
         <run_address>0x1d0d</run_address>
         <size>0x9c</size>
         <input_file_ref idref="fl-28"/>
      </object_component>
      <object_component id="oc-125">
         <name>.debug_line</name>
         <load_address>0x1da9</load_address>
         <run_address>0x1da9</run_address>
         <size>0x21f</size>
         <input_file_ref idref="fl-29"/>
      </object_component>
      <object_component id="oc-12a">
         <name>.debug_line</name>
         <load_address>0x1fc8</load_address>
         <run_address>0x1fc8</run_address>
         <size>0x4f</size>
         <input_file_ref idref="fl-2a"/>
      </object_component>
      <object_component id="oc-130">
         <name>.debug_line</name>
         <load_address>0x2017</load_address>
         <run_address>0x2017</run_address>
         <size>0xa7</size>
         <input_file_ref idref="fl-2b"/>
[...]
         <value>0x33949a</value>
         <object_component_ref idref="oc-1ee"/>
      </symbol>
      <symbol id="sm-387">
         <name>_sumCode</name>
         <value>0xc2e5</value>
         <object_component_ref idref="oc-bb"/>
      </symbol>
      <symbol id="sm-388">
         <name>_uartRxc_isr</name>
         <value>0x33a35d</value>
         <object_component_ref idref="oc-bc"/>
      </symbol>
      <symbol id="sm-389">
         <name>_my_rename</name>
         <value>0x339559</value>
         <object_component_ref idref="oc-1ee"/>
      </symbol>
      <symbol id="sm-38a">
         <name>_SCI_Init</name>
         <value>0x339404</value>
         <object_component_ref idref="oc-1ee"/>
      </symbol>
      <symbol id="sm-38b">
         <name>_open_uart_debug</name>
         <value>0x3394eb</value>
         <object_component_ref idref="oc-1ee"/>
      </symbol>
      <symbol id="sm-38c">
         <name>_my_read</name>
         <value>0x339528</value>
         <object_component_ref idref="oc-1ee"/>
      </symbol>
      <symbol id="sm-38d">
         <name>_uartRxB_isr</name>
         <value>0x33a3b3</value>
         <object_component_ref idref="oc-bc"/>
      </symbol>
      <symbol id="sm-38e">
         <name>_my_open</name>
         <value>0x33951c</value>
         <object_component_ref idref="oc-1ee"/>
      </symbol>
      <symbol id="sm-38f">
         <name>_resCode</name>
         <value>0xc2e4</value>
         <object_component_ref idref="oc-bb"/>
      </symbol>
      <symbol id="sm-390">
         <name>_uartRx_isr</name>
         <value>0x33a307</value>
         <object_component_ref idref="oc-bc"/>
      </symbol>
      <symbol id="sm-3ab">
         <name>_c_int00</name>
         <value>0x33aaf0</value>
         <object_component_ref idref="oc-56"/>
      </symbol>
      <symbol id="sm-3ac">
         <name>__stack</name>
         <value>0x450</value>
         <object_component_ref idref="oc-c2"/>
      </symbol>
      <symbol id="sm-3bb">
         <name>_cos</name>
         <value>0x33a939</value>
         <object_component_ref idref="oc-1ed"/>
      </symbol>
      <symbol id="sm-3c7">
         <name>___TI_ft_end</name>
         <value>0xc300</value>
         <object_component_ref idref="oc-cf"/>
      </symbol>
      <symbol id="sm-3c8">
         <name>___TI_tmpnams</name>
         <value>0xc3c0</value>
         <object_component_ref idref="oc-cf"/>
      </symbol>
      <symbol id="sm-3c9">
         <name>__ftable</name>
         <value>0xc340</value>
         <object_component_ref idref="oc-cf"/>
      </symbol>
      <symbol id="sm-3dd">
         <name>C$$EXIT</name>
         <value>0x33add8</value>
         <object_component_ref idref="oc-1ea"/>
      </symbol>
      <symbol id="sm-3de">
         <name>_exit</name>
         <value>0x33adda</value>
         <object_component_ref idref="oc-1ea"/>
      </symbol>
      <symbol id="sm-3df">
         <name>___TI_cleanup_ptr</name>
         <value>0xc2fc</value>
         <object_component_ref idref="oc-d3"/>
      </symbol>
      <symbol id="sm-3e0">
         <name>_abort</name>
         <value>0x33add8</value>
         <object_component_ref idref="oc-1ea"/>
      </symbol>
      <symbol id="sm-3e1">
         <name>___TI_dtors_ptr</name>
         <value>0xc2fe</value>
         <object_component_ref idref="oc-d3"/>
      </symbol>
      <symbol id="sm-3f2">
         <name>_exp</name>
         <value>0x33a86a</value>
         <object_component_ref idref="oc-1f5"/>
      </symbol>
      <symbol id="sm-429">
         <name>_fopen</name>
         <value>0x33a2ed</value>
         <object_component_ref idref="oc-1f9"/>
      </symbol>
      <symbol id="sm-42a">
         <name>___TI_cleanup</name>
         <value>0x33a27d</value>
         <object_component_ref idref="oc-1f9"/>
      </symbol>
      <symbol id="sm-42b">
         <name>_freopen</name>
         <value>0x33a29d</value>
         <object_component_ref idref="oc-1f9"/>
      </symbol>
      <symbol id="sm-43c">
         <name>FS$$DIV</name>
         <value>0x33a6e9</value>
         <object_component_ref idref="oc-e4"/>
      </symbol>
      <symbol id="sm-44f">
         <name>_ldexp</name>
         <value>0x33ab73</value>
         <object_component_ref idref="oc-201"/>
      </symbol>
      <symbol id="sm-45b">
         <name>UL$$MOD</name>
         <value>0x33ac8a</value>
         <object_component_ref idref="oc-ee"/>
      </symbol>
      <symbol id="sm-45c">
         <name>L$$MOD</name>
         <value>0x33ac75</value>
         <object_component_ref idref="oc-ee"/>
      </symbol>
      <symbol id="sm-45d">
         <name>L$$DIV</name>
         <value>0x33ac66</value>
         <object_component_ref idref="oc-ee"/>
      </symbol>
      <symbol id="sm-45e">
         <name>UL$$DIV</name>
         <value>0x33ac83</value>
         <object_component_ref idref="oc-ee"/>
      </symbol>
      <symbol id="sm-473">
         <name>__unlock</name>
         <value>0xc472</value>
         <object_component_ref idref="oc-1fc"/>
      </symbol>
      <symbol id="sm-474">
         <name>__lock</name>
         <value>0xc470</value>
         <object_component_ref idref="oc-1f0"/>
      </symbol>
      <symbol id="sm-475">
         <name>__register_lock</name>
         <value>0x33ae98</value>
         <object_component_ref idref="oc-200"/>
      </symbol>
      <symbol id="sm-476">
         <name>__nop</name>
         <value>0x33ae9c</value>
         <object_component_ref idref="oc-200"/>
      </symbol>
      <symbol id="sm-477">
         <name>__register_unlock</name>
         <value>0x33ae94</value>
         <object_component_ref idref="oc-200"/>
      </symbol>
      <symbol id="sm-4b2">
         <name>_add_device</name>
         <value>0x339ade</value>
         <object_component_ref idref="oc-1f8"/>
      </symbol>
      <symbol id="sm-4b3">
         <name>_rename</name>
         <value>0x3399ba</value>
         <object_component_ref idref="oc-1f8"/>
      </symbol>
      <symbol id="sm-4b4">
         <name>_read</name>
         <value>0x339a02</value>
         <object_component_ref idref="oc-1f8"/>
      </symbol>
      <symbol id="sm-4b5">
         <name>_unlink</name>
         <value>0x3399a1</value>
         <object_component_ref idref="oc-1f8"/>
      </symbol>
      <symbol id="sm-4b6">
         <name>_remove_device</name>
         <value>0x3399e8</value>
         <object_component_ref idref="oc-1f8"/>
      </symbol>
      <symbol id="sm-4b7">
         <name>_open</name>
         <value>0x339a1d</value>
         <object_component_ref idref="oc-1f8"/>
      </symbol>
      <symbol id="sm-4b8">
         <name>_lseek</name>
         <value>0x339a8f</value>
         <object_component_ref idref="oc-1f8"/>
      </symbol>
      <symbol id="sm-4b9">
         <name>_close</name>
         <value>0x339aa9</value>
         <object_component_ref idref="oc-1f8"/>
      </symbol>
      <symbol id="sm-4ba">
         <name>_write</name>
         <value>0x339937</value>
         <object_component_ref idref="oc-1f8"/>
      </symbol>
      <symbol id="sm-4ca">
         <name>_modf</name>
         <value>0x33ada3</value>
         <object_component_ref idref="oc-1f2"/>
      </symbol>
      <symbol id="sm-4db">
         <name>_printf</name>
         <value>0x33abad</value>
         <object_component_ref idref="oc-1f6"/>
      </symbol>
      <symbol id="sm-4f2">
         <name>_setvbuf</name>
         <value>0x33a65f</value>
         <object_component_ref idref="oc-1fa"/>
      </symbol>
      <symbol id="sm-500">
         <name>_sin</name>
         <value>0x33a9f9</value>
         <object_component_ref idref="oc-1ec"/>
      </symbol>
      <symbol id="sm-510">
         <name>_strchr</name>
         <value>0x33ae69</value>
         <object_component_ref idref="oc-206"/>
      </symbol>
      <symbol id="sm-51f">
         <name>_strcmp</name>
         <value>0x33ae8a</value>
         <object_component_ref idref="oc-205"/>
      </symbol>
      <symbol id="sm-530">
         <name>_strncpy</name>
         <value>0x33acf3</value>
         <object_component_ref idref="oc-207"/>
      </symbol>
      <symbol id="sm-544">
         <name>_HOSTopen</name>
         <value>0x339c63</value>
         <object_component_ref idref="oc-1ef"/>
      </symbol>
      <symbol id="sm-545">
         <name>_HOSTread</name>
         <value>0x339c26</value>
         <object_component_ref idref="oc-1ef"/>
      </symbol>
      <symbol id="sm-546">
         <name>_HOSTgetenv</name>
         <value>0x339ce8</value>
         <object_component_ref idref="oc-1ef"/>
      </symbol>
      <symbol id="sm-547">
         <name>_HOSTtime</name>
         <value>0x339bbb</value>
         <object_component_ref idref="oc-1ef"/>
      </symbol>
      <symbol id="sm-548">
         <name>_HOSTrename</name>
         <value>0x339be6</value>
         <object_component_ref idref="oc-1ef"/>
      </symbol>
      <symbol id="sm-549">
         <name>_HOSTclock</name>
         <value>0x339d38</value>
         <object_component_ref idref="oc-1ef"/>
      </symbol>
      <symbol id="sm-54a">
         <name>_HOSTwrite</name>
         <value>0x339b5d</value>
         <object_component_ref idref="oc-1ef"/>
      </symbol>
      <symbol id="sm-54b">
         <name>_HOSTlseek</name>
         <value>0x339ca1</value>
         <object_component_ref idref="oc-1ef"/>
      </symbol>
      <symbol id="sm-54c">
         <name>_HOSTunlink</name>
         <value>0x339b93</value>
         <object_component_ref idref="oc-1ef"/>
      </symbol>
      <symbol id="sm-54d">
         <name>_HOSTclose</name>
         <value>0x339d10</value>
         <object_component_ref idref="oc-1ef"/>
      </symbol>
      <symbol id="sm-559">
         <name>U$$MOD</name>
         <value>0x33ae7a</value>
         <object_component_ref idref="oc-128"/>
      </symbol>
      <symbol id="sm-55a">
         <name>U$$DIV</name>
         <value>0x33ae75</value>
         <object_component_ref idref="oc-128"/>
      </symbol>
      <symbol id="sm-574">
         <name>___TI_readmsg</name>
         <value>0x33a598</value>
         <object_component_ref idref="oc-1fb"/>
      </symbol>
      <symbol id="sm-575">
         <name>C$$IO$$</name>
         <value>0x33a593</value>
         <object_component_ref idref="oc-1fb"/>
      </symbol>
      <symbol id="sm-576">
         <name>__CIOBUF_</name>
         <value>0xc900</value>
         <object_component_ref idref="oc-12e"/>
      </symbol>
      <symbol id="sm-577">
         <name>___TI_writemsg</name>
         <value>0x33a540</value>
         <object_component_ref idref="oc-1fb"/>
      </symbol>
      <symbol id="sm-587">
         <name>__args_main</name>
         <value>0x33adbf</value>
         <object_component_ref idref="oc-1e9"/>
      </symbol>
      <symbol id="sm-592">
         <name>_errno</name>
         <value>0xc474</value>
         <object_component_ref idref="oc-13a"/>
      </symbol>
      <symbol id="sm-5a4">
         <name>___TI_closefile</name>
         <value>0x33a99a</value>
         <object_component_ref idref="oc-208"/>
      </symbol>
      <symbol id="sm-5a5">
         <name>_fclose</name>
         <value>0x33a9de</value>
         <object_component_ref idref="oc-208"/>
      </symbol>
      <symbol id="sm-5bc">
         <name>___TI_doflush</name>
         <value>0x33a7f4</value>
         <object_component_ref idref="oc-20b"/>
      </symbol>
      <symbol id="sm-5bd">
         <name>_fflush</name>
         <value>0x33a824</value>
         <object_component_ref idref="oc-20b"/>
      </symbol>
      <symbol id="sm-5d1">
         <name>_putchar</name>
         <value>0x33aaa0</value>
         <object_component_ref idref="oc-202"/>
      </symbol>
      <symbol id="sm-5d2">
         <name>_putc</name>
         <value>0x33aa51</value>
         <object_component_ref idref="oc-202"/>
      </symbol>
      <symbol id="sm-5d3">
         <name>_fputc</name>
         <value>0x33aa51</value>
         <object_component_ref idref="oc-202"/>
      </symbol>
      <symbol id="sm-5f1">
         <name>_puts</name>
         <value>0x33a490</value>
         <object_component_ref idref="oc-203"/>
      </symbol>
      <symbol id="sm-5f2">
         <name>_fputs</name>
         <value>0x33a3ef</value>
         <object_component_ref idref="oc-203"/>
      </symbol>
      <symbol id="sm-60a">
         <name>___TI_rd_ok</name>
         <value>0x33a90d</value>
         <object_component_ref idref="oc-20a"/>
      </symbol>
      <symbol id="sm-60b">
         <name>___TI_wrt_ok</name>
         <value>0x33a8d2</value>
         <object_component_ref idref="oc-20a"/>
      </symbol>
      <symbol id="sm-61b">
         <name>_memchr</name>
         <value>0x33ae30</value>
         <object_component_ref idref="oc-20c"/>
      </symbol>
      <symbol id="sm-62d">
         <name>_memcpy</name>
         <value>0x33ad30</value>
         <object_component_ref idref="oc-20d"/>
      </symbol>
      <symbol id="sm-675">
         <name>__sys_memory</name>
         <value>0x50</value>
         <object_component_ref idref="oc-162"/>
      </symbol>
      <symbol id="sm-676">
         <name>_chkheap</name>
         <value>0x339f2a</value>
         <object_component_ref idref="oc-209"/>
      </symbol>
      <symbol id="sm-677">
         <name>_realloc</name>
         <value>0x339e2f</value>
         <object_component_ref idref="oc-209"/>
      </symbol>
      <symbol id="sm-678">
         <name>_free_memory</name>
         <value>0x339f0c</value>
         <object_component_ref idref="oc-209"/>
      </symbol>
      <symbol id="sm-679">
         <name>_max_free</name>
         <value>0x339ee9</value>
         <object_component_ref idref="oc-209"/>
      </symbol>
      <symbol id="sm-67a">
         <name>_free</name>
         <value>0x339d63</value>
         <object_component_ref idref="oc-209"/>
      </symbol>
      <symbol id="sm-67b">
         <name>_calloc</name>
         <value>0x339f2c</value>
         <object_component_ref idref="oc-209"/>
      </symbol>
      <symbol id="sm-67c">
         <name>_malloc</name>
         <value>0x339dce</value>
         <object_component_ref idref="oc-209"/>
      </symbol>
      <symbol id="sm-67d">
         <name>_minit</name>
         <value>0x339da9</value>
         <object_component_ref idref="oc-209"/>
      </symbol>
      <symbol id="sm-7aa">
         <name>___TI_printfi</name>
         <value>0x338b01</value>
         <object_component_ref idref="oc-204"/>
      </symbol>
      <symbol id="sm-7b7">
         <name>_remove</name>
         <value>0x33aebb</value>
         <object_component_ref idref="oc-213"/>
      </symbol>
      <symbol id="sm-7c5">
         <name>_strcpy</name>
         <value>0x33aeb6</value>
         <object_component_ref idref="oc-1ff"/>
      </symbol>
      <symbol id="sm-7d3">
         <name>_strlen</name>
         <value>0x33aeae</value>
         <object_component_ref idref="oc-1fe"/>
      </symbol>
      <symbol id="sm-7e8">
         <name>_atoi</name>
         <value>0x33abdb</value>
         <object_component_ref idref="oc-20e"/>
      </symbol>
      <symbol id="sm-7f1">
         <name>__ctypes_</name>
         <value>0x33b3ea</value>
         <object_component_ref idref="oc-215"/>
      </symbol>
      <symbol id="sm-801">
         <name>FD$$CMP</name>
         <value>0x33ac3c</value>
         <object_component_ref idref="oc-185"/>
      </symbol>
      <symbol id="sm-818">
         <name>FD$$DIV</name>
         <value>0x33a5d4</value>
         <object_component_ref idref="oc-18a"/>
      </symbol>
      <symbol id="sm-82a">
         <name>FD$$MPY</name>
         <value>0x33a771</value>
         <object_component_ref idref="oc-18f"/>
      </symbol>
      <symbol id="sm-837">
         <name>FD$$NEG</name>
         <value>0x33ae9d</value>
         <object_component_ref idref="oc-194"/>
      </symbol>
      <symbol id="sm-843">
         <name>FD$$SUB</name>
         <value>0x33ae41</value>
         <object_component_ref idref="oc-199"/>
      </symbol>
      <symbol id="sm-853">
         <name>FD$$TOFS</name>
         <value>0x33ac90</value>
         <object_component_ref idref="oc-19e"/>
      </symbol>
      <symbol id="sm-862">
         <name>FD$$TOI</name>
         <value>0x33acb3</value>
         <object_component_ref idref="oc-1a3"/>
      </symbol>
      <symbol id="sm-871">
         <name>FD$$TOL</name>
         <value>0x33acd4</value>
         <object_component_ref idref="oc-1a8"/>
      </symbol>
      <symbol id="sm-881">
         <name>_frexp</name>
         <value>0x33ae09</value>
         <object_component_ref idref="oc-210"/>
      </symbol>
      <symbol id="sm-892">
         <name>_fseek</name>
         <value>0x33ab36</value>
         <object_component_ref idref="oc-214"/>
      </symbol>
      <symbol id="sm-8a2">
         <name>FS$$TOFD</name>
         <value>0x33ad6b</value>
         <object_component_ref idref="oc-1b7"/>
      </symbol>
      <symbol id="sm-8b2">
         <name>I$$TOFD</name>
         <value>0x33ad4e</value>
         <object_component_ref idref="oc-1bc"/>
      </symbol>
      <symbol id="sm-8be">
         <name>LL$$AND</name>
         <value>0x33adf1</value>
         <object_component_ref idref="oc-1c1"/>
      </symbol>
      <symbol id="sm-8bf">
         <name>LL$$OR</name>
         <value>0x33adf9</value>
         <object_component_ref idref="oc-1c1"/>
      </symbol>
      <symbol id="sm-8c0">
         <name>LL$$XOR</name>
         <value>0x33ae01</value>
         <object_component_ref idref="oc-1c1"/>
      </symbol>
      <symbol id="sm-8ce">
         <name>ULL$$CMP</name>
         <value>0x33ad24</value>
         <object_component_ref idref="oc-1c6"/>
      </symbol>
      <symbol id="sm-8cf">
         <name>LL$$CMP</name>
         <value>0x33ad12</value>
         <object_component_ref idref="oc-1c6"/>
      </symbol>
      <symbol id="sm-8fb">
         <name>ULL$$MOD</name>
         <value>0x33a1a2</value>
         <object_component_ref idref="oc-1cb"/>
      </symbol>
      <symbol id="sm-8fc">
         <name>ULL$$DIV</name>
         <value>0x33a173</value>
         <object_component_ref idref="oc-1cb"/>
      </symbol>
      <symbol id="sm-8fd">
         <name>LL$$MOD</name>
         <value>0x33a139</value>
         <object_component_ref idref="oc-1cb"/>
      </symbol>
      <symbol id="sm-8fe">
         <name>LL$$DIV</name>
         <value>0x33a0fd</value>
         <object_component_ref idref="oc-1cb"/>
      </symbol>
      <symbol id="sm-90d">
         <name>_ltoa</name>
         <value>0x33ac0e</value>
         <object_component_ref idref="oc-20f"/>
      </symbol>
      <symbol id="sm-91d">
         <name>L$$TOFD</name>
         <value>0x33ad87</value>
         <object_component_ref idref="oc-1d5"/>
      </symbol>
      <symbol id="sm-92d">
         <name>_memccpy</name>
         <value>0x33ae4f</value>
         <object_component_ref idref="oc-212"/>
      </symbol>
      <symbol id="sm-93c">
         <name>_memset</name>
         <value>0x33ae5d</value>
         <object_component_ref idref="oc-211"/>
      </symbol>
      <symbol id="sm-957">
         <name>FD$$ADD</name>
         <value>0x33a4a3</value>
         <object_component_ref idref="oc-1e4"/>
      </symbol>
   </symbol_table>
   <title>Link successful</title>
</link_info>
