******************************************************************************
             TMS320C2000 Linker PC v6.4.2                      
******************************************************************************
>> Linked Thu May 08 23:16:22 2025

OUTPUT FILE NAME:   <HVPM_DSP28335_Motor_PMSM_Sensor_24V100W.out>
ENTRY POINT SYMBOL: "_c_int00"  address: 0033aaf0


MEMORY CONFIGURATION

         name            origin    length      used     unused   attr    fill
----------------------  --------  ---------  --------  --------  ----  --------
PAGE 0:
  ZONE0                 00004000   00001000  00000000  00001000  RWIX
  RAML0                 00008000   00001000  00000778  00000888  RWIX
  RAML1                 00009000   00001000  00000000  00001000  RWIX
  RAML2                 0000a000   00001000  00000000  00001000  RWIX
  RAML3                 0000b000   00001000  00000000  00001000  RWIX
  ZONE6                 00100000   00100000  00000000  00100000  RWIX
  ZONE7A                00200000   0000fc00  00000000  0000fc00  RWIX
  FLASHH                00300000   00008000  00000000  00008000  RWIX
  FLASHG                00308000   00008000  00000000  00008000  RWIX
  FLASHF                00310000   00008000  00000000  00008000  RWIX
  FLASHE                00318000   00008000  00000000  00008000  RWIX
  FLASHD                00320000   00008000  00000778  00007888  RWIX
  FLASHC                00328000   00008000  00000000  00008000  RWIX
  FLASHA                00338000   00007f80  00003561  00004a1f  RWIX
  CSM_RSVD              0033ff80   00000076  00000000  00000076  RWIX
  BEGIN                 0033fff6   00000002  00000002  00000000  RWIX
  CSM_PWL               0033fff8   00000008  00000000  00000008  RWIX
  ADC_CAL               00380080   00000009  00000007  00000002  RWIX
  OTP                   00380400   00000400  00000000  00000400  RWIX
  IQTABLES              003fe000   00000b50  00000000  00000b50  RWIX
  IQTABLES2             003feb50   0000008c  00000000  0000008c  RWIX
  FPUTABLES             003febdc   000006a0  00000000  000006a0  RWIX
  ROM                   003ff27c   00000d44  00000000  00000d44  RWIX
  RESET                 003fffc0   00000002  00000000  00000002  RWIX
  VECTORS               003fffc2   0000003e  00000000  0000003e  RWIX

PAGE 1:
  BOOT_RSVD             00000000   00000050  00000000  00000050  RWIX
  RAMM01                00000050   000007b0  00000780  00000030  RWIX
  DEV_EMU               00000880   00000180  000000d0  000000b0  RWIX
  FLASH_REGS            00000a80   00000060  00000008  00000058  RWIX
  CSM                   00000ae0   00000010  00000010  00000000  RWIX
  ADC_MIRROR            00000b00   00000010  00000010  00000000  RWIX
  XINTF                 00000b20   00000020  0000001e  00000002  RWIX
  CPU_TIMER0            00000c00   00000008  00000008  00000000  RWIX
  CPU_TIMER1            00000c08   00000008  00000008  00000000  RWIX
  CPU_TIMER2            00000c10   00000008  00000008  00000000  RWIX
  PIE_CTRL              00000ce0   00000020  0000001a  00000006  RWIX
  PIE_VECT              00000d00   00000100  00000100  00000000  RWIX
  DMA                   00001000   00000200  000000e0  00000120  RWIX
  MCBSPA                00005000   00000040  00000025  0000001b  RWIX
  MCBSPB                00005040   00000040  00000025  0000001b  RWIX
  ECANA                 00006000   00000040  00000034  0000000c  RWIX
  ECANA_LAM             00006040   00000040  00000040  00000000  RWIX
  ECANA_MOTS            00006080   00000040  00000040  00000000  RWIX
  ECANA_MOTO            000060c0   00000040  00000040  00000000  RWIX
  ECANA_MBOX            00006100   00000100  00000100  00000000  RWIX
  ECANB                 00006200   00000040  00000034  0000000c  RWIX
  ECANB_LAM             00006240   00000040  00000040  00000000  RWIX
  ECANB_MOTS            00006280   00000040  00000040  00000000  RWIX
  ECANB_MOTO            000062c0   00000040  00000040  00000000  RWIX
  ECANB_MBOX            00006300   00000100  00000100  00000000  RWIX
  EPWM1                 00006800   00000022  00000022  00000000  RWIX
  EPWM2                 00006840   00000022  00000022  00000000  RWIX
  EPWM3                 00006880   00000022  00000022  00000000  RWIX
  EPWM4                 000068c0   00000022  00000022  00000000  RWIX
  EPWM5                 00006900   00000022  00000022  00000000  RWIX
  EPWM6                 00006940   00000022  00000022  00000000  RWIX
  ECAP1                 00006a00   00000020  00000020  00000000  RWIX
  ECAP2                 00006a20   00000020  00000020  00000000  RWIX
  ECAP3                 00006a40   00000020  00000020  00000000  RWIX
  ECAP4                 00006a60   00000020  00000020  00000000  RWIX
  ECAP5                 00006a80   00000020  00000020  00000000  RWIX
  ECAP6                 00006aa0   00000020  00000020  00000000  RWIX
  EQEP1                 00006b00   00000040  00000040  00000000  RWIX
  EQEP2                 00006b40   00000040  00000040  00000000  RWIX
  GPIOCTRL              00006f80   00000040  0000002e  00000012  RWIX
  GPIODAT               00006fc0   00000020  00000020  00000000  RWIX
  GPIOINT               00006fe0   00000020  0000000a  00000016  RWIX
  SYSTEM                00007010   00000020  00000020  00000000  RWIX
  SPIA                  00007040   00000010  00000010  00000000  RWIX
  SCIA                  00007050   00000010  00000010  00000000  RWIX
  XINTRUPT              00007070   00000010  00000010  00000000  RWIX
  ADC                   00007100   00000020  0000001e  00000002  RWIX
  SCIB                  00007750   00000010  00000010  00000000  RWIX
  SCIC                  00007770   00000010  00000010  00000000  RWIX
  I2CA                  00007900   00000040  00000022  0000001e  RWIX
  RAML4                 0000c000   00001000  00000a08  000005f8  RWIX
  RAML5                 0000d000   00001000  00000000  00001000  RWIX
  RAML6                 0000e000   00001000  00000000  00001000  RWIX
  RAML7                 0000f000   00001000  00000000  00001000  RWIX
  ZONE7B                0020fc00   00000400  00000000  00000400  RWIX
  FLASHB                00330000   00008000  00000000  00008000  RWIX
  CSM_PWL               0033fff8   00000008  00000008  00000000  RWIX
  PARTID                00380090   00000001  00000001  00000000  RWIX


SECTION ALLOCATION MAP

 output                                  attributes/
section   page    origin      length       input sections
--------  ----  ----------  ----------   ----------------
ramfuncs   0    00320000    00000778     RUN ADDR = 00008000
                  00320000    00000759     main.obj (ramfuncs:retain)
                  00320759    0000001b     HVPM_Sensorless-DevInit_F2833x.obj (ramfuncs)
                  00320774    00000004     DSP2833x_usDelay.obj (ramfuncs)

.text      0    00338000    00002ebe     
                  00338000    00000c06     rts2800_fpu32.lib : _printfi.obj (.text)
                  00338c06    000007fe     main.obj (.text)
                  00339404    000002cc     sci_base.obj (.text)
                  003396d0    00000267     TM1650_IIC.obj (.text)
                  00339937    00000226     rts2800_fpu32.lib : lowlev.obj (.text)
                  00339b5d    00000206                       : trgdrv.obj (.text)
                  00339d63    000001e0                       : memory.obj (.text)
                  00339f43    000001ba     HVPM_Sensorless-DevInit_F2833x.obj (.text)
                  0033a0fd    00000107     rts2800_fpu32.lib : ll_div.obj (.text)
                  0033a204    00000103                       : fopen.obj (.text)
                  0033a307    000000e8     sci_base.obj (.text:retain)
                  0033a3ef    000000b4     rts2800_fpu32.lib : fputs.obj (.text)
                  0033a4a3    0000009c                       : fd_add.obj (.text)
                  0033a53f    00000001     --HOLE-- [fill = 0]
                  0033a540    00000094                       : ankmsg.obj (.text)
                  0033a5d4    0000008b                       : fd_div.obj (.text)
                  0033a65f    0000008a                       : setvbuf.obj (.text)
                  0033a6e9    00000088                       : fs_div.obj (.text)
                  0033a771    00000083                       : fd_mpy.obj (.text)
                  0033a7f4    00000076                       : fflush.obj (.text)
                  0033a86a    00000068                       : exp.obj (.text)
                  0033a8d2    00000067                       : _io_perm.obj (.text)
                  0033a939    00000061                       : cos.obj (.text)
                  0033a99a    0000005f                       : fclose.obj (.text)
                  0033a9f9    00000058                       : sin.obj (.text)
                  0033aa51    00000054                       : fputc.obj (.text)
                  0033aaa5    0000004b     DLOG4CHC.obj (.text)
                  0033aaf0    00000046     rts2800_fpu32.lib : boot.obj (.text)
                  0033ab36    0000003d                       : fseek.obj (.text)
                  0033ab73    00000034                       : ldexp.obj (.text)
                  0033aba7    00000034                       : printf.obj (.text)
                  0033abdb    00000033                       : atoi.obj (.text)
                  0033ac0e    0000002e                       : ltoa.obj (.text)
                  0033ac3c    0000002a                       : fd_cmp.obj (.text)
                  0033ac66    0000002a                       : l_div.obj (.text)
                  0033ac90    00000023                       : fd_tofs.obj (.text)
                  0033acb3    00000021                       : fd_toi.obj (.text)
                  0033acd4    0000001f                       : fd_tol.obj (.text)
                  0033acf3    0000001f                       : strncpy.obj (.text)
                  0033ad12    0000001e                       : ll_cmp.obj (.text)
                  0033ad30    0000001e                       : memcpy.obj (.text)
                  0033ad4e    0000001d                       : i_tofd.obj (.text)
                  0033ad6b    0000001c                       : fs_tofd.obj (.text)
                  0033ad87    0000001c                       : l_tofd.obj (.text)
                  0033ada3    0000001c                       : modf.obj (.text)
                  0033adbf    00000019                       : args_main.obj (.text)
                  0033add8    00000019                       : exit.obj (.text)
                  0033adf1    00000018                       : ll_aox.obj (.text)
                  0033ae09    00000016                       : frexp.obj (.text)
                  0033ae1f    00000011     TM1650_IIC.obj (.text:retain)
                  0033ae30    00000011     rts2800_fpu32.lib : memchr.obj (.text)
                  0033ae41    0000000e                       : fd_sub.obj (.text)
                  0033ae4f    0000000e                       : memccpy.obj (.text)
                  0033ae5d    0000000c                       : memset.obj (.text)
                  0033ae69    0000000c                       : strchr.obj (.text)
                  0033ae75    0000000b                       : u_div.obj (.text)
                  0033ae80    0000000a     HVPM_Sensorless-DevInit_F2833x.obj (.text:retain)
                  0033ae8a    0000000a     rts2800_fpu32.lib : strcmp.obj (.text)
                  0033ae94    00000009                       : _lock.obj (.text)
                  0033ae9d    00000009                       : fd_neg.obj (.text)
                  0033aea6    00000008     DSP2833x_CodeStartBranch.obj (.text)
                  0033aeae    00000008     rts2800_fpu32.lib : strlen.obj (.text)
                  0033aeb6    00000005                       : strcpy.obj (.text)
                  0033aebb    00000003                       : remove.obj (.text)

.cinit     0    0033aebe    000003ad     
                  0033aebe    000002d2     main.obj (.cinit)
                  0033b190    00000052     TM1650_IIC.obj (.cinit)
                  0033b1e2    00000031     rts2800_fpu32.lib : lowlev.obj (.cinit)
                  0033b213    0000002a                       : defs.obj (.cinit)
                  0033b23d    0000000c     sci_base.obj (.cinit)
                  0033b249    0000000a     rts2800_fpu32.lib : exit.obj (.cinit)
                  0033b253    00000005                       : _lock.obj (.cinit:__lock)
                  0033b258    00000005                       : _lock.obj (.cinit:__unlock)
                  0033b25d    00000004                       : errno.obj (.cinit)
                  0033b261    00000004                       : fopen.obj (.cinit)
                  0033b265    00000004                       : memory.obj (.cinit)
                  0033b269    00000002     --HOLE-- [fill = 0]

.econst    0    0033b26c    000002f6     
                  0033b26c    0000017e     main.obj (.econst:.string)
                  0033b3ea    00000101     rts2800_fpu32.lib : ctype.obj (.econst:.string:__ctypes_)
                  0033b4eb    00000001     --HOLE-- [fill = 0]
                  0033b4ec    00000026                       : _printfi.obj (.econst:.string)
                  0033b512    00000024     TM1650_IIC.obj (.econst:.string)
                  0033b536    0000001c     rts2800_fpu32.lib : _printfi.obj (.econst)
                  0033b552    0000000e     sci_base.obj (.econst:.string)
                  0033b560    00000002     rts2800_fpu32.lib : fputs.obj (.econst:.string)

codestart 
*          0    0033fff6    00000002     
                  0033fff6    00000002     DSP2833x_CodeStartBranch.obj (codestart)

.adc_cal   0    00380080    00000007     NOLOAD SECTION
                  00380080    00000007     DSP2833x_ADC_cal.obj (.adc_cal)

.esysmem   1    00000050    00000400     UNINITIALIZED
                  00000050    00000001     rts2800_fpu32.lib : memory.obj (.esysmem)
                  00000051    000003ff     --HOLE--

.stack     1    00000450    00000380     UNINITIALIZED
                  00000450    00000380     --HOLE--

DevEmuRegsFile 
*          1    00000880    000000d0     UNINITIALIZED
                  00000880    000000d0     DSP2833x_GlobalVariableDefs.obj (DevEmuRegsFile)

FlashRegsFile 
*          1    00000a80    00000008     UNINITIALIZED
                  00000a80    00000008     DSP2833x_GlobalVariableDefs.obj (FlashRegsFile)

CsmRegsFile 
*          1    00000ae0    00000010     UNINITIALIZED
                  00000ae0    00000010     DSP2833x_GlobalVariableDefs.obj (CsmRegsFile)

AdcMirrorFile 
*          1    00000b00    00000010     UNINITIALIZED
                  00000b00    00000010     DSP2833x_GlobalVariableDefs.obj (AdcMirrorFile)

XintfRegsFile 
*          1    00000b20    0000001e     UNINITIALIZED
                  00000b20    0000001e     DSP2833x_GlobalVariableDefs.obj (XintfRegsFile)

CpuTimer0RegsFile 
*          1    00000c00    00000008     UNINITIALIZED
                  00000c00    00000008     DSP2833x_GlobalVariableDefs.obj (CpuTimer0RegsFile)

CpuTimer1RegsFile 
*          1    00000c08    00000008     UNINITIALIZED
                  00000c08    00000008     DSP2833x_GlobalVariableDefs.obj (CpuTimer1RegsFile)

CpuTimer2RegsFile 
*          1    00000c10    00000008     UNINITIALIZED
                  00000c10    00000008     DSP2833x_GlobalVariableDefs.obj (CpuTimer2RegsFile)

PieCtrlRegsFile 
*          1    00000ce0    0000001a     UNINITIALIZED
                  00000ce0    0000001a     DSP2833x_GlobalVariableDefs.obj (PieCtrlRegsFile)

PieVectTableFile 
*          1    00000d00    00000100     UNINITIALIZED
                  00000d00    00000100     DSP2833x_GlobalVariableDefs.obj (PieVectTableFile)

DmaRegsFile 
*          1    00001000    000000e0     UNINITIALIZED
                  00001000    000000e0     DSP2833x_GlobalVariableDefs.obj (DmaRegsFile)

McbspaRegsFile 
*          1    00005000    00000025     UNINITIALIZED
                  00005000    00000025     DSP2833x_GlobalVariableDefs.obj (McbspaRegsFile)

McbspbRegsFile 
*          1    00005040    00000025     UNINITIALIZED
                  00005040    00000025     DSP2833x_GlobalVariableDefs.obj (McbspbRegsFile)

ECanaRegsFile 
*          1    00006000    00000034     UNINITIALIZED
                  00006000    00000034     DSP2833x_GlobalVariableDefs.obj (ECanaRegsFile)

ECanaLAMRegsFile 
*          1    00006040    00000040     UNINITIALIZED
                  00006040    00000040     DSP2833x_GlobalVariableDefs.obj (ECanaLAMRegsFile)

ECanaMOTSRegsFile 
*          1    00006080    00000040     UNINITIALIZED
                  00006080    00000040     DSP2833x_GlobalVariableDefs.obj (ECanaMOTSRegsFile)

ECanaMOTORegsFile 
*          1    000060c0    00000040     UNINITIALIZED
                  000060c0    00000040     DSP2833x_GlobalVariableDefs.obj (ECanaMOTORegsFile)

ECanaMboxesFile 
*          1    00006100    00000100     UNINITIALIZED
                  00006100    00000100     DSP2833x_GlobalVariableDefs.obj (ECanaMboxesFile)

ECanbRegsFile 
*          1    00006200    00000034     UNINITIALIZED
                  00006200    00000034     DSP2833x_GlobalVariableDefs.obj (ECanbRegsFile)

ECanbLAMRegsFile 
*          1    00006240    00000040     UNINITIALIZED
                  00006240    00000040     DSP2833x_GlobalVariableDefs.obj (ECanbLAMRegsFile)

ECanbMOTSRegsFile 
*          1    00006280    00000040     UNINITIALIZED
                  00006280    00000040     DSP2833x_GlobalVariableDefs.obj (ECanbMOTSRegsFile)

ECanbMOTORegsFile 
*          1    000062c0    00000040     UNINITIALIZED
                  000062c0    00000040     DSP2833x_GlobalVariableDefs.obj (ECanbMOTORegsFile)

ECanbMboxesFile 
*          1    00006300    00000100     UNINITIALIZED
                  00006300    00000100     DSP2833x_GlobalVariableDefs.obj (ECanbMboxesFile)

EPwm1RegsFile 
*          1    00006800    00000022     UNINITIALIZED
                  00006800    00000022     DSP2833x_GlobalVariableDefs.obj (EPwm1RegsFile)

EPwm2RegsFile 
*          1    00006840    00000022     UNINITIALIZED
                  00006840    00000022     DSP2833x_GlobalVariableDefs.obj (EPwm2RegsFile)

EPwm3RegsFile 
*          1    00006880    00000022     UNINITIALIZED
                  00006880    00000022     DSP2833x_GlobalVariableDefs.obj (EPwm3RegsFile)

EPwm4RegsFile 
*          1    000068c0    00000022     UNINITIALIZED
                  000068c0    00000022     DSP2833x_GlobalVariableDefs.obj (EPwm4RegsFile)

EPwm5RegsFile 
*          1    00006900    00000022     UNINITIALIZED
                  00006900    00000022     DSP2833x_GlobalVariableDefs.obj (EPwm5RegsFile)

EPwm6RegsFile 
*          1    00006940    00000022     UNINITIALIZED
                  00006940    00000022     DSP2833x_GlobalVariableDefs.obj (EPwm6RegsFile)

ECap1RegsFile 
*          1    00006a00    00000020     UNINITIALIZED
                  00006a00    00000020     DSP2833x_GlobalVariableDefs.obj (ECap1RegsFile)

ECap2RegsFile 
*          1    00006a20    00000020     UNINITIALIZED
                  00006a20    00000020     DSP2833x_GlobalVariableDefs.obj (ECap2RegsFile)

ECap3RegsFile 
*          1    00006a40    00000020     UNINITIALIZED
                  00006a40    00000020     DSP2833x_GlobalVariableDefs.obj (ECap3RegsFile)

ECap4RegsFile 
*          1    00006a60    00000020     UNINITIALIZED
                  00006a60    00000020     DSP2833x_GlobalVariableDefs.obj (ECap4RegsFile)

ECap5RegsFile 
*          1    00006a80    00000020     UNINITIALIZED
                  00006a80    00000020     DSP2833x_GlobalVariableDefs.obj (ECap5RegsFile)

ECap6RegsFile 
*          1    00006aa0    00000020     UNINITIALIZED
                  00006aa0    00000020     DSP2833x_GlobalVariableDefs.obj (ECap6RegsFile)

EQep1RegsFile 
*          1    00006b00    00000040     UNINITIALIZED
                  00006b00    00000040     DSP2833x_GlobalVariableDefs.obj (EQep1RegsFile)

EQep2RegsFile 
*          1    00006b40    00000040     UNINITIALIZED
                  00006b40    00000040     DSP2833x_GlobalVariableDefs.obj (EQep2RegsFile)

GpioCtrlRegsFile 
*          1    00006f80    0000002e     UNINITIALIZED
                  00006f80    0000002e     DSP2833x_GlobalVariableDefs.obj (GpioCtrlRegsFile)

GpioDataRegsFile 
*          1    00006fc0    00000020     UNINITIALIZED
                  00006fc0    00000020     DSP2833x_GlobalVariableDefs.obj (GpioDataRegsFile)

GpioIntRegsFile 
*          1    00006fe0    0000000a     UNINITIALIZED
                  00006fe0    0000000a     DSP2833x_GlobalVariableDefs.obj (GpioIntRegsFile)

SysCtrlRegsFile 
*          1    00007010    00000020     UNINITIALIZED
                  00007010    00000020     DSP2833x_GlobalVariableDefs.obj (SysCtrlRegsFile)

SpiaRegsFile 
*          1    00007040    00000010     UNINITIALIZED
                  00007040    00000010     DSP2833x_GlobalVariableDefs.obj (SpiaRegsFile)

SciaRegsFile 
*          1    00007050    00000010     UNINITIALIZED
                  00007050    00000010     DSP2833x_GlobalVariableDefs.obj (SciaRegsFile)

XIntruptRegsFile 
*          1    00007070    00000010     UNINITIALIZED
                  00007070    00000010     DSP2833x_GlobalVariableDefs.obj (XIntruptRegsFile)

AdcRegsFile 
*          1    00007100    0000001e     UNINITIALIZED
                  00007100    0000001e     DSP2833x_GlobalVariableDefs.obj (AdcRegsFile)

ScibRegsFile 
*          1    00007750    00000010     UNINITIALIZED
                  00007750    00000010     DSP2833x_GlobalVariableDefs.obj (ScibRegsFile)

ScicRegsFile 
*          1    00007770    00000010     UNINITIALIZED
                  00007770    00000010     DSP2833x_GlobalVariableDefs.obj (ScicRegsFile)

I2caRegsFile 
*          1    00007900    00000022     UNINITIALIZED
                  00007900    00000022     DSP2833x_GlobalVariableDefs.obj (I2caRegsFile)

.ebss      1    0000c000    000005c8     UNINITIALIZED
                  0000c000    000002e4     main.obj (.ebss)
                  0000c2e4    00000018     sci_base.obj (.ebss)
                  0000c2fc    00000004     rts2800_fpu32.lib : exit.obj (.ebss)
                  0000c300    00000160                       : defs.obj (.ebss)
                  0000c460    00000008                       : memory.obj (.ebss)
                  0000c468    00000008                       : trgdrv.obj (.ebss)
                  0000c470    00000002                       : _lock.obj (.ebss:__lock)
                  0000c472    00000002                       : _lock.obj (.ebss:__unlock)
                  0000c474    00000001                       : errno.obj (.ebss)
                  0000c475    00000001                       : fopen.obj (.ebss)
                  0000c476    0000000a     --HOLE--
                  0000c480    0000009a     TM1650_IIC.obj (.ebss)
                  0000c51a    00000026     --HOLE--
                  0000c540    00000088     rts2800_fpu32.lib : lowlev.obj (.ebss)

CsmPwlFile 
*          1    0033fff8    00000008     UNINITIALIZED
                  0033fff8    00000008     DSP2833x_GlobalVariableDefs.obj (CsmPwlFile)

PartIdRegsFile 
*          1    00380090    00000001     UNINITIALIZED
                  00380090    00000001     DSP2833x_GlobalVariableDefs.obj (PartIdRegsFile)

.pinit     0    00338000    00000000     UNINITIALIZED

.reset     0    003fffc0    00000002     DSECT
                  003fffc0    00000002     rts2800_fpu32.lib : boot.obj (.reset)

vectors    0    003fffc2    00000000     DSECT

DLOG       1    0000c5c8    00000320     UNINITIALIZED
                  0000c5c8    00000320     DLOG4CHC.obj (DLOG)

.cio       1    0000c900    00000120     UNINITIALIZED
                  0000c900    00000120     rts2800_fpu32.lib : ankmsg.obj (.cio)


GLOBAL DATA SYMBOLS: SORTED BY DATA PAGE

address     data page           name
--------    ----------------    ----
00000050       1 (00000040)     __sys_memory

00000450      11 (00000440)     __stack

00000880      22 (00000880)     _DevEmuRegs

00000a80      2a (00000a80)     _FlashRegs

00000ae0      2b (00000ac0)     _CsmRegs

00000b00      2c (00000b00)     _AdcMirror
00000b20      2c (00000b00)     _XintfRegs

00000c00      30 (00000c00)     _CpuTimer0Regs
00000c08      30 (00000c00)     _CpuTimer1Regs
00000c10      30 (00000c00)     _CpuTimer2Regs

00000ce0      33 (00000cc0)     _PieCtrlRegs

00000d00      34 (00000d00)     _PieVectTable

00001000      40 (00001000)     _DmaRegs

00005000     140 (00005000)     _McbspaRegs

00005040     141 (00005040)     _McbspbRegs

00006000     180 (00006000)     _ECanaRegs

00006040     181 (00006040)     _ECanaLAMRegs

00006080     182 (00006080)     _ECanaMOTSRegs

000060c0     183 (000060c0)     _ECanaMOTORegs

00006100     184 (00006100)     _ECanaMboxes

00006200     188 (00006200)     _ECanbRegs

00006240     189 (00006240)     _ECanbLAMRegs

00006280     18a (00006280)     _ECanbMOTSRegs

000062c0     18b (000062c0)     _ECanbMOTORegs

00006300     18c (00006300)     _ECanbMboxes

00006800     1a0 (00006800)     _EPwm1Regs

00006840     1a1 (00006840)     _EPwm2Regs

00006880     1a2 (00006880)     _EPwm3Regs

000068c0     1a3 (000068c0)     _EPwm4Regs

00006900     1a4 (00006900)     _EPwm5Regs

00006940     1a5 (00006940)     _EPwm6Regs

00006a00     1a8 (00006a00)     _ECap1Regs
00006a20     1a8 (00006a00)     _ECap2Regs

00006a40     1a9 (00006a40)     _ECap3Regs
00006a60     1a9 (00006a40)     _ECap4Regs

00006a80     1aa (00006a80)     _ECap5Regs
00006aa0     1aa (00006a80)     _ECap6Regs

00006b00     1ac (00006b00)     _EQep1Regs

00006b40     1ad (00006b40)     _EQep2Regs

00006f80     1be (00006f80)     _GpioCtrlRegs

00006fc0     1bf (00006fc0)     _GpioDataRegs
00006fe0     1bf (00006fc0)     _GpioIntRegs

00007010     1c0 (00007000)     _SysCtrlRegs

00007040     1c1 (00007040)     _SpiaRegs
00007050     1c1 (00007040)     _SciaRegs
00007070     1c1 (00007040)     _XIntruptRegs

00007100     1c4 (00007100)     _AdcRegs

00007750     1dd (00007740)     _ScibRegs
00007770     1dd (00007740)     _ScicRegs

00007900     1e4 (00007900)     _I2caRegs

0000c000     300 (0000c000)     _Set_speed
0000c001     300 (0000c000)     _speedSorce
0000c002     300 (0000c000)     _ADC_speed
0000c003     300 (0000c000)     _KEY_speed
0000c004     300 (0000c000)     _DlogCh1
0000c005     300 (0000c000)     _DlogCh2
0000c006     300 (0000c000)     _lsw
0000c007     300 (0000c000)     _sensorOnHighSpeed
0000c008     300 (0000c000)     _sensorOnLowSpeed
0000c009     300 (0000c000)     _dataPtr
0000c00a     300 (0000c000)     _MotorDir
0000c00b     300 (0000c000)     _TripFlagDMC
0000c00c     300 (0000c000)     _sensorOffHighSpeed
0000c00d     300 (0000c000)     _sensorOffLowSpeed
0000c00e     300 (0000c000)     _CRCcode
0000c00f     300 (0000c000)     _TestCalibratedAngle
0000c010     300 (0000c000)     _dataTFT
0000c011     300 (0000c000)     _chx
0000c012     300 (0000c000)     _Tmp
0000c013     300 (0000c000)     _i
0000c014     300 (0000c000)     _RawTheraCnt
0000c015     300 (0000c000)     _SpeedLoopPrescaler
0000c016     300 (0000c000)     _SpeedLoopCount
0000c017     300 (0000c000)     _DlogCh3
0000c018     300 (0000c000)     _DlogCh4
0000c019     300 (0000c000)     _jcnt
0000c01a     300 (0000c000)     _keyReg
0000c01b     300 (0000c000)     _jj
0000c01c     300 (0000c000)     _lswWaitStart
0000c01e     300 (0000c000)     _SpeedRefLast
0000c020     300 (0000c000)     _SpeedRefTemp
0000c022     300 (0000c000)     _Zpos
0000c024     300 (0000c000)     _IdRef
0000c026     300 (0000c000)     _VdTesting
0000c028     300 (0000c000)     _VqTesting
0000c02a     300 (0000c000)     _K2
0000c02c     300 (0000c000)     _K1
0000c02e     300 (0000c000)     _T
0000c030     300 (0000c000)     _SpeedRef
0000c032     300 (0000c000)     _IsrTicker
0000c034     300 (0000c000)     _Alpha_State_Ptr
0000c036     300 (0000c000)     _lsw_cnt
0000c038     300 (0000c000)     _offsetB
0000c03a     300 (0000c000)     _offsetA
0000c03c     300 (0000c000)     _OldRawTheta
0000c03e     300 (0000c000)     _offsetC

0000c040     301 (0000c040)     _lsw_def
0000c044     301 (0000c040)     _eQEP
0000c04a     301 (0000c040)     _pwmdac1
0000c050     301 (0000c040)     _setBPSTFT
0000c058     301 (0000c040)     _pwm2
0000c062     301 (0000c040)     _pwm1
0000c06c     301 (0000c040)     _clarke1
0000c076     301 (0000c040)     _unlockTFT

0000c080     302 (0000c080)     _IqRef
0000c08c     302 (0000c080)     _VdFindIndex
0000c098     302 (0000c080)     _rg1
0000c0a4     302 (0000c080)     _park1
0000c0b2     302 (0000c080)     _ePWM

0000c0c0     303 (0000c0c0)     _eCAP
0000c0ce     303 (0000c0c0)     _ipark1
0000c0dc     303 (0000c0c0)     _smo1_const
0000c0ea     303 (0000c0c0)     _cmdTFT_CHx

0000c100     304 (0000c100)     _rc1
0000c110     304 (0000c100)     _ChSel
0000c120     304 (0000c100)     _TrigSel
0000c130     304 (0000c100)     _ACQPS

0000c140     305 (0000c140)     _speed3
0000c152     305 (0000c140)     _svgen1
0000c164     305 (0000c140)     _qep1

0000c180     306 (0000c180)     _CmdT
0000c194     306 (0000c180)     _speed1
0000c1a8     306 (0000c180)     _dlog

0000c1c0     307 (0000c1c0)     _volt1
0000c1d6     307 (0000c1c0)     _pi_id

0000c200     308 (0000c200)     _pi_iq
0000c218     308 (0000c200)     _pi_spd

0000c240     309 (0000c240)     _smo1

0000c280     30a (0000c280)     _dataBuf

0000c2e4     30b (0000c2c0)     _resCode
0000c2e5     30b (0000c2c0)     _sumCode
0000c2e6     30b (0000c2c0)     _dataRdCnt
0000c2e7     30b (0000c2c0)     _SCIBrevCnt
0000c2e8     30b (0000c2c0)     _SCIBrevData
0000c2fc     30b (0000c2c0)     ___TI_cleanup_ptr
0000c2fe     30b (0000c2c0)     ___TI_dtors_ptr

0000c300     30c (0000c300)     ___TI_ft_end

0000c340     30d (0000c340)     __ftable

0000c3c0     30f (0000c3c0)     ___TI_tmpnams

0000c470     311 (0000c440)     __lock
0000c472     311 (0000c440)     __unlock
0000c474     311 (0000c440)     _errno

0000c480     312 (0000c480)     _LigntVal
0000c481     312 (0000c480)     _SEG_DIG4_Cmd
0000c482     312 (0000c480)     _keyVal
0000c484     312 (0000c480)     _PtrMsg
0000c488     312 (0000c480)     _IIC_ISR_String
0000c498     312 (0000c480)     _SEG7Table

0000c4c0     313 (0000c4c0)     _AT24C02Msg
0000c4da     313 (0000c4c0)     _TM1650

0000c500     314 (0000c500)     _ICF8591Msg

0000c900     324 (0000c900)     __CIOBUF_

0033b3ea    cecf (0033b3c0)     __ctypes_

0033fff8    cfff (0033ffc0)     _CsmPwl

00380090    e002 (00380080)     _PartIdRegs


GLOBAL SYMBOLS: SORTED ALPHABETICALLY BY Name 

page  address   name                
----  -------   ----                
0     00338000  .text               
0     0033add8  C$$EXIT             
0     0033a593  C$$IO$$             
0     0033a4a3  FD$$ADD             
0     0033ac3c  FD$$CMP             
0     0033a5d4  FD$$DIV             
0     0033a771  FD$$MPY             
0     0033ae9d  FD$$NEG             
0     0033ae41  FD$$SUB             
0     0033ac90  FD$$TOFS            
0     0033acb3  FD$$TOI             
0     0033acd4  FD$$TOL             
0     0033a6e9  FS$$DIV             
0     0033ad6b  FS$$TOFD            
0     0033ad4e  I$$TOFD             
0     0033ac66  L$$DIV              
0     0033ac75  L$$MOD              
0     0033ad87  L$$TOFD             
0     0033adf1  LL$$AND             
0     0033ad12  LL$$CMP             
0     0033a0fd  LL$$DIV             
0     0033a139  LL$$MOD             
0     0033adf9  LL$$OR              
0     0033ae01  LL$$XOR             
0     0033ae75  U$$DIV              
0     0033ae7a  U$$MOD              
0     0033ac83  UL$$DIV             
0     0033ac8a  UL$$MOD             
0     0033ad24  ULL$$CMP            
0     0033a173  ULL$$DIV            
0     0033a1a2  ULL$$MOD            
0     00339002  _A0                 
1     0000c130  _ACQPS              
0     00380080  _ADC_cal            
1     0000c002  _ADC_speed          
1     0000c4c0  _AT24C02Msg         
1     00000b00  _AdcMirror          
1     00007100  _AdcRegs            
1     0000c034  _Alpha_State_Ptr    
0     0033903a  _B0                 
0     00339052  _C0                 
1     0000c00e  _CRCcode            
1     0000c110  _ChSel              
1     0000c180  _CmdT               
1     00000c00  _CpuTimer0Regs      
1     00000c08  _CpuTimer1Regs      
1     00000c10  _CpuTimer2Regs      
1     0033fff8  _CsmPwl             
1     00000ae0  _CsmRegs            
0     0033aaa5  _DLOG_4CH_init      
0     0033aab0  _DLOG_4CH_update    
0     00008774  _DSP28x_usDelay     
1     00000880  _DevEmuRegs         
0     00339f43  _DeviceInit         
1     0000c004  _DlogCh1            
1     0000c005  _DlogCh2            
1     0000c017  _DlogCh3            
1     0000c018  _DlogCh4            
1     00001000  _DmaRegs            
0     0033924b  _DrawLine           
0     0033927e  _DrawLine_TFT       
1     00006040  _ECanaLAMRegs       
1     000060c0  _ECanaMOTORegs      
1     00006080  _ECanaMOTSRegs      
1     00006100  _ECanaMboxes        
1     00006000  _ECanaRegs          
1     00006240  _ECanbLAMRegs       
1     000062c0  _ECanbMOTORegs      
1     00006280  _ECanbMOTSRegs      
1     00006300  _ECanbMboxes        
1     00006200  _ECanbRegs          
1     00006a00  _ECap1Regs          
1     00006a20  _ECap2Regs          
1     00006a40  _ECap3Regs          
1     00006a60  _ECap4Regs          
1     00006a80  _ECap5Regs          
1     00006aa0  _ECap6Regs          
1     00006800  _EPwm1Regs          
1     00006840  _EPwm2Regs          
1     00006880  _EPwm3Regs          
1     000068c0  _EPwm4Regs          
1     00006900  _EPwm5Regs          
1     00006940  _EPwm6Regs          
1     00006b00  _EQep1Regs          
1     00006b40  _EQep2Regs          
0     000085b0  _FOCIdleISR         
1     00000a80  _FlashRegs          
0     003392e3  _GetCRC16           
1     00006f80  _GpioCtrlRegs       
1     00006fc0  _GpioDataRegs       
1     00006fe0  _GpioIntRegs        
0     00339d38  _HOSTclock          
0     00339d10  _HOSTclose          
0     00339ce8  _HOSTgetenv         
0     00339ca1  _HOSTlseek          
0     00339c63  _HOSTopen           
0     00339c26  _HOSTread           
0     00339be6  _HOSTrename         
0     00339bbb  _HOSTtime           
0     00339b93  _HOSTunlink         
0     00339b5d  _HOSTwrite          
0     003390fe  _HVDMC_Protection   
0     003394b9  _HexPrintf          
0     003396e6  _I2CA_Init          
0     0033976c  _I2CA_Rxdata_STOP   
0     00339739  _I2CA_Tx_STOP       
1     00007900  _I2caRegs           
1     0000c500  _ICF8591Msg         
1     0000c488  _IIC_ISR_String     
0     003391b7  _IPM_EN             
0     0033ae80  _ISR_ILLEGAL        
1     0000c024  _IdRef              
0     00008759  _InitFlash          
0     003396d0  _InitI2C_Gpio       
0     003391e5  _InitKEY            
1     0000c080  _IqRef              
1     0000c032  _IsrTicker          
1     0000c02c  _K1                 
1     0000c02a  _K2                 
1     0000c003  _KEY_speed          
1     0000c480  _LigntVal           
0     00008000  _MainISR            
1     00005000  _McbspaRegs         
1     00005040  _McbspbRegs         
0     0033a0e8  _MemCopy            
1     0000c00a  _MotorDir           
0     000084d1  _OffsetISR          
1     0000c03c  _OldRawTheta        
0     0033a085  _PLLset             
1     00380090  _PartIdRegs         
0     0033a0a8  _PieCntlInit        
1     00000ce0  _PieCtrlRegs        
1     00000d00  _PieVectTable       
0     0033a0c7  _PieVectTableInit   
1     0000c484  _PtrMsg             
0     003391cb  _RYInit             
0     00320778  _RamfuncsLoadEnd    
0     00320000  _RamfuncsLoadStart  
0     00008000  _RamfuncsRunStart   
1     0000c014  _RawTheraCnt        
0     003395ec  _SCIB_485Res        
0     003395b8  _SCIB_485RxFIFO     
0     0033955f  _SCIB_Init          
1     0000c2e7  _SCIBrevCnt         
1     0000c2e8  _SCIBrevData        
0     00339447  _SCIC_Init          
0     00339404  _SCI_Init           
1     0000c498  _SEG7Table          
1     0000c481  _SEG_DIG4_Cmd       
0     003395d9  _SUMcheck           
1     00007050  _SciaRegs           
1     00007750  _ScibRegs           
1     00007770  _ScicRegs           
1     0000c000  _Set_speed          
1     0000c016  _SpeedLoopCount     
1     0000c015  _SpeedLoopPrescaler 
1     0000c030  _SpeedRef           
1     0000c01e  _SpeedRefLast       
1     0000c020  _SpeedRefTemp       
1     00007040  _SpiaRegs           
1     00007010  _SysCtrlRegs        
1     0000c02e  _T                  
1     0000c4da  _TM1650             
0     00339859  _TM1650_Init        
0     003398a1  _TM1650_Read        
0     003398e6  _TM1650_SEG_show    
0     00339867  _TM1650_Send        
0     00339144  _TZ_OSHT_Ctr        
1     0000c00f  _TestCalibratedAngle
1     0000c012  _Tmp                
1     0000c120  _TrigSel            
1     0000c00b  _TripFlagDMC        
1     0000c08c  _VdFindIndex        
1     0000c026  _VdTesting          
1     0000c028  _VqTesting          
0     0033a07d  _WDogDisable        
1     00007070  _XIntruptRegs       
1     00000b20  _XintfRegs          
1     0000c022  _Zpos               
1     0000c900  __CIOBUF_           
1     000007d0  __STACK_END         
abs   00000380  __STACK_SIZE        
abs   00000400  __SYSMEM_SIZE       
0     0033a27d  ___TI_cleanup       
1     0000c2fc  ___TI_cleanup_ptr   
0     0033a99a  ___TI_closefile     
0     0033a7f4  ___TI_doflush       
1     0000c2fe  ___TI_dtors_ptr     
1     0000c300  ___TI_ft_end        
0     00338b01  ___TI_printfi       
0     0033a90d  ___TI_rd_ok         
0     0033a598  ___TI_readmsg       
1     0000c3c0  ___TI_tmpnams       
0     0033a540  ___TI_writemsg      
0     0033a8d2  ___TI_wrt_ok        
abs   ffffffff  ___binit__          
abs   ffffffff  ___c_args__         
0     0033aebe  ___cinit__          
0     0033aebe  ___etext__          
abs   ffffffff  ___pinit__          
0     00338000  ___text__           
0     0033adbf  __args_main         
0     0033b3ea  __ctypes_           
1     0000c340  __ftable            
1     0000c470  __lock              
0     0033ae9c  __nop               
0     0033ae98  __register_lock     
0     0033ae94  __register_unlock   
1     00000450  __stack             
1     00000050  __sys_memory        
1     0000c472  __unlock            
0     0033add8  _abort              
0     00339ade  _add_device         
0     0033abdb  _atoi               
0     0033aaf0  _c_int00            
0     00339f2c  _calloc             
0     00339f2a  _chkheap            
1     0000c011  _chx                
1     0000c06c  _clarke1            
0     00339aa9  _close              
0     003391f1  _closeBridge        
1     0000c0ea  _cmdTFT_CHx         
0     0033a939  _cos                
1     0000c280  _dataBuf            
1     0000c009  _dataPtr            
1     0000c2e6  _dataRdCnt          
1     0000c010  _dataTFT            
1     0000c1a8  _dlog               
1     0000c0c0  _eCAP               
1     0000c0b2  _ePWM               
1     0000c044  _eQEP               
0     0033966d  _enSCIBRevOnce      
1     0000c474  _errno              
0     0033adda  _exit               
0     0033a86a  _exp                
0     0033a9de  _fclose             
0     0033a824  _fflush             
0     0033a2ed  _fopen              
0     0033aa51  _fputc              
0     0033a3ef  _fputs              
0     00339d63  _free               
0     00339f0c  _free_memory        
0     0033a29d  _freopen            
0     0033ae09  _frexp              
0     0033ab36  _fseek              
1     0000c013  _i                  
0     0033ae1f  _i2c_int1a_isr      
1     0000c0ce  _ipark1             
1     0000c019  _jcnt               
1     0000c01b  _jj                 
1     0000c01a  _keyReg             
1     0000c482  _keyVal             
0     0033ab73  _ldexp              
0     00339a8f  _lseek              
1     0000c006  _lsw                
1     0000c01c  _lswWaitStart       
1     0000c036  _lsw_cnt            
1     0000c040  _lsw_def            
0     0033ac0e  _ltoa               
0     00338c20  _main               
0     00339dce  _malloc             
0     00339ee9  _max_free           
0     0033ae4f  _memccpy            
0     0033ae30  _memchr             
0     0033ad30  _memcpy             
0     0033ae5d  _memset             
0     00339da9  _minit              
0     0033ada3  _modf               
0     00339523  _my_close           
0     0033954d  _my_lseek           
0     0033951c  _my_open            
0     00339528  _my_read            
0     00339559  _my_rename          
0     00339554  _my_unlink          
0     0033952f  _my_write           
1     0000c03a  _offsetA            
1     0000c038  _offsetB            
1     0000c03e  _offsetC            
0     00339a1d  _open               
0     00339213  _openLowBridge      
0     003394eb  _open_uart_debug    
1     0000c0a4  _park1              
1     0000c1d6  _pi_id              
1     0000c200  _pi_iq              
1     0000c218  _pi_spd             
0     0033abad  _printf             
0     0033aa51  _putc               
0     0033aaa0  _putchar            
0     0033a490  _puts               
1     0000c062  _pwm1               
1     0000c058  _pwm2               
1     0000c04a  _pwmdac1            
1     0000c164  _qep1               
1     0000c100  _rc1                
0     00339a02  _read               
0     00339e2f  _realloc            
0     0033aebb  _remove             
0     003399e8  _remove_device      
0     003399ba  _rename             
1     0000c2e4  _resCode            
1     0000c098  _rg1                
0     00339312  _scanKey            
0     003394c3  _sciPutString       
0     0033947b  _scia_xmit          
0     00339599  _scib_xmit          
0     0033949a  _scic_xmit          
1     0000c00c  _sensorOffHighSpeed 
1     0000c00d  _sensorOffLowSpeed  
1     0000c007  _sensorOnHighSpeed  
1     0000c008  _sensorOnLowSpeed   
1     0000c050  _setBPSTFT          
0     00339235  _setPWMFree         
0     0033a65f  _setvbuf            
0     0033a9f9  _sin                
1     0000c240  _smo1               
1     0000c0dc  _smo1_const         
0     0033977f  _softResetIIC_BUS   
1     0000c194  _speed1             
1     0000c140  _speed3             
1     0000c001  _speedSorce         
0     0033ae69  _strchr             
0     0033ae8a  _strcmp             
0     0033aeb6  _strcpy             
0     0033aeae  _strlen             
0     0033acf3  _strncpy            
1     0000c2e5  _sumCode            
1     0000c152  _svgen1             
0     0033a3b3  _uartRxB_isr        
0     0033a307  _uartRx_isr         
0     0033a35d  _uartRxc_isr        
0     003399a1  _unlink             
1     0000c076  _unlockTFT          
1     0000c1c0  _volt1              
0     00339937  _write              
abs   ffffffff  binit               
0     0033aebe  cinit               
0     0033fff6  code_start          
0     0033aebe  etext               
abs   ffffffff  pinit               


GLOBAL SYMBOLS: SORTED BY Symbol Address 

page  address   name                
----  -------   ----                
0     00008000  _MainISR            
0     00008000  _RamfuncsRunStart   
0     000084d1  _OffsetISR          
0     000085b0  _FOCIdleISR         
0     00008759  _InitFlash          
0     00008774  _DSP28x_usDelay     
0     00320000  _RamfuncsLoadStart  
0     00320778  _RamfuncsLoadEnd    
0     00338000  .text               
0     00338000  ___text__           
0     00338b01  ___TI_printfi       
0     00338c20  _main               
0     00339002  _A0                 
0     0033903a  _B0                 
0     00339052  _C0                 
0     003390fe  _HVDMC_Protection   
0     00339144  _TZ_OSHT_Ctr        
0     003391b7  _IPM_EN             
0     003391cb  _RYInit             
0     003391e5  _InitKEY            
0     003391f1  _closeBridge        
0     00339213  _openLowBridge      
0     00339235  _setPWMFree         
0     0033924b  _DrawLine           
0     0033927e  _DrawLine_TFT       
0     003392e3  _GetCRC16           
0     00339312  _scanKey            
0     00339404  _SCI_Init           
0     00339447  _SCIC_Init          
0     0033947b  _scia_xmit          
0     0033949a  _scic_xmit          
0     003394b9  _HexPrintf          
0     003394c3  _sciPutString       
0     003394eb  _open_uart_debug    
0     0033951c  _my_open            
0     00339523  _my_close           
0     00339528  _my_read            
0     0033952f  _my_write           
0     0033954d  _my_lseek           
0     00339554  _my_unlink          
0     00339559  _my_rename          
0     0033955f  _SCIB_Init          
0     00339599  _scib_xmit          
0     003395b8  _SCIB_485RxFIFO     
0     003395d9  _SUMcheck           
0     003395ec  _SCIB_485Res        
0     0033966d  _enSCIBRevOnce      
0     003396d0  _InitI2C_Gpio       
0     003396e6  _I2CA_Init          
0     00339739  _I2CA_Tx_STOP       
0     0033976c  _I2CA_Rxdata_STOP   
0     0033977f  _softResetIIC_BUS   
0     00339859  _TM1650_Init        
0     00339867  _TM1650_Send        
0     003398a1  _TM1650_Read        
0     003398e6  _TM1650_SEG_show    
0     00339937  _write              
0     003399a1  _unlink             
0     003399ba  _rename             
0     003399e8  _remove_device      
0     00339a02  _read               
0     00339a1d  _open               
0     00339a8f  _lseek              
0     00339aa9  _close              
0     00339ade  _add_device         
0     00339b5d  _HOSTwrite          
0     00339b93  _HOSTunlink         
0     00339bbb  _HOSTtime           
0     00339be6  _HOSTrename         
0     00339c26  _HOSTread           
0     00339c63  _HOSTopen           
0     00339ca1  _HOSTlseek          
0     00339ce8  _HOSTgetenv         
0     00339d10  _HOSTclose          
0     00339d38  _HOSTclock          
0     00339d63  _free               
0     00339da9  _minit              
0     00339dce  _malloc             
0     00339e2f  _realloc            
0     00339ee9  _max_free           
0     00339f0c  _free_memory        
0     00339f2a  _chkheap            
0     00339f2c  _calloc             
0     00339f43  _DeviceInit         
0     0033a07d  _WDogDisable        
0     0033a085  _PLLset             
0     0033a0a8  _PieCntlInit        
0     0033a0c7  _PieVectTableInit   
0     0033a0e8  _MemCopy            
0     0033a0fd  LL$$DIV             
0     0033a139  LL$$MOD             
0     0033a173  ULL$$DIV            
0     0033a1a2  ULL$$MOD            
0     0033a27d  ___TI_cleanup       
0     0033a29d  _freopen            
0     0033a2ed  _fopen              
0     0033a307  _uartRx_isr         
0     0033a35d  _uartRxc_isr        
0     0033a3b3  _uartRxB_isr        
0     0033a3ef  _fputs              
0     0033a490  _puts               
0     0033a4a3  FD$$ADD             
0     0033a540  ___TI_writemsg      
0     0033a593  C$$IO$$             
0     0033a598  ___TI_readmsg       
0     0033a5d4  FD$$DIV             
0     0033a65f  _setvbuf            
0     0033a6e9  FS$$DIV             
0     0033a771  FD$$MPY             
0     0033a7f4  ___TI_doflush       
0     0033a824  _fflush             
0     0033a86a  _exp                
0     0033a8d2  ___TI_wrt_ok        
0     0033a90d  ___TI_rd_ok         
0     0033a939  _cos                
0     0033a99a  ___TI_closefile     
0     0033a9de  _fclose             
0     0033a9f9  _sin                
0     0033aa51  _fputc              
0     0033aa51  _putc               
0     0033aaa0  _putchar            
0     0033aaa5  _DLOG_4CH_init      
0     0033aab0  _DLOG_4CH_update    
0     0033aaf0  _c_int00            
0     0033ab36  _fseek              
0     0033ab73  _ldexp              
0     0033abad  _printf             
0     0033abdb  _atoi               
0     0033ac0e  _ltoa               
0     0033ac3c  FD$$CMP             
0     0033ac66  L$$DIV              
0     0033ac75  L$$MOD              
0     0033ac83  UL$$DIV             
0     0033ac8a  UL$$MOD             
0     0033ac90  FD$$TOFS            
0     0033acb3  FD$$TOI             
0     0033acd4  FD$$TOL             
0     0033acf3  _strncpy            
0     0033ad12  LL$$CMP             
0     0033ad24  ULL$$CMP            
0     0033ad30  _memcpy             
0     0033ad4e  I$$TOFD             
0     0033ad6b  FS$$TOFD            
0     0033ad87  L$$TOFD             
0     0033ada3  _modf               
0     0033adbf  __args_main         
0     0033add8  C$$EXIT             
0     0033add8  _abort              
0     0033adda  _exit               
0     0033adf1  LL$$AND             
0     0033adf9  LL$$OR              
0     0033ae01  LL$$XOR             
0     0033ae09  _frexp              
0     0033ae1f  _i2c_int1a_isr      
0     0033ae30  _memchr             
0     0033ae41  FD$$SUB             
0     0033ae4f  _memccpy            
0     0033ae5d  _memset             
0     0033ae69  _strchr             
0     0033ae75  U$$DIV              
0     0033ae7a  U$$MOD              
0     0033ae80  _ISR_ILLEGAL        
0     0033ae8a  _strcmp             
0     0033ae94  __register_unlock   
0     0033ae98  __register_lock     
0     0033ae9c  __nop               
0     0033ae9d  FD$$NEG             
0     0033aeae  _strlen             
0     0033aeb6  _strcpy             
0     0033aebb  _remove             
0     0033aebe  ___cinit__          
0     0033aebe  ___etext__          
0     0033aebe  cinit               
0     0033aebe  etext               
0     0033b3ea  __ctypes_           
0     0033fff6  code_start          
0     00380080  _ADC_cal            
1     00000050  __sys_memory        
1     00000450  __stack             
1     000007d0  __STACK_END         
1     00000880  _DevEmuRegs         
1     00000a80  _FlashRegs          
1     00000ae0  _CsmRegs            
1     00000b00  _AdcMirror          
1     00000b20  _XintfRegs          
1     00000c00  _CpuTimer0Regs      
1     00000c08  _CpuTimer1Regs      
1     00000c10  _CpuTimer2Regs      
1     00000ce0  _PieCtrlRegs        
1     00000d00  _PieVectTable       
1     00001000  _DmaRegs            
1     00005000  _McbspaRegs         
1     00005040  _McbspbRegs         
1     00006000  _ECanaRegs          
1     00006040  _ECanaLAMRegs       
1     00006080  _ECanaMOTSRegs      
1     000060c0  _ECanaMOTORegs      
1     00006100  _ECanaMboxes        
1     00006200  _ECanbRegs          
1     00006240  _ECanbLAMRegs       
1     00006280  _ECanbMOTSRegs      
1     000062c0  _ECanbMOTORegs      
1     00006300  _ECanbMboxes        
1     00006800  _EPwm1Regs          
1     00006840  _EPwm2Regs          
1     00006880  _EPwm3Regs          
1     000068c0  _EPwm4Regs          
1     00006900  _EPwm5Regs          
1     00006940  _EPwm6Regs          
1     00006a00  _ECap1Regs          
1     00006a20  _ECap2Regs          
1     00006a40  _ECap3Regs          
1     00006a60  _ECap4Regs          
1     00006a80  _ECap5Regs          
1     00006aa0  _ECap6Regs          
1     00006b00  _EQep1Regs          
1     00006b40  _EQep2Regs          
1     00006f80  _GpioCtrlRegs       
1     00006fc0  _GpioDataRegs       
1     00006fe0  _GpioIntRegs        
1     00007010  _SysCtrlRegs        
1     00007040  _SpiaRegs           
1     00007050  _SciaRegs           
1     00007070  _XIntruptRegs       
1     00007100  _AdcRegs            
1     00007750  _ScibRegs           
1     00007770  _ScicRegs           
1     00007900  _I2caRegs           
1     0000c000  _Set_speed          
1     0000c001  _speedSorce         
1     0000c002  _ADC_speed          
1     0000c003  _KEY_speed          
1     0000c004  _DlogCh1            
1     0000c005  _DlogCh2            
1     0000c006  _lsw                
1     0000c007  _sensorOnHighSpeed  
1     0000c008  _sensorOnLowSpeed   
1     0000c009  _dataPtr            
1     0000c00a  _MotorDir           
1     0000c00b  _TripFlagDMC        
1     0000c00c  _sensorOffHighSpeed 
1     0000c00d  _sensorOffLowSpeed  
1     0000c00e  _CRCcode            
1     0000c00f  _TestCalibratedAngle
1     0000c010  _dataTFT            
1     0000c011  _chx                
1     0000c012  _Tmp                
1     0000c013  _i                  
1     0000c014  _RawTheraCnt        
1     0000c015  _SpeedLoopPrescaler 
1     0000c016  _SpeedLoopCount     
1     0000c017  _DlogCh3            
1     0000c018  _DlogCh4            
1     0000c019  _jcnt               
1     0000c01a  _keyReg             
1     0000c01b  _jj                 
1     0000c01c  _lswWaitStart       
1     0000c01e  _SpeedRefLast       
1     0000c020  _SpeedRefTemp       
1     0000c022  _Zpos               
1     0000c024  _IdRef              
1     0000c026  _VdTesting          
1     0000c028  _VqTesting          
1     0000c02a  _K2                 
1     0000c02c  _K1                 
1     0000c02e  _T                  
1     0000c030  _SpeedRef           
1     0000c032  _IsrTicker          
1     0000c034  _Alpha_State_Ptr    
1     0000c036  _lsw_cnt            
1     0000c038  _offsetB            
1     0000c03a  _offsetA            
1     0000c03c  _OldRawTheta        
1     0000c03e  _offsetC            
1     0000c040  _lsw_def            
1     0000c044  _eQEP               
1     0000c04a  _pwmdac1            
1     0000c050  _setBPSTFT          
1     0000c058  _pwm2               
1     0000c062  _pwm1               
1     0000c06c  _clarke1            
1     0000c076  _unlockTFT          
1     0000c080  _IqRef              
1     0000c08c  _VdFindIndex        
1     0000c098  _rg1                
1     0000c0a4  _park1              
1     0000c0b2  _ePWM               
1     0000c0c0  _eCAP               
1     0000c0ce  _ipark1             
1     0000c0dc  _smo1_const         
1     0000c0ea  _cmdTFT_CHx         
1     0000c100  _rc1                
1     0000c110  _ChSel              
1     0000c120  _TrigSel            
1     0000c130  _ACQPS              
1     0000c140  _speed3             
1     0000c152  _svgen1             
1     0000c164  _qep1               
1     0000c180  _CmdT               
1     0000c194  _speed1             
1     0000c1a8  _dlog               
1     0000c1c0  _volt1              
1     0000c1d6  _pi_id              
1     0000c200  _pi_iq              
1     0000c218  _pi_spd             
1     0000c240  _smo1               
1     0000c280  _dataBuf            
1     0000c2e4  _resCode            
1     0000c2e5  _sumCode            
1     0000c2e6  _dataRdCnt          
1     0000c2e7  _SCIBrevCnt         
1     0000c2e8  _SCIBrevData        
1     0000c2fc  ___TI_cleanup_ptr   
1     0000c2fe  ___TI_dtors_ptr     
1     0000c300  ___TI_ft_end        
1     0000c340  __ftable            
1     0000c3c0  ___TI_tmpnams       
1     0000c470  __lock              
1     0000c472  __unlock            
1     0000c474  _errno              
1     0000c480  _LigntVal           
1     0000c481  _SEG_DIG4_Cmd       
1     0000c482  _keyVal             
1     0000c484  _PtrMsg             
1     0000c488  _IIC_ISR_String     
1     0000c498  _SEG7Table          
1     0000c4c0  _AT24C02Msg         
1     0000c4da  _TM1650             
1     0000c500  _ICF8591Msg         
1     0000c900  __CIOBUF_           
1     0033fff8  _CsmPwl             
1     00380090  _PartIdRegs         
abs   00000380  __STACK_SIZE        
abs   00000400  __SYSMEM_SIZE       
abs   ffffffff  ___binit__          
abs   ffffffff  ___c_args__         
abs   ffffffff  ___pinit__          
abs   ffffffff  binit               
abs   ffffffff  pinit               

[339 symbols]
