******************************************************************************
             TMS320C2000 Linker PC v6.2.3                      
******************************************************************************
>> Linked Thu Sep 09 16:45:29 2021

OUTPUT FILE NAME:   <HVPM_28335_Motor_PMSM.out>
ENTRY POINT SYMBOL: "_c_int00"  address: 0033a6a4


MEMORY CONFIGURATION

         name            origin    length      used     unused   attr    fill
----------------------  --------  ---------  --------  --------  ----  --------
PAGE 0:
  ZONE0                 00004000   00001000  00000000  00001000  RWIX
  RAML0                 00008000   00001000  0000075c  000008a4  RWIX
  RAML1                 00009000   00001000  00000000  00001000  RWIX
  RAML2                 0000a000   00001000  00000000  00001000  RWIX
  RAML3                 0000b000   00001000  00000000  00001000  RWIX
  ZONE6                 00100000   00100000  00000000  00100000  RWIX
  ZONE7A                00200000   0000fc00  00000000  0000fc00  RWIX
  FLASHH                00300000   00008000  00000000  00008000  RWIX
  FLASHG                00308000   00008000  00000000  00008000  RWIX
  FLASHF                00310000   00008000  00000000  00008000  RWIX
  FLASHE                00318000   00008000  00000000  00008000  RWIX
  FLASHD                00320000   00008000  0000075c  000078a4  RWIX
  FLASHC                00328000   00008000  00000000  00008000  RWIX
  FLASHA                00338000   00007f80  00003149  00004e37  RWIX
  CSM_RSVD              0033ff80   00000076  00000000  00000076  RWIX
  BEGIN                 0033fff6   00000002  00000002  00000000  RWIX
  CSM_PWL               0033fff8   00000008  00000000  00000008  RWIX
  ADC_CAL               00380080   00000009  00000007  00000002  RWIX
  OTP                   00380400   00000400  00000000  00000400  RWIX
  IQTABLES              003fe000   00000b50  00000000  00000b50  RWIX
  IQTABLES2             003feb50   0000008c  00000000  0000008c  RWIX
  FPUTABLES             003febdc   000006a0  000006a0  00000000  RWIX
  ROM                   003ff27c   00000d44  00000000  00000d44  RWIX
  RESET                 003fffc0   00000002  00000000  00000002  RWIX
  VECTORS               003fffc2   0000003e  00000000  0000003e  RWIX

PAGE 1:
  BOOT_RSVD             00000000   00000050  00000000  00000050  RWIX
  RAMM01                00000050   000007b0  00000780  00000030  RWIX
  DEV_EMU               00000880   00000180  000000d0  000000b0  RWIX
  FLASH_REGS            00000a80   00000060  00000008  00000058  RWIX
  CSM                   00000ae0   00000010  00000010  00000000  RWIX
  ADC_MIRROR            00000b00   00000010  00000010  00000000  RWIX
  XINTF                 00000b20   00000020  0000001e  00000002  RWIX
  CPU_TIMER0            00000c00   00000008  00000008  00000000  RWIX
  CPU_TIMER1            00000c08   00000008  00000008  00000000  RWIX
  CPU_TIMER2            00000c10   00000008  00000008  00000000  RWIX
  PIE_CTRL              00000ce0   00000020  0000001a  00000006  RWIX
  PIE_VECT              00000d00   00000100  00000100  00000000  RWIX
  DMA                   00001000   00000200  000000e0  00000120  RWIX
  MCBSPA                00005000   00000040  00000025  0000001b  RWIX
  MCBSPB                00005040   00000040  00000025  0000001b  RWIX
  ECANA                 00006000   00000040  00000034  0000000c  RWIX
  ECANA_LAM             00006040   00000040  00000040  00000000  RWIX
  ECANA_MOTS            00006080   00000040  00000040  00000000  RWIX
  ECANA_MOTO            000060c0   00000040  00000040  00000000  RWIX
  ECANA_MBOX            00006100   00000100  00000100  00000000  RWIX
  ECANB                 00006200   00000040  00000034  0000000c  RWIX
  ECANB_LAM             00006240   00000040  00000040  00000000  RWIX
  ECANB_MOTS            00006280   00000040  00000040  00000000  RWIX
  ECANB_MOTO            000062c0   00000040  00000040  00000000  RWIX
  ECANB_MBOX            00006300   00000100  00000100  00000000  RWIX
  EPWM1                 00006800   00000022  00000022  00000000  RWIX
  EPWM2                 00006840   00000022  00000022  00000000  RWIX
  EPWM3                 00006880   00000022  00000022  00000000  RWIX
  EPWM4                 000068c0   00000022  00000022  00000000  RWIX
  EPWM5                 00006900   00000022  00000022  00000000  RWIX
  EPWM6                 00006940   00000022  00000022  00000000  RWIX
  ECAP1                 00006a00   00000020  00000020  00000000  RWIX
  ECAP2                 00006a20   00000020  00000020  00000000  RWIX
  ECAP3                 00006a40   00000020  00000020  00000000  RWIX
  ECAP4                 00006a60   00000020  00000020  00000000  RWIX
  ECAP5                 00006a80   00000020  00000020  00000000  RWIX
  ECAP6                 00006aa0   00000020  00000020  00000000  RWIX
  EQEP1                 00006b00   00000040  00000040  00000000  RWIX
  EQEP2                 00006b40   00000040  00000040  00000000  RWIX
  GPIOCTRL              00006f80   00000040  0000002e  00000012  RWIX
  GPIODAT               00006fc0   00000020  00000020  00000000  RWIX
  GPIOINT               00006fe0   00000020  0000000a  00000016  RWIX
  SYSTEM                00007010   00000020  00000020  00000000  RWIX
  SPIA                  00007040   00000010  00000010  00000000  RWIX
  SCIA                  00007050   00000010  00000010  00000000  RWIX
  XINTRUPT              00007070   00000010  00000010  00000000  RWIX
  ADC                   00007100   00000020  0000001e  00000002  RWIX
  SCIB                  00007750   00000010  00000010  00000000  RWIX
  SCIC                  00007770   00000010  00000010  00000000  RWIX
  I2CA                  00007900   00000040  00000022  0000001e  RWIX
  RAML4                 0000c000   00001000  00000a08  000005f8  RWIX
  RAML5                 0000d000   00001000  00000000  00001000  RWIX
  RAML6                 0000e000   00001000  00000000  00001000  RWIX
  RAML7                 0000f000   00001000  00000000  00001000  RWIX
  ZONE7B                0020fc00   00000400  00000000  00000400  RWIX
  FLASHB                00330000   00008000  00000000  00008000  RWIX
  CSM_PWL               0033fff8   00000008  00000008  00000000  RWIX
  PARTID                00380090   00000001  00000001  00000000  RWIX


SECTION ALLOCATION MAP

 output                                  attributes/
section   page    origin      length       input sections
--------  ----  ----------  ----------   ----------------
.pinit     0    00338000    00000000     UNINITIALIZED

ramfuncs   0    00320000    0000075c     RUN ADDR = 00008000
                  00320000    0000073d     main.obj (ramfuncs:retain)
                  0032073d    0000001b     HVPM_Sensorless-DevInit_F2833x.obj (ramfuncs)
                  00320758    00000004     DSP2833x_usDelay.obj (ramfuncs)

.text      0    00338000    00002aa6     
                  00338000    00000996     rts2800_fpu32.lib : _printfi.obj (.text)
                  00338996    000007be     main.obj (.text)
                  00339154    000002c6     sci_base.obj (.text)
                  0033941a    0000023e     TM1650_IIC.obj (.text)
                  00339658    00000219     rts2800_fpu32.lib : lowlev.obj (.text)
                  00339871    0000020f                       : trgdrv.obj (.text)
                  00339a80    000001d3                       : memory.obj (.text)
                  00339c53    000001b4     HVPM_Sensorless-DevInit_F2833x.obj (.text)
                  00339e07    00000107     rts2800_fpu32.lib : ll_div.obj (.text)
                  00339f0e    00000100                       : fopen.obj (.text)
                  0033a00e    000000e3     sci_base.obj (.text:retain)
                  0033a0f1    000000b0     rts2800_fpu32.lib : fputs.obj (.text)
                  0033a1a1    0000009c                       : fd_add.obj (.text)
                  0033a23d    00000001     --HOLE-- [fill = 0]
                  0033a23e    0000008e                       : ankmsg.obj (.text)
                  0033a2cc    0000008c                       : setvbuf.obj (.text)
                  0033a358    0000008b                       : fd_div.obj (.text)
                  0033a3e3    00000083                       : fd_mpy.obj (.text)
                  0033a466    00000073                       : fflush.obj (.text)
                  0033a4d9    00000068                       : exp.obj (.text)
                  0033a541    00000065                       : _io_perm.obj (.text)
                  0033a5a6    0000005f                       : fclose.obj (.text)
                  0033a605    00000054                       : fputc.obj (.text)
                  0033a659    0000004b     DLOG4CHC.obj (.text)
                  0033a6a4    00000046     rts2800_fpu32.lib : boot.obj (.text)
                  0033a6ea    0000003d                       : fseek.obj (.text)
                  0033a727    00000034     rts2800_fpu32_fast_supplement.lib : cos_f32.obj (.text)
                  0033a75b    00000034                                       : sin_f32.obj (.text)
                  0033a78f    00000032     rts2800_fpu32.lib : printf.obj (.text)
                  0033a7c1    00000031                       : atoi.obj (.text)
                  0033a7f2    00000031                       : ldexp.obj (.text)
                  0033a823    0000002c                       : ltoa.obj (.text)
                  0033a84f    0000002a                       : fd_cmp.obj (.text)
                  0033a879    0000002a                       : l_div.obj (.text)
                  0033a8a3    00000021                       : fd_toi.obj (.text)
                  0033a8c4    00000021                       : memcpy_ff.obj (.text)
                  0033a8e5    0000001f                       : fd_tol.obj (.text)
                  0033a904    0000001e                       : ll_cmp.obj (.text)
                  0033a922    0000001e                       : strncpy.obj (.text)
                  0033a940    0000001c                       : fs_tofd.obj (.text)
                  0033a95c    0000001c                       : l_tofd.obj (.text)
                  0033a978    0000001a                       : modf.obj (.text)
                  0033a992    00000019                       : args_main.obj (.text)
                  0033a9ab    00000019                       : exit.obj (.text)
                  0033a9c4    00000019     rts2800_fpu32_fast_supplement.lib : div_f32.obj (.text)
                  0033a9dd    00000018     rts2800_fpu32.lib : ll_aox.obj (.text)
                  0033a9f5    00000014                       : ll_mpy.obj (.text)
                  0033aa09    00000011     TM1650_IIC.obj (.text:retain)
                  0033aa1a    00000010     rts2800_fpu32.lib : memchr.obj (.text)
                  0033aa2a    0000000e                       : fd_sub.obj (.text)
                  0033aa38    0000000d                       : memccpy.obj (.text)
                  0033aa45    0000000c                       : memset.obj (.text)
                  0033aa51    0000000c                       : strchr.obj (.text)
                  0033aa5d    0000000b                       : u_div.obj (.text)
                  0033aa68    0000000a     HVPM_Sensorless-DevInit_F2833x.obj (.text:retain)
                  0033aa72    0000000a     rts2800_fpu32.lib : strcmp.obj (.text)
                  0033aa7c    00000009                       : _lock.obj (.text)
                  0033aa85    00000009                       : fd_neg.obj (.text)
                  0033aa8e    00000008     DSP2833x_CodeStartBranch.obj (.text)
                  0033aa96    00000008     rts2800_fpu32.lib : strlen.obj (.text)
                  0033aa9e    00000005                       : strcpy.obj (.text)
                  0033aaa3    00000003                       : remove.obj (.text)

.cinit     0    0033aaa6    000003ad     
                  0033aaa6    000002d2     main.obj (.cinit)
                  0033ad78    00000052     TM1650_IIC.obj (.cinit)
                  0033adca    00000031     rts2800_fpu32.lib : lowlev.obj (.cinit)
                  0033adfb    0000002a                       : defs.obj (.cinit)
                  0033ae25    0000000c     sci_base.obj (.cinit)
                  0033ae31    0000000a     rts2800_fpu32.lib : _lock.obj (.cinit)
                  0033ae3b    0000000a                       : exit.obj (.cinit)
                  0033ae45    00000004                       : errno.obj (.cinit)
                  0033ae49    00000004                       : fopen.obj (.cinit)
                  0033ae4d    00000004                       : memory.obj (.cinit)
                  0033ae51    00000002     --HOLE-- [fill = 0]

.econst    0    0033ae54    000002f6     
                  0033ae54    0000017e     main.obj (.econst:.string)
                  0033afd2    00000101     rts2800_fpu32.lib : ctype.obj (.econst:.string:__ctypes_)
                  0033b0d3    00000001     --HOLE-- [fill = 0]
                  0033b0d4    00000024     TM1650_IIC.obj (.econst:.string)
                  0033b0f8    00000024     rts2800_fpu32.lib : _printfi.obj (.econst:.string)
                  0033b11c    00000018                       : _printfi.obj (.econst)
                  0033b134    0000000e     sci_base.obj (.econst:.string)
                  0033b142    00000006     main.obj (.econst:_$P$T0$1)
                  0033b148    00000002     rts2800_fpu32.lib : fputs.obj (.econst:.string)

codestart 
*          0    0033fff6    00000002     
                  0033fff6    00000002     DSP2833x_CodeStartBranch.obj (codestart)

.adc_cal   0    00380080    00000007     NOLOAD SECTION
                  00380080    00000007     DSP2833x_ADC_cal.obj (.adc_cal)

FPUmathTables 
*          0    003febdc    000006a0     NOLOAD SECTION
                  003febdc    000006a0     rts2800_fpu32_fast_supplement.lib : FPUmathTables.obj (FPUmathTables)

.reset     0    003fffc0    00000002     DSECT
                  003fffc0    00000002     rts2800_fpu32.lib : boot.obj (.reset)

vectors    0    003fffc2    00000000     DSECT

.stack     1    00000050    00000380     UNINITIALIZED
                  00000050    00000380     --HOLE--

.sysmem    1    000003d0    00000400     UNINITIALIZED
                  000003d0    00000001     rts2800_fpu32.lib : memory.obj (.sysmem)
                  000003d1    000003ff     --HOLE--

DevEmuRegsFile 
*          1    00000880    000000d0     UNINITIALIZED
                  00000880    000000d0     DSP2833x_GlobalVariableDefs.obj (DevEmuRegsFile)

FlashRegsFile 
*          1    00000a80    00000008     UNINITIALIZED
                  00000a80    00000008     DSP2833x_GlobalVariableDefs.obj (FlashRegsFile)

CsmRegsFile 
*          1    00000ae0    00000010     UNINITIALIZED
                  00000ae0    00000010     DSP2833x_GlobalVariableDefs.obj (CsmRegsFile)

AdcMirrorFile 
*          1    00000b00    00000010     UNINITIALIZED
                  00000b00    00000010     DSP2833x_GlobalVariableDefs.obj (AdcMirrorFile)

XintfRegsFile 
*          1    00000b20    0000001e     UNINITIALIZED
                  00000b20    0000001e     DSP2833x_GlobalVariableDefs.obj (XintfRegsFile)

CpuTimer0RegsFile 
*          1    00000c00    00000008     UNINITIALIZED
                  00000c00    00000008     DSP2833x_GlobalVariableDefs.obj (CpuTimer0RegsFile)

CpuTimer1RegsFile 
*          1    00000c08    00000008     UNINITIALIZED
                  00000c08    00000008     DSP2833x_GlobalVariableDefs.obj (CpuTimer1RegsFile)

CpuTimer2RegsFile 
*          1    00000c10    00000008     UNINITIALIZED
                  00000c10    00000008     DSP2833x_GlobalVariableDefs.obj (CpuTimer2RegsFile)

PieCtrlRegsFile 
*          1    00000ce0    0000001a     UNINITIALIZED
                  00000ce0    0000001a     DSP2833x_GlobalVariableDefs.obj (PieCtrlRegsFile)

PieVectTableFile 
*          1    00000d00    00000100     UNINITIALIZED
                  00000d00    00000100     DSP2833x_GlobalVariableDefs.obj (PieVectTableFile)

DmaRegsFile 
*          1    00001000    000000e0     UNINITIALIZED
                  00001000    000000e0     DSP2833x_GlobalVariableDefs.obj (DmaRegsFile)

McbspaRegsFile 
*          1    00005000    00000025     UNINITIALIZED
                  00005000    00000025     DSP2833x_GlobalVariableDefs.obj (McbspaRegsFile)

McbspbRegsFile 
*          1    00005040    00000025     UNINITIALIZED
                  00005040    00000025     DSP2833x_GlobalVariableDefs.obj (McbspbRegsFile)

ECanaRegsFile 
*          1    00006000    00000034     UNINITIALIZED
                  00006000    00000034     DSP2833x_GlobalVariableDefs.obj (ECanaRegsFile)

ECanaLAMRegsFile 
*          1    00006040    00000040     UNINITIALIZED
                  00006040    00000040     DSP2833x_GlobalVariableDefs.obj (ECanaLAMRegsFile)

ECanaMOTSRegsFile 
*          1    00006080    00000040     UNINITIALIZED
                  00006080    00000040     DSP2833x_GlobalVariableDefs.obj (ECanaMOTSRegsFile)

ECanaMOTORegsFile 
*          1    000060c0    00000040     UNINITIALIZED
                  000060c0    00000040     DSP2833x_GlobalVariableDefs.obj (ECanaMOTORegsFile)

ECanaMboxesFile 
*          1    00006100    00000100     UNINITIALIZED
                  00006100    00000100     DSP2833x_GlobalVariableDefs.obj (ECanaMboxesFile)

ECanbRegsFile 
*          1    00006200    00000034     UNINITIALIZED
                  00006200    00000034     DSP2833x_GlobalVariableDefs.obj (ECanbRegsFile)

ECanbLAMRegsFile 
*          1    00006240    00000040     UNINITIALIZED
                  00006240    00000040     DSP2833x_GlobalVariableDefs.obj (ECanbLAMRegsFile)

ECanbMOTSRegsFile 
*          1    00006280    00000040     UNINITIALIZED
                  00006280    00000040     DSP2833x_GlobalVariableDefs.obj (ECanbMOTSRegsFile)

ECanbMOTORegsFile 
*          1    000062c0    00000040     UNINITIALIZED
                  000062c0    00000040     DSP2833x_GlobalVariableDefs.obj (ECanbMOTORegsFile)

ECanbMboxesFile 
*          1    00006300    00000100     UNINITIALIZED
                  00006300    00000100     DSP2833x_GlobalVariableDefs.obj (ECanbMboxesFile)

EPwm1RegsFile 
*          1    00006800    00000022     UNINITIALIZED
                  00006800    00000022     DSP2833x_GlobalVariableDefs.obj (EPwm1RegsFile)

EPwm2RegsFile 
*          1    00006840    00000022     UNINITIALIZED
                  00006840    00000022     DSP2833x_GlobalVariableDefs.obj (EPwm2RegsFile)

EPwm3RegsFile 
*          1    00006880    00000022     UNINITIALIZED
                  00006880    00000022     DSP2833x_GlobalVariableDefs.obj (EPwm3RegsFile)

EPwm4RegsFile 
*          1    000068c0    00000022     UNINITIALIZED
                  000068c0    00000022     DSP2833x_GlobalVariableDefs.obj (EPwm4RegsFile)

EPwm5RegsFile 
*          1    00006900    00000022     UNINITIALIZED
                  00006900    00000022     DSP2833x_GlobalVariableDefs.obj (EPwm5RegsFile)

EPwm6RegsFile 
*          1    00006940    00000022     UNINITIALIZED
                  00006940    00000022     DSP2833x_GlobalVariableDefs.obj (EPwm6RegsFile)

ECap1RegsFile 
*          1    00006a00    00000020     UNINITIALIZED
                  00006a00    00000020     DSP2833x_GlobalVariableDefs.obj (ECap1RegsFile)

ECap2RegsFile 
*          1    00006a20    00000020     UNINITIALIZED
                  00006a20    00000020     DSP2833x_GlobalVariableDefs.obj (ECap2RegsFile)

ECap3RegsFile 
*          1    00006a40    00000020     UNINITIALIZED
                  00006a40    00000020     DSP2833x_GlobalVariableDefs.obj (ECap3RegsFile)

ECap4RegsFile 
*          1    00006a60    00000020     UNINITIALIZED
                  00006a60    00000020     DSP2833x_GlobalVariableDefs.obj (ECap4RegsFile)

ECap5RegsFile 
*          1    00006a80    00000020     UNINITIALIZED
                  00006a80    00000020     DSP2833x_GlobalVariableDefs.obj (ECap5RegsFile)

ECap6RegsFile 
*          1    00006aa0    00000020     UNINITIALIZED
                  00006aa0    00000020     DSP2833x_GlobalVariableDefs.obj (ECap6RegsFile)

EQep1RegsFile 
*          1    00006b00    00000040     UNINITIALIZED
                  00006b00    00000040     DSP2833x_GlobalVariableDefs.obj (EQep1RegsFile)

EQep2RegsFile 
*          1    00006b40    00000040     UNINITIALIZED
                  00006b40    00000040     DSP2833x_GlobalVariableDefs.obj (EQep2RegsFile)

GpioCtrlRegsFile 
*          1    00006f80    0000002e     UNINITIALIZED
                  00006f80    0000002e     DSP2833x_GlobalVariableDefs.obj (GpioCtrlRegsFile)

GpioDataRegsFile 
*          1    00006fc0    00000020     UNINITIALIZED
                  00006fc0    00000020     DSP2833x_GlobalVariableDefs.obj (GpioDataRegsFile)

GpioIntRegsFile 
*          1    00006fe0    0000000a     UNINITIALIZED
                  00006fe0    0000000a     DSP2833x_GlobalVariableDefs.obj (GpioIntRegsFile)

SysCtrlRegsFile 
*          1    00007010    00000020     UNINITIALIZED
                  00007010    00000020     DSP2833x_GlobalVariableDefs.obj (SysCtrlRegsFile)

SpiaRegsFile 
*          1    00007040    00000010     UNINITIALIZED
                  00007040    00000010     DSP2833x_GlobalVariableDefs.obj (SpiaRegsFile)

SciaRegsFile 
*          1    00007050    00000010     UNINITIALIZED
                  00007050    00000010     DSP2833x_GlobalVariableDefs.obj (SciaRegsFile)

XIntruptRegsFile 
*          1    00007070    00000010     UNINITIALIZED
                  00007070    00000010     DSP2833x_GlobalVariableDefs.obj (XIntruptRegsFile)

AdcRegsFile 
*          1    00007100    0000001e     UNINITIALIZED
                  00007100    0000001e     DSP2833x_GlobalVariableDefs.obj (AdcRegsFile)

ScibRegsFile 
*          1    00007750    00000010     UNINITIALIZED
                  00007750    00000010     DSP2833x_GlobalVariableDefs.obj (ScibRegsFile)

ScicRegsFile 
*          1    00007770    00000010     UNINITIALIZED
                  00007770    00000010     DSP2833x_GlobalVariableDefs.obj (ScicRegsFile)

I2caRegsFile 
*          1    00007900    00000022     UNINITIALIZED
                  00007900    00000022     DSP2833x_GlobalVariableDefs.obj (I2caRegsFile)

.ebss      1    0000c000    000005c8     UNINITIALIZED
                  0000c000    000002e4     main.obj (.ebss)
                  0000c2e4    00000018     sci_base.obj (.ebss)
                  0000c2fc    00000004     rts2800_fpu32.lib : _lock.obj (.ebss)
                  0000c300    00000160                       : defs.obj (.ebss)
                  0000c460    00000008                       : memory.obj (.ebss)
                  0000c468    00000008                       : trgdrv.obj (.ebss)
                  0000c470    00000004                       : exit.obj (.ebss)
                  0000c474    00000001                       : errno.obj (.ebss)
                  0000c475    00000001                       : fopen.obj (.ebss)
                  0000c476    0000000a     --HOLE--
                  0000c480    0000009a     TM1650_IIC.obj (.ebss)
                  0000c51a    00000026     --HOLE--
                  0000c540    00000088     rts2800_fpu32.lib : lowlev.obj (.ebss)

DLOG       1    0000c5c8    00000320     UNINITIALIZED
                  0000c5c8    00000320     DLOG4CHC.obj (DLOG)

.cio       1    0000c900    00000120     UNINITIALIZED
                  0000c900    00000120     rts2800_fpu32.lib : ankmsg.obj (.cio)

CsmPwlFile 
*          1    0033fff8    00000008     UNINITIALIZED
                  0033fff8    00000008     DSP2833x_GlobalVariableDefs.obj (CsmPwlFile)

PartIdRegsFile 
*          1    00380090    00000001     UNINITIALIZED
                  00380090    00000001     DSP2833x_GlobalVariableDefs.obj (PartIdRegsFile)


GLOBAL DATA SYMBOLS: SORTED BY DATA PAGE

address     data page           name
--------    ----------------    ----
00000050       1 (00000040)     __stack

000003d0       f (000003c0)     __sys_memory

00000880      22 (00000880)     _DevEmuRegs

00000a80      2a (00000a80)     _FlashRegs

00000ae0      2b (00000ac0)     _CsmRegs

00000b00      2c (00000b00)     _AdcMirror
00000b20      2c (00000b00)     _XintfRegs

00000c00      30 (00000c00)     _CpuTimer0Regs
00000c08      30 (00000c00)     _CpuTimer1Regs
00000c10      30 (00000c00)     _CpuTimer2Regs

00000ce0      33 (00000cc0)     _PieCtrlRegs

00000d00      34 (00000d00)     _PieVectTable

00001000      40 (00001000)     _DmaRegs

00005000     140 (00005000)     _McbspaRegs

00005040     141 (00005040)     _McbspbRegs

00006000     180 (00006000)     _ECanaRegs

00006040     181 (00006040)     _ECanaLAMRegs

00006080     182 (00006080)     _ECanaMOTSRegs

000060c0     183 (000060c0)     _ECanaMOTORegs

00006100     184 (00006100)     _ECanaMboxes

00006200     188 (00006200)     _ECanbRegs

00006240     189 (00006240)     _ECanbLAMRegs

00006280     18a (00006280)     _ECanbMOTSRegs

000062c0     18b (000062c0)     _ECanbMOTORegs

00006300     18c (00006300)     _ECanbMboxes

00006800     1a0 (00006800)     _EPwm1Regs

00006840     1a1 (00006840)     _EPwm2Regs

00006880     1a2 (00006880)     _EPwm3Regs

000068c0     1a3 (000068c0)     _EPwm4Regs

00006900     1a4 (00006900)     _EPwm5Regs

00006940     1a5 (00006940)     _EPwm6Regs

00006a00     1a8 (00006a00)     _ECap1Regs
00006a20     1a8 (00006a00)     _ECap2Regs

00006a40     1a9 (00006a40)     _ECap3Regs
00006a60     1a9 (00006a40)     _ECap4Regs

00006a80     1aa (00006a80)     _ECap5Regs
00006aa0     1aa (00006a80)     _ECap6Regs

00006b00     1ac (00006b00)     _EQep1Regs

00006b40     1ad (00006b40)     _EQep2Regs

00006f80     1be (00006f80)     _GpioCtrlRegs

00006fc0     1bf (00006fc0)     _GpioDataRegs
00006fe0     1bf (00006fc0)     _GpioIntRegs

00007010     1c0 (00007000)     _SysCtrlRegs

00007040     1c1 (00007040)     _SpiaRegs
00007050     1c1 (00007040)     _SciaRegs
00007070     1c1 (00007040)     _XIntruptRegs

00007100     1c4 (00007100)     _AdcRegs

00007750     1dd (00007740)     _ScibRegs
00007770     1dd (00007740)     _ScicRegs

00007900     1e4 (00007900)     _I2caRegs

0000c000     300 (0000c000)     _Set_speed
0000c001     300 (0000c000)     _speedSorce
0000c002     300 (0000c000)     _ADC_speed
0000c003     300 (0000c000)     _KEY_speed
0000c004     300 (0000c000)     _DlogCh1
0000c005     300 (0000c000)     _DlogCh2
0000c006     300 (0000c000)     _lsw
0000c007     300 (0000c000)     _sensorOnHighSpeed
0000c008     300 (0000c000)     _sensorOnLowSpeed
0000c009     300 (0000c000)     _dataPtr
0000c00a     300 (0000c000)     _MotorDir
0000c00b     300 (0000c000)     _TripFlagDMC
0000c00c     300 (0000c000)     _sensorOffHighSpeed
0000c00d     300 (0000c000)     _sensorOffLowSpeed
0000c00e     300 (0000c000)     _chx
0000c00f     300 (0000c000)     _CRCcode
0000c010     300 (0000c000)     _jcnt
0000c011     300 (0000c000)     _dataTFT
0000c012     300 (0000c000)     _keyReg
0000c013     300 (0000c000)     _Tmp
0000c014     300 (0000c000)     _TestCalibratedAngle
0000c015     300 (0000c000)     _SpeedLoopPrescaler
0000c016     300 (0000c000)     _SpeedLoopCount
0000c017     300 (0000c000)     _DlogCh3
0000c018     300 (0000c000)     _DlogCh4
0000c019     300 (0000c000)     _i
0000c01a     300 (0000c000)     _RawTheraCnt
0000c01b     300 (0000c000)     _lswWaitStart
0000c01c     300 (0000c000)     _jj
0000c01e     300 (0000c000)     _SpeedRefTemp
0000c020     300 (0000c000)     _SpeedRefLast
0000c022     300 (0000c000)     _Alpha_State_Ptr
0000c024     300 (0000c000)     _lsw_cnt
0000c026     300 (0000c000)     _IdRef
0000c028     300 (0000c000)     _VqTesting
0000c02a     300 (0000c000)     _OldRawTheta
0000c02c     300 (0000c000)     _SpeedRef
0000c02e     300 (0000c000)     _K2
0000c030     300 (0000c000)     _IsrTicker
0000c032     300 (0000c000)     _T
0000c034     300 (0000c000)     _offsetB
0000c036     300 (0000c000)     _offsetA
0000c038     300 (0000c000)     _K1
0000c03a     300 (0000c000)     _offsetC
0000c03c     300 (0000c000)     _Zpos
0000c03e     300 (0000c000)     _VdTesting

0000c040     301 (0000c040)     _lsw_def
0000c044     301 (0000c040)     _eQEP
0000c04a     301 (0000c040)     _pwmdac1
0000c050     301 (0000c040)     _setBPSTFT
0000c058     301 (0000c040)     _pwm2
0000c062     301 (0000c040)     _unlockTFT
0000c06c     301 (0000c040)     _clarke1
0000c076     301 (0000c040)     _pwm1

0000c080     302 (0000c080)     _VdFindIndex
0000c08c     302 (0000c080)     _IqRef
0000c098     302 (0000c080)     _rg1
0000c0a4     302 (0000c080)     _smo1_const
0000c0b2     302 (0000c080)     _ipark1

0000c0c0     303 (0000c0c0)     _park1
0000c0ce     303 (0000c0c0)     _ePWM
0000c0dc     303 (0000c0c0)     _eCAP
0000c0ea     303 (0000c0c0)     _cmdTFT_CHx

0000c100     304 (0000c100)     _rc1
0000c110     304 (0000c100)     _ACQPS
0000c120     304 (0000c100)     _ChSel
0000c130     304 (0000c100)     _TrigSel

0000c140     305 (0000c140)     _svgen1
0000c152     305 (0000c140)     _speed3
0000c164     305 (0000c140)     _qep1

0000c180     306 (0000c180)     _speed1
0000c194     306 (0000c180)     _CmdT
0000c1a8     306 (0000c180)     _volt1

0000c1c0     307 (0000c1c0)     _dlog
0000c1d6     307 (0000c1c0)     _pi_id

0000c200     308 (0000c200)     _pi_iq
0000c218     308 (0000c200)     _pi_spd

0000c240     309 (0000c240)     _smo1

0000c280     30a (0000c280)     _dataBuf

0000c2e4     30b (0000c2c0)     _resCode
0000c2e5     30b (0000c2c0)     _sumCode
0000c2e6     30b (0000c2c0)     _dataRdCnt
0000c2e7     30b (0000c2c0)     _SCIBrevCnt
0000c2e8     30b (0000c2c0)     _SCIBrevData
0000c2fc     30b (0000c2c0)     __unlock
0000c2fe     30b (0000c2c0)     __lock

0000c300     30c (0000c300)     ___TI_ft_end

0000c340     30d (0000c340)     __ftable

0000c3c0     30f (0000c3c0)     ___TI_tmpnams

0000c470     311 (0000c440)     ___TI_cleanup_ptr
0000c472     311 (0000c440)     ___TI_dtors_ptr
0000c474     311 (0000c440)     _errno

0000c480     312 (0000c480)     _LigntVal
0000c481     312 (0000c480)     _SEG_DIG4_Cmd
0000c482     312 (0000c480)     _keyVal
0000c484     312 (0000c480)     _PtrMsg
0000c488     312 (0000c480)     _IIC_ISR_String
0000c498     312 (0000c480)     _SEG7Table

0000c4c0     313 (0000c4c0)     _AT24C02Msg
0000c4da     313 (0000c4c0)     _TM1650

0000c500     314 (0000c500)     _ICF8591Msg

0000c900     324 (0000c900)     __CIOBUF_

0033afd2    cebf (0033afc0)     __ctypes_

0033fff8    cfff (0033ffc0)     _CsmPwl

00380090    e002 (00380080)     _PartIdRegs

003febdc    ffaf (003febc0)     _FPUsinTable

003fecdc    ffb3 (003fecc0)     _FPUcosTable

003fefdc    ffbf (003fefc0)     _FPUsinTableEnd

003ff0de    ffc3 (003ff0c0)     _FPUatan2HalfPITable
003ff0de    ffc3 (003ff0c0)     _FPUcosTableEnd
003ff0e2    ffc3 (003ff0c0)     _FPUatan2Table

003ff268    ffc9 (003ff240)     _FPUatan2TableEnd


GLOBAL SYMBOLS: SORTED ALPHABETICALLY BY Name 

address    name
--------   ----
00338000   .text
0033a9ab   C$$EXIT
0033a28e   C$$IO$$
0033a1a1   FD$$ADD
0033a84f   FD$$CMP
0033a358   FD$$DIV
0033a3e3   FD$$MPY
0033aa85   FD$$NEG
0033aa2a   FD$$SUB
0033a8a3   FD$$TOI
0033a8e5   FD$$TOL
0033a9c4   FS$$DIV
0033a940   FS$$TOFD
0033a879   L$$DIV
0033a888   L$$MOD
0033a95c   L$$TOFD
0033a9dd   LL$$AND
0033a904   LL$$CMP
00339e07   LL$$DIV
00339e43   LL$$MOD
0033a9f5   LL$$MPY
0033a9e5   LL$$OR
0033a9ed   LL$$XOR
0033aa5d   U$$DIV
0033aa62   U$$MOD
0033a896   UL$$DIV
0033a89d   UL$$MOD
0033a916   ULL$$CMP
00339e7d   ULL$$DIV
00339eac   ULL$$MOD
00338d78   _A0
0000c110   _ACQPS
00380080   _ADC_cal
0000c002   _ADC_speed
0000c4c0   _AT24C02Msg
00000b00   _AdcMirror
00007100   _AdcRegs
0000c022   _Alpha_State_Ptr
00338daf   _B0
00338dc9   _C0
0000c00f   _CRCcode
0000c120   _ChSel
0000c194   _CmdT
00000c00   _CpuTimer0Regs
00000c08   _CpuTimer1Regs
00000c10   _CpuTimer2Regs
0033fff8   _CsmPwl
00000ae0   _CsmRegs
0033a659   _DLOG_4CH_init
0033a664   _DLOG_4CH_update
00008758   _DSP28x_usDelay
00000880   _DevEmuRegs
00339c53   _DeviceInit
0000c004   _DlogCh1
0000c005   _DlogCh2
0000c017   _DlogCh3
0000c018   _DlogCh4
00001000   _DmaRegs
00338fac   _DrawLine
00338fdf   _DrawLine_TFT
00006040   _ECanaLAMRegs
000060c0   _ECanaMOTORegs
00006080   _ECanaMOTSRegs
00006100   _ECanaMboxes
00006000   _ECanaRegs
00006240   _ECanbLAMRegs
000062c0   _ECanbMOTORegs
00006280   _ECanbMOTSRegs
00006300   _ECanbMboxes
00006200   _ECanbRegs
00006a00   _ECap1Regs
00006a20   _ECap2Regs
00006a40   _ECap3Regs
00006a60   _ECap4Regs
00006a80   _ECap5Regs
00006aa0   _ECap6Regs
00006800   _EPwm1Regs
00006840   _EPwm2Regs
00006880   _EPwm3Regs
000068c0   _EPwm4Regs
00006900   _EPwm5Regs
00006940   _EPwm6Regs
00006b00   _EQep1Regs
00006b40   _EQep2Regs
0000859e   _FOCIdleISR
003ff0de   _FPUatan2HalfPITable
003ff0e2   _FPUatan2Table
003ff268   _FPUatan2TableEnd
003fecdc   _FPUcosTable
003ff0de   _FPUcosTableEnd
003febdc   _FPUsinTable
003fefdc   _FPUsinTableEnd
00000a80   _FlashRegs
0033903d   _GetCRC16
00006f80   _GpioCtrlRegs
00006fc0   _GpioDataRegs
00006fe0   _GpioIntRegs
00339a55   _HOSTclock
00339a2b   _HOSTclose
00339a03   _HOSTgetenv
003399b6   _HOSTlseek
00339977   _HOSTopen
00339939   _HOSTread
003398fb   _HOSTrename
003398d0   _HOSTtime
003398a8   _HOSTunlink
00339871   _HOSTwrite
00338e72   _HVDMC_Protection
00339205   _HexPrintf
00339430   _I2CA_Init
003394b2   _I2CA_Rxdata_STOP
00339482   _I2CA_Tx_STOP
00007900   _I2caRegs
0000c500   _ICF8591Msg
0000c488   _IIC_ISR_String
00338f18   _IPM_EN
0033aa68   _ISR_ILLEGAL
0000c026   _IdRef
0000873d   _InitFlash
0033941a   _InitI2C_Gpio
00338f46   _InitKEY
0000c08c   _IqRef
0000c030   _IsrTicker
0000c038   _K1
0000c02e   _K2
0000c003   _KEY_speed
0000c480   _LigntVal
00008000   _MainISR
00005000   _McbspaRegs
00005040   _McbspbRegs
00339df2   _MemCopy
0000c00a   _MotorDir
000084c4   _OffsetISR
0000c02a   _OldRawTheta
00339d95   _PLLset
00380090   _PartIdRegs
00339db4   _PieCntlInit
00000ce0   _PieCtrlRegs
00000d00   _PieVectTable
00339dd3   _PieVectTableInit
0000c484   _PtrMsg
00338f2c   _RYInit
0032075c   _RamfuncsLoadEnd
00320000   _RamfuncsLoadStart
00008000   _RamfuncsRunStart
0000c01a   _RawTheraCnt
0033933e   _SCIB_485Res
0033930e   _SCIB_485RxFIFO
003392b7   _SCIB_Init
0000c2e7   _SCIBrevCnt
0000c2e8   _SCIBrevData
00339197   _SCIC_Init
00339154   _SCI_Init
0000c498   _SEG7Table
0000c481   _SEG_DIG4_Cmd
0033932c   _SUMcheck
00007050   _SciaRegs
00007750   _ScibRegs
00007770   _ScicRegs
0000c000   _Set_speed
0000c016   _SpeedLoopCount
0000c015   _SpeedLoopPrescaler
0000c02c   _SpeedRef
0000c020   _SpeedRefLast
0000c01e   _SpeedRefTemp
00007040   _SpiaRegs
00007010   _SysCtrlRegs
0000c032   _T
0000c4da   _TM1650
00339581   _TM1650_Init
003395c7   _TM1650_Read
00339609   _TM1650_SEG_show
0033958f   _TM1650_Send
00338eb8   _TZ_OSHT_Ctr
0000c014   _TestCalibratedAngle
0000c013   _Tmp
0000c130   _TrigSel
0000c00b   _TripFlagDMC
0000c080   _VdFindIndex
0000c03e   _VdTesting
0000c028   _VqTesting
00339d8d   _WDogDisable
00007070   _XIntruptRegs
00000b20   _XintfRegs
0000c03c   _Zpos
0000c900   __CIOBUF_
000003d0   __STACK_END
00000380   __STACK_SIZE
00000400   __SYSMEM_SIZE
00000001   __TI_args_main
00339f86   ___TI_cleanup
0000c470   ___TI_cleanup_ptr
0033a5a6   ___TI_closefile
0033a466   ___TI_doflush
0000c472   ___TI_dtors_ptr
0000c300   ___TI_ft_end
003388a6   ___TI_printfi
0033a57b   ___TI_rd_ok
0033a292   ___TI_readmsg
0000c3c0   ___TI_tmpnams
0033a23e   ___TI_writemsg
0033a541   ___TI_wrt_ok
ffffffff   ___binit__
ffffffff   ___c_args__
0033aaa6   ___cinit__
0033aaa6   ___etext__
0033a8c4   ___memcpy_ff
ffffffff   ___pinit__
00338000   ___text__
0033a992   __args_main
0033afd2   __ctypes_
0000c340   __ftable
0000c2fe   __lock
0033aa84   __nop
0033aa80   __register_lock
0033aa7c   __register_unlock
00000050   __stack
000003d0   __sys_memory
0000c2fc   __unlock
0033a9ab   _abort
003397f3   _add_device
0033a7c1   _atoi
0033a6a4   _c_int00
00339c3c   _calloc
00339c3a   _chkheap
0000c00e   _chx
0000c06c   _clarke1
003397c1   _close
00338f52   _closeBridge
0000c0ea   _cmdTFT_CHx
0033a727   _cos
0000c280   _dataBuf
0000c009   _dataPtr
0000c2e6   _dataRdCnt
0000c011   _dataTFT
0000c1c0   _dlog
0000c0dc   _eCAP
0000c0ce   _ePWM
0000c044   _eQEP
003393bb   _enSCIBRevOnce
0000c474   _errno
0033a9ad   _exit
0033a4d9   _exp
0033a5ea   _fclose
0033a495   _fflush
00339ff4   _fopen
0033a605   _fputc
0033a0f1   _fputs
00339a80   _free
00339c1c   _free_memory
00339fa3   _freopen
0033a6ea   _fseek
0000c019   _i
0033aa09   _i2c_int1a_isr
0000c0b2   _ipark1
0000c010   _jcnt
0000c01c   _jj
0000c012   _keyReg
0000c482   _keyVal
0033a7f2   _ldexp
003397a9   _lseek
0000c006   _lsw
0000c01b   _lswWaitStart
0000c024   _lsw_cnt
0000c040   _lsw_def
0033a823   _ltoa
003389a9   _main
00339ae9   _malloc
00339bfa   _max_free
0033aa38   _memccpy
0033aa1a   _memchr
0033aa45   _memset
00339ac3   _minit
0033a978   _modf
00339270   _my_close
0033929d   _my_lseek
00339267   _my_open
00339275   _my_read
003392ad   _my_rename
003392a6   _my_unlink
0033927e   _my_write
0000c036   _offsetA
0000c034   _offsetB
0000c03a   _offsetC
00339735   _open
00338f74   _openLowBridge
00339236   _open_uart_debug
0000c0c0   _park1
0000c1d6   _pi_id
0000c200   _pi_iq
0000c218   _pi_spd
0033a795   _printf
0033a605   _putc
0033a654   _putchar
0033a18e   _puts
0000c076   _pwm1
0000c058   _pwm2
0000c04a   _pwmdac1
0000c164   _qep1
0000c100   _rc1
0033971d   _read
00339b41   _realloc
0033aaa3   _remove
00339703   _remove_device
003396d7   _rename
0000c2e4   _resCode
0000c098   _rg1
0033906a   _scanKey
0033920f   _sciPutString
003391cb   _scia_xmit
003392f1   _scib_xmit
003391e8   _scic_xmit
0000c00c   _sensorOffHighSpeed
0000c00d   _sensorOffLowSpeed
0000c007   _sensorOnHighSpeed
0000c008   _sensorOnLowSpeed
0000c050   _setBPSTFT
00338f96   _setPWMFree
0033a2cc   _setvbuf
0033a75b   _sin
0000c240   _smo1
0000c0a4   _smo1_const
003394c3   _softResetIIC_BUS
0000c180   _speed1
0000c152   _speed3
0000c001   _speedSorce
0033aa51   _strchr
0033aa72   _strcmp
0033aa9e   _strcpy
0033aa96   _strlen
0033a922   _strncpy
0000c2e5   _sumCode
0000c140   _svgen1
0033a0b6   _uartRxB_isr
0033a00e   _uartRx_isr
0033a062   _uartRxc_isr
003396bf   _unlink
0000c062   _unlockTFT
0000c1a8   _volt1
00339658   _write
ffffffff   binit
0033aaa6   cinit
0033fff6   code_start
0033aaa6   etext
ffffffff   pinit


GLOBAL SYMBOLS: SORTED BY Symbol Address 

address    name
--------   ----
00000001   __TI_args_main
00000050   __stack
00000380   __STACK_SIZE
000003d0   __STACK_END
000003d0   __sys_memory
00000400   __SYSMEM_SIZE
00000880   _DevEmuRegs
00000a80   _FlashRegs
00000ae0   _CsmRegs
00000b00   _AdcMirror
00000b20   _XintfRegs
00000c00   _CpuTimer0Regs
00000c08   _CpuTimer1Regs
00000c10   _CpuTimer2Regs
00000ce0   _PieCtrlRegs
00000d00   _PieVectTable
00001000   _DmaRegs
00005000   _McbspaRegs
00005040   _McbspbRegs
00006000   _ECanaRegs
00006040   _ECanaLAMRegs
00006080   _ECanaMOTSRegs
000060c0   _ECanaMOTORegs
00006100   _ECanaMboxes
00006200   _ECanbRegs
00006240   _ECanbLAMRegs
00006280   _ECanbMOTSRegs
000062c0   _ECanbMOTORegs
00006300   _ECanbMboxes
00006800   _EPwm1Regs
00006840   _EPwm2Regs
00006880   _EPwm3Regs
000068c0   _EPwm4Regs
00006900   _EPwm5Regs
00006940   _EPwm6Regs
00006a00   _ECap1Regs
00006a20   _ECap2Regs
00006a40   _ECap3Regs
00006a60   _ECap4Regs
00006a80   _ECap5Regs
00006aa0   _ECap6Regs
00006b00   _EQep1Regs
00006b40   _EQep2Regs
00006f80   _GpioCtrlRegs
00006fc0   _GpioDataRegs
00006fe0   _GpioIntRegs
00007010   _SysCtrlRegs
00007040   _SpiaRegs
00007050   _SciaRegs
00007070   _XIntruptRegs
00007100   _AdcRegs
00007750   _ScibRegs
00007770   _ScicRegs
00007900   _I2caRegs
00008000   _MainISR
00008000   _RamfuncsRunStart
000084c4   _OffsetISR
0000859e   _FOCIdleISR
0000873d   _InitFlash
00008758   _DSP28x_usDelay
0000c000   _Set_speed
0000c001   _speedSorce
0000c002   _ADC_speed
0000c003   _KEY_speed
0000c004   _DlogCh1
0000c005   _DlogCh2
0000c006   _lsw
0000c007   _sensorOnHighSpeed
0000c008   _sensorOnLowSpeed
0000c009   _dataPtr
0000c00a   _MotorDir
0000c00b   _TripFlagDMC
0000c00c   _sensorOffHighSpeed
0000c00d   _sensorOffLowSpeed
0000c00e   _chx
0000c00f   _CRCcode
0000c010   _jcnt
0000c011   _dataTFT
0000c012   _keyReg
0000c013   _Tmp
0000c014   _TestCalibratedAngle
0000c015   _SpeedLoopPrescaler
0000c016   _SpeedLoopCount
0000c017   _DlogCh3
0000c018   _DlogCh4
0000c019   _i
0000c01a   _RawTheraCnt
0000c01b   _lswWaitStart
0000c01c   _jj
0000c01e   _SpeedRefTemp
0000c020   _SpeedRefLast
0000c022   _Alpha_State_Ptr
0000c024   _lsw_cnt
0000c026   _IdRef
0000c028   _VqTesting
0000c02a   _OldRawTheta
0000c02c   _SpeedRef
0000c02e   _K2
0000c030   _IsrTicker
0000c032   _T
0000c034   _offsetB
0000c036   _offsetA
0000c038   _K1
0000c03a   _offsetC
0000c03c   _Zpos
0000c03e   _VdTesting
0000c040   _lsw_def
0000c044   _eQEP
0000c04a   _pwmdac1
0000c050   _setBPSTFT
0000c058   _pwm2
0000c062   _unlockTFT
0000c06c   _clarke1
0000c076   _pwm1
0000c080   _VdFindIndex
0000c08c   _IqRef
0000c098   _rg1
0000c0a4   _smo1_const
0000c0b2   _ipark1
0000c0c0   _park1
0000c0ce   _ePWM
0000c0dc   _eCAP
0000c0ea   _cmdTFT_CHx
0000c100   _rc1
0000c110   _ACQPS
0000c120   _ChSel
0000c130   _TrigSel
0000c140   _svgen1
0000c152   _speed3
0000c164   _qep1
0000c180   _speed1
0000c194   _CmdT
0000c1a8   _volt1
0000c1c0   _dlog
0000c1d6   _pi_id
0000c200   _pi_iq
0000c218   _pi_spd
0000c240   _smo1
0000c280   _dataBuf
0000c2e4   _resCode
0000c2e5   _sumCode
0000c2e6   _dataRdCnt
0000c2e7   _SCIBrevCnt
0000c2e8   _SCIBrevData
0000c2fc   __unlock
0000c2fe   __lock
0000c300   ___TI_ft_end
0000c340   __ftable
0000c3c0   ___TI_tmpnams
0000c470   ___TI_cleanup_ptr
0000c472   ___TI_dtors_ptr
0000c474   _errno
0000c480   _LigntVal
0000c481   _SEG_DIG4_Cmd
0000c482   _keyVal
0000c484   _PtrMsg
0000c488   _IIC_ISR_String
0000c498   _SEG7Table
0000c4c0   _AT24C02Msg
0000c4da   _TM1650
0000c500   _ICF8591Msg
0000c900   __CIOBUF_
00320000   _RamfuncsLoadStart
0032075c   _RamfuncsLoadEnd
00338000   .text
00338000   ___text__
003388a6   ___TI_printfi
003389a9   _main
00338d78   _A0
00338daf   _B0
00338dc9   _C0
00338e72   _HVDMC_Protection
00338eb8   _TZ_OSHT_Ctr
00338f18   _IPM_EN
00338f2c   _RYInit
00338f46   _InitKEY
00338f52   _closeBridge
00338f74   _openLowBridge
00338f96   _setPWMFree
00338fac   _DrawLine
00338fdf   _DrawLine_TFT
0033903d   _GetCRC16
0033906a   _scanKey
00339154   _SCI_Init
00339197   _SCIC_Init
003391cb   _scia_xmit
003391e8   _scic_xmit
00339205   _HexPrintf
0033920f   _sciPutString
00339236   _open_uart_debug
00339267   _my_open
00339270   _my_close
00339275   _my_read
0033927e   _my_write
0033929d   _my_lseek
003392a6   _my_unlink
003392ad   _my_rename
003392b7   _SCIB_Init
003392f1   _scib_xmit
0033930e   _SCIB_485RxFIFO
0033932c   _SUMcheck
0033933e   _SCIB_485Res
003393bb   _enSCIBRevOnce
0033941a   _InitI2C_Gpio
00339430   _I2CA_Init
00339482   _I2CA_Tx_STOP
003394b2   _I2CA_Rxdata_STOP
003394c3   _softResetIIC_BUS
00339581   _TM1650_Init
0033958f   _TM1650_Send
003395c7   _TM1650_Read
00339609   _TM1650_SEG_show
00339658   _write
003396bf   _unlink
003396d7   _rename
00339703   _remove_device
0033971d   _read
00339735   _open
003397a9   _lseek
003397c1   _close
003397f3   _add_device
00339871   _HOSTwrite
003398a8   _HOSTunlink
003398d0   _HOSTtime
003398fb   _HOSTrename
00339939   _HOSTread
00339977   _HOSTopen
003399b6   _HOSTlseek
00339a03   _HOSTgetenv
00339a2b   _HOSTclose
00339a55   _HOSTclock
00339a80   _free
00339ac3   _minit
00339ae9   _malloc
00339b41   _realloc
00339bfa   _max_free
00339c1c   _free_memory
00339c3a   _chkheap
00339c3c   _calloc
00339c53   _DeviceInit
00339d8d   _WDogDisable
00339d95   _PLLset
00339db4   _PieCntlInit
00339dd3   _PieVectTableInit
00339df2   _MemCopy
00339e07   LL$$DIV
00339e43   LL$$MOD
00339e7d   ULL$$DIV
00339eac   ULL$$MOD
00339f86   ___TI_cleanup
00339fa3   _freopen
00339ff4   _fopen
0033a00e   _uartRx_isr
0033a062   _uartRxc_isr
0033a0b6   _uartRxB_isr
0033a0f1   _fputs
0033a18e   _puts
0033a1a1   FD$$ADD
0033a23e   ___TI_writemsg
0033a28e   C$$IO$$
0033a292   ___TI_readmsg
0033a2cc   _setvbuf
0033a358   FD$$DIV
0033a3e3   FD$$MPY
0033a466   ___TI_doflush
0033a495   _fflush
0033a4d9   _exp
0033a541   ___TI_wrt_ok
0033a57b   ___TI_rd_ok
0033a5a6   ___TI_closefile
0033a5ea   _fclose
0033a605   _fputc
0033a605   _putc
0033a654   _putchar
0033a659   _DLOG_4CH_init
0033a664   _DLOG_4CH_update
0033a6a4   _c_int00
0033a6ea   _fseek
0033a727   _cos
0033a75b   _sin
0033a795   _printf
0033a7c1   _atoi
0033a7f2   _ldexp
0033a823   _ltoa
0033a84f   FD$$CMP
0033a879   L$$DIV
0033a888   L$$MOD
0033a896   UL$$DIV
0033a89d   UL$$MOD
0033a8a3   FD$$TOI
0033a8c4   ___memcpy_ff
0033a8e5   FD$$TOL
0033a904   LL$$CMP
0033a916   ULL$$CMP
0033a922   _strncpy
0033a940   FS$$TOFD
0033a95c   L$$TOFD
0033a978   _modf
0033a992   __args_main
0033a9ab   C$$EXIT
0033a9ab   _abort
0033a9ad   _exit
0033a9c4   FS$$DIV
0033a9dd   LL$$AND
0033a9e5   LL$$OR
0033a9ed   LL$$XOR
0033a9f5   LL$$MPY
0033aa09   _i2c_int1a_isr
0033aa1a   _memchr
0033aa2a   FD$$SUB
0033aa38   _memccpy
0033aa45   _memset
0033aa51   _strchr
0033aa5d   U$$DIV
0033aa62   U$$MOD
0033aa68   _ISR_ILLEGAL
0033aa72   _strcmp
0033aa7c   __register_unlock
0033aa80   __register_lock
0033aa84   __nop
0033aa85   FD$$NEG
0033aa96   _strlen
0033aa9e   _strcpy
0033aaa3   _remove
0033aaa6   ___cinit__
0033aaa6   ___etext__
0033aaa6   cinit
0033aaa6   etext
0033afd2   __ctypes_
0033fff6   code_start
0033fff8   _CsmPwl
00380080   _ADC_cal
00380090   _PartIdRegs
003febdc   _FPUsinTable
003fecdc   _FPUcosTable
003fefdc   _FPUsinTableEnd
003ff0de   _FPUatan2HalfPITable
003ff0de   _FPUcosTableEnd
003ff0e2   _FPUatan2Table
003ff268   _FPUatan2TableEnd
ffffffff   ___binit__
ffffffff   ___c_args__
ffffffff   ___pinit__
ffffffff   binit
ffffffff   pinit

[345 symbols]
