<?xml version="1.0"?>
<link_info>
   <banner>TMS320C2000 Linker PC v6.2.3</banner>
   <copyright>Copyright (c) 1996-2013 Texas Instruments Incorporated</copyright>
   <link_time>0x628353b4</link_time>
   <link_errors>0x0</link_errors>
   <output_file>HVPM_DSP28335_Motor_PMSM.out</output_file>
   <entry_point>
      <name>_c_int00</name>
      <address>0x33a6b5</address>
   </entry_point>
   <input_file_list>
      <input_file id="fl-5">
         <path>.\</path>
         <kind>object</kind>
         <file>DLOG4CHC.obj</file>
         <name>DLOG4CHC.obj</name>
      </input_file>
      <input_file id="fl-6">
         <path>.\</path>
         <kind>object</kind>
         <file>DSP2833x_ADC_cal.obj</file>
         <name>DSP2833x_ADC_cal.obj</name>
      </input_file>
      <input_file id="fl-7">
         <path>.\</path>
         <kind>object</kind>
         <file>DSP2833x_CodeStartBranch.obj</file>
         <name>DSP2833x_CodeStartBranch.obj</name>
      </input_file>
      <input_file id="fl-8">
         <path>.\</path>
         <kind>object</kind>
         <file>DSP2833x_GlobalVariableDefs.obj</file>
         <name>DSP2833x_GlobalVariableDefs.obj</name>
      </input_file>
      <input_file id="fl-9">
         <path>.\</path>
         <kind>object</kind>
         <file>DSP2833x_usDelay.obj</file>
         <name>DSP2833x_usDelay.obj</name>
      </input_file>
      <input_file id="fl-a">
         <path>.\</path>
         <kind>object</kind>
         <file>HVPM_Sensorless-DevInit_F2833x.obj</file>
         <name>HVPM_Sensorless-DevInit_F2833x.obj</name>
      </input_file>
      <input_file id="fl-b">
         <path>.\</path>
         <kind>object</kind>
         <file>TM1650_IIC.obj</file>
         <name>TM1650_IIC.obj</name>
      </input_file>
      <input_file id="fl-c">
         <path>.\</path>
         <kind>object</kind>
         <file>main.obj</file>
         <name>main.obj</name>
      </input_file>
      <input_file id="fl-d">
         <path>.\</path>
         <kind>object</kind>
         <file>sci_base.obj</file>
         <name>sci_base.obj</name>
      </input_file>
      <input_file id="fl-10">
         <path>C:\ti\ccsv6\tools\compiler\ti_cgt_c2000_6.2.3_setup_win32\lib\</path>
         <kind>archive</kind>
         <file>rts2800_fpu32.lib</file>
         <name>boot.obj</name>
      </input_file>
      <input_file id="fl-12">
         <path>C:\ti\ccsv6\tools\compiler\ti_cgt_c2000_6.2.3_setup_win32\lib\</path>
         <kind>archive</kind>
         <file>rts2800_fpu32.lib</file>
         <name>exit.obj</name>
      </input_file>
      <input_file id="fl-13">
         <path>C:\ti\ccsv6\tools\compiler\ti_cgt_c2000_6.2.3_setup_win32\lib\</path>
         <kind>archive</kind>
         <file>rts2800_fpu32.lib</file>
         <name>_lock.obj</name>
      </input_file>
      <input_file id="fl-14">
         <path>C:\ti\ccsv6\tools\compiler\ti_cgt_c2000_6.2.3_setup_win32\lib\</path>
         <kind>archive</kind>
         <file>rts2800_fpu32.lib</file>
         <name>args_main.obj</name>
      </input_file>
      <input_file id="fl-15">
         <path>E:\ti\controlSUITE\libs\math\FPUfastRTS\V100\lib\</path>
         <kind>archive</kind>
         <file>rts2800_fpu32_fast_supplement.lib</file>
         <name>sin_f32.obj</name>
      </input_file>
      <input_file id="fl-16">
         <path>E:\ti\controlSUITE\libs\math\FPUfastRTS\V100\lib\</path>
         <kind>archive</kind>
         <file>rts2800_fpu32_fast_supplement.lib</file>
         <name>div_f32.obj</name>
      </input_file>
      <input_file id="fl-17">
         <path>E:\ti\controlSUITE\libs\math\FPUfastRTS\V100\lib\</path>
         <kind>archive</kind>
         <file>rts2800_fpu32_fast_supplement.lib</file>
         <name>cos_f32.obj</name>
      </input_file>
      <input_file id="fl-18">
         <path>E:\ti\controlSUITE\libs\math\FPUfastRTS\V100\lib\</path>
         <kind>archive</kind>
         <file>rts2800_fpu32_fast_supplement.lib</file>
         <name>atan2_f32.obj</name>
      </input_file>
      <input_file id="fl-19">
         <path>E:\ti\controlSUITE\libs\math\FPUfastRTS\V100\lib\</path>
         <kind>archive</kind>
         <file>rts2800_fpu32_fast_supplement.lib</file>
         <name>FPUmathTables.obj</name>
      </input_file>
      <input_file id="fl-1a">
         <path>C:\ti\ccsv6\tools\compiler\ti_cgt_c2000_6.2.3_setup_win32\lib\</path>
         <kind>archive</kind>
         <file>rts2800_fpu32.lib</file>
         <name>defs.obj</name>
      </input_file>
      <input_file id="fl-1b">
         <path>C:\ti\ccsv6\tools\compiler\ti_cgt_c2000_6.2.3_setup_win32\lib\</path>
         <kind>archive</kind>
         <file>rts2800_fpu32.lib</file>
         <name>exp.obj</name>
      </input_file>
      <input_file id="fl-1c">
         <path>C:\ti\ccsv6\tools\compiler\ti_cgt_c2000_6.2.3_setup_win32\lib\</path>
         <kind>archive</kind>
         <file>rts2800_fpu32.lib</file>
         <name>fopen.obj</name>
      </input_file>
      <input_file id="fl-1d">
         <path>C:\ti\ccsv6\tools\compiler\ti_cgt_c2000_6.2.3_setup_win32\lib\</path>
         <kind>archive</kind>
         <file>rts2800_fpu32.lib</file>
         <name>l_div.obj</name>
      </input_file>
      <input_file id="fl-1e">
         <path>C:\ti\ccsv6\tools\compiler\ti_cgt_c2000_6.2.3_setup_win32\lib\</path>
         <kind>archive</kind>
         <file>rts2800_fpu32.lib</file>
         <name>ldexp.obj</name>
      </input_file>
      <input_file id="fl-1f">
         <path>C:\ti\ccsv6\tools\compiler\ti_cgt_c2000_6.2.3_setup_win32\lib\</path>
         <kind>archive</kind>
         <file>rts2800_fpu32.lib</file>
         <name>lowlev.obj</name>
      </input_file>
      <input_file id="fl-20">
         <path>C:\ti\ccsv6\tools\compiler\ti_cgt_c2000_6.2.3_setup_win32\lib\</path>
         <kind>archive</kind>
         <file>rts2800_fpu32.lib</file>
         <name>modf.obj</name>
      </input_file>
      <input_file id="fl-21">
         <path>C:\ti\ccsv6\tools\compiler\ti_cgt_c2000_6.2.3_setup_win32\lib\</path>
         <kind>archive</kind>
         <file>rts2800_fpu32.lib</file>
         <name>printf.obj</name>
      </input_file>
      <input_file id="fl-22">
         <path>C:\ti\ccsv6\tools\compiler\ti_cgt_c2000_6.2.3_setup_win32\lib\</path>
         <kind>archive</kind>
         <file>rts2800_fpu32.lib</file>
         <name>setvbuf.obj</name>
      </input_file>
      <input_file id="fl-23">
         <path>C:\ti\ccsv6\tools\compiler\ti_cgt_c2000_6.2.3_setup_win32\lib\</path>
         <kind>archive</kind>
         <file>rts2800_fpu32.lib</file>
         <name>strchr.obj</name>
      </input_file>
      <input_file id="fl-24">
         <path>C:\ti\ccsv6\tools\compiler\ti_cgt_c2000_6.2.3_setup_win32\lib\</path>
         <kind>archive</kind>
         <file>rts2800_fpu32.lib</file>
         <name>strcmp.obj</name>
      </input_file>
      <input_file id="fl-25">
         <path>C:\ti\ccsv6\tools\compiler\ti_cgt_c2000_6.2.3_setup_win32\lib\</path>
         <kind>archive</kind>
         <file>rts2800_fpu32.lib</file>
         <name>strncpy.obj</name>
      </input_file>
      <input_file id="fl-26">
         <path>C:\ti\ccsv6\tools\compiler\ti_cgt_c2000_6.2.3_setup_win32\lib\</path>
         <kind>archive</kind>
         <file>rts2800_fpu32.lib</file>
         <name>trgdrv.obj</name>
      </input_file>
      <input_file id="fl-27">
         <path>C:\ti\ccsv6\tools\compiler\ti_cgt_c2000_6.2.3_setup_win32\lib\</path>
         <kind>archive</kind>
         <file>rts2800_fpu32.lib</file>
         <name>u_div.obj</name>
      </input_file>
      <input_file id="fl-28">
         <path>C:\ti\ccsv6\tools\compiler\ti_cgt_c2000_6.2.3_setup_win32\lib\</path>
         <kind>archive</kind>
         <file>rts2800_fpu32.lib</file>
         <name>_printfi.obj</name>
      </input_file>
      <input_file id="fl-29">
         <path>C:\ti\ccsv6\tools\compiler\ti_cgt_c2000_6.2.3_setup_win32\lib\</path>
         <kind>archive</kind>
         <file>rts2800_fpu32.lib</file>
         <name>ankmsg.obj</name>
      </input_file>
      <input_file id="fl-2a">
         <path>C:\ti\ccsv6\tools\compiler\ti_cgt_c2000_6.2.3_setup_win32\lib\</path>
         <kind>archive</kind>
         <file>rts2800_fpu32.lib</file>
         <name>atoi.obj</name>
      </input_file>
      <input_file id="fl-2b">
         <path>C:\ti\ccsv6\tools\compiler\ti_cgt_c2000_6.2.3_setup_win32\lib\</path>
         <kind>archive</kind>
         <file>rts2800_fpu32.lib</file>
         <name>ctype.obj</name>
      </input_file>
      <input_file id="fl-2c">
         <path>C:\ti\ccsv6\tools\compiler\ti_cgt_c2000_6.2.3_setup_win32\lib\</path>
         <kind>archive</kind>
         <file>rts2800_fpu32.lib</file>
         <name>errno.obj</name>
      </input_file>
      <input_file id="fl-2d">
         <path>C:\ti\ccsv6\tools\compiler\ti_cgt_c2000_6.2.3_setup_win32\lib\</path>
         <kind>archive</kind>
         <file>rts2800_fpu32.lib</file>
         <name>fclose.obj</name>
      </input_file>
      <input_file id="fl-2e">
         <path>C:\ti\ccsv6\tools\compiler\ti_cgt_c2000_6.2.3_setup_win32\lib\</path>
         <kind>archive</kind>
         <file>rts2800_fpu32.lib</file>
         <name>fd_cmp.obj</name>
      </input_file>
      <input_file id="fl-2f">
         <path>C:\ti\ccsv6\tools\compiler\ti_cgt_c2000_6.2.3_setup_win32\lib\</path>
         <kind>archive</kind>
         <file>rts2800_fpu32.lib</file>
         <name>fd_div.obj</name>
      </input_file>
      <input_file id="fl-30">
         <path>C:\ti\ccsv6\tools\compiler\ti_cgt_c2000_6.2.3_setup_win32\lib\</path>
         <kind>archive</kind>
         <file>rts2800_fpu32.lib</file>
         <name>fd_mpy.obj</name>
      </input_file>
      <input_file id="fl-31">
         <path>C:\ti\ccsv6\tools\compiler\ti_cgt_c2000_6.2.3_setup_win32\lib\</path>
         <kind>archive</kind>
         <file>rts2800_fpu32.lib</file>
         <name>fd_neg.obj</name>
      </input_file>
      <input_file id="fl-32">
         <path>C:\ti\ccsv6\tools\compiler\ti_cgt_c2000_6.2.3_setup_win32\lib\</path>
         <kind>archive</kind>
         <file>rts2800_fpu32.lib</file>
         <name>fd_sub.obj</name>
      </input_file>
      <input_file id="fl-33">
         <path>C:\ti\ccsv6\tools\compiler\ti_cgt_c2000_6.2.3_setup_win32\lib\</path>
         <kind>archive</kind>
         <file>rts2800_fpu32.lib</file>
         <name>fd_toi.obj</name>
      </input_file>
      <input_file id="fl-34">
         <path>C:\ti\ccsv6\tools\compiler\ti_cgt_c2000_6.2.3_setup_win32\lib\</path>
         <kind>archive</kind>
         <file>rts2800_fpu32.lib</file>
         <name>fd_tol.obj</name>
      </input_file>
      <input_file id="fl-35">
         <path>C:\ti\ccsv6\tools\compiler\ti_cgt_c2000_6.2.3_setup_win32\lib\</path>
         <kind>archive</kind>
         <file>rts2800_fpu32.lib</file>
         <name>fflush.obj</name>
      </input_file>
      <input_file id="fl-36">
         <path>C:\ti\ccsv6\tools\compiler\ti_cgt_c2000_6.2.3_setup_win32\lib\</path>
         <kind>archive</kind>
         <file>rts2800_fpu32.lib</file>
         <name>fputc.obj</name>
      </input_file>
      <input_file id="fl-37">
         <path>C:\ti\ccsv6\tools\compiler\ti_cgt_c2000_6.2.3_setup_win32\lib\</path>
         <kind>archive</kind>
         <file>rts2800_fpu32.lib</file>
         <name>fputs.obj</name>
      </input_file>
      <input_file id="fl-38">
         <path>C:\ti\ccsv6\tools\compiler\ti_cgt_c2000_6.2.3_setup_win32\lib\</path>
         <kind>archive</kind>
         <file>rts2800_fpu32.lib</file>
         <name>fs_tofd.obj</name>
      </input_file>
      <input_file id="fl-39">
         <path>C:\ti\ccsv6\tools\compiler\ti_cgt_c2000_6.2.3_setup_win32\lib\</path>
         <kind>archive</kind>
         <file>rts2800_fpu32.lib</file>
         <name>l_tofd.obj</name>
      </input_file>
      <input_file id="fl-3a">
         <path>C:\ti\ccsv6\tools\compiler\ti_cgt_c2000_6.2.3_setup_win32\lib\</path>
         <kind>archive</kind>
         <file>rts2800_fpu32.lib</file>
         <name>ll_aox.obj</name>
      </input_file>
      <input_file id="fl-3b">
         <path>C:\ti\ccsv6\tools\compiler\ti_cgt_c2000_6.2.3_setup_win32\lib\</path>
         <kind>archive</kind>
         <file>rts2800_fpu32.lib</file>
         <name>ll_cmp.obj</name>
      </input_file>
      <input_file id="fl-3c">
         <path>C:\ti\ccsv6\tools\compiler\ti_cgt_c2000_6.2.3_setup_win32\lib\</path>
         <kind>archive</kind>
         <file>rts2800_fpu32.lib</file>
         <name>ll_div.obj</name>
      </input_file>
      <input_file id="fl-3d">
         <path>C:\ti\ccsv6\tools\compiler\ti_cgt_c2000_6.2.3_setup_win32\lib\</path>
         <kind>archive</kind>
         <file>rts2800_fpu32.lib</file>
         <name>ll_mpy.obj</name>
      </input_file>
      <input_file id="fl-3e">
         <path>C:\ti\ccsv6\tools\compiler\ti_cgt_c2000_6.2.3_setup_win32\lib\</path>
         <kind>archive</kind>
         <file>rts2800_fpu32.lib</file>
         <name>ltoa.obj</name>
      </input_file>
      <input_file id="fl-3f">
         <path>C:\ti\ccsv6\tools\compiler\ti_cgt_c2000_6.2.3_setup_win32\lib\</path>
         <kind>archive</kind>
         <file>rts2800_fpu32.lib</file>
         <name>memccpy.obj</name>
      </input_file>
      <input_file id="fl-40">
         <path>C:\ti\ccsv6\tools\compiler\ti_cgt_c2000_6.2.3_setup_win32\lib\</path>
         <kind>archive</kind>
         <file>rts2800_fpu32.lib</file>
         <name>memchr.obj</name>
      </input_file>
      <input_file id="fl-41">
         <path>C:\ti\ccsv6\tools\compiler\ti_cgt_c2000_6.2.3_setup_win32\lib\</path>
         <kind>archive</kind>
         <file>rts2800_fpu32.lib</file>
         <name>memcpy_ff.obj</name>
      </input_file>
      <input_file id="fl-42">
         <path>C:\ti\ccsv6\tools\compiler\ti_cgt_c2000_6.2.3_setup_win32\lib\</path>
         <kind>archive</kind>
         <file>rts2800_fpu32.lib</file>
         <name>memory.obj</name>
      </input_file>
      <input_file id="fl-43">
         <path>C:\ti\ccsv6\tools\compiler\ti_cgt_c2000_6.2.3_setup_win32\lib\</path>
         <kind>archive</kind>
         <file>rts2800_fpu32.lib</file>
         <name>memset.obj</name>
      </input_file>
      <input_file id="fl-44">
         <path>C:\ti\ccsv6\tools\compiler\ti_cgt_c2000_6.2.3_setup_win32\lib\</path>
         <kind>archive</kind>
         <file>rts2800_fpu32.lib</file>
         <name>remove.obj</name>
      </input_file>
      <input_file id="fl-45">
         <path>C:\ti\ccsv6\tools\compiler\ti_cgt_c2000_6.2.3_setup_win32\lib\</path>
         <kind>archive</kind>
         <file>rts2800_fpu32.lib</file>
         <name>strcpy.obj</name>
      </input_file>
      <input_file id="fl-46">
         <path>C:\ti\ccsv6\tools\compiler\ti_cgt_c2000_6.2.3_setup_win32\lib\</path>
         <kind>archive</kind>
         <file>rts2800_fpu32.lib</file>
         <name>strlen.obj</name>
      </input_file>
      <input_file id="fl-47">
         <path>C:\ti\ccsv6\tools\compiler\ti_cgt_c2000_6.2.3_setup_win32\lib\</path>
         <kind>archive</kind>
         <file>rts2800_fpu32.lib</file>
         <name>_io_perm.obj</name>
      </input_file>
      <input_file id="fl-48">
         <path>C:\ti\ccsv6\tools\compiler\ti_cgt_c2000_6.2.3_setup_win32\lib\</path>
         <kind>archive</kind>
         <file>rts2800_fpu32.lib</file>
         <name>fd_add.obj</name>
      </input_file>
      <input_file id="fl-49">
         <path>C:\ti\ccsv6\tools\compiler\ti_cgt_c2000_6.2.3_setup_win32\lib\</path>
         <kind>archive</kind>
         <file>rts2800_fpu32.lib</file>
         <name>fseek.obj</name>
      </input_file>
   </input_file_list>
   <object_component_list>
      <object_component id="oc-96">
         <name>PieVectTableFile</name>
         <uninitialized>true</uninitialized>
         <run_address>0xd00</run_address>
         <size>0x100</size>
         <input_file_ref idref="fl-8"/>
      </object_component>
      <object_component id="oc-92">
         <name>DevEmuRegsFile</name>
         <uninitialized>true</uninitialized>
         <run_address>0x880</run_address>
         <size>0xd0</size>
         <input_file_ref idref="fl-8"/>
      </object_component>
      <object_component id="oc-68">
         <name>FlashRegsFile</name>
         <uninitialized>true</uninitialized>
         <run_address>0xa80</run_address>
         <size>0x8</size>
         <input_file_ref idref="fl-8"/>
      </object_component>
      <object_component id="oc-70">
         <name>CsmRegsFile</name>
         <uninitialized>true</uninitialized>
         <run_address>0xae0</run_address>
         <size>0x10</size>
         <input_file_ref idref="fl-8"/>
      </object_component>
      <object_component id="oc-71">
         <name>AdcMirrorFile</name>
         <uninitialized>true</uninitialized>
         <run_address>0xb00</run_address>
         <size>0x10</size>
         <input_file_ref idref="fl-8"/>
      </object_component>
      <object_component id="oc-75">
         <name>XintfRegsFile</name>
         <uninitialized>true</uninitialized>
         <run_address>0xb20</run_address>
         <size>0x1e</size>
         <input_file_ref idref="fl-8"/>
      </object_component>
      <object_component id="oc-69">
         <name>CpuTimer0RegsFile</name>
         <uninitialized>true</uninitialized>
         <run_address>0xc00</run_address>
         <size>0x8</size>
         <input_file_ref idref="fl-8"/>
      </object_component>
      <object_component id="oc-6a">
         <name>CpuTimer1RegsFile</name>
         <uninitialized>true</uninitialized>
         <run_address>0xc08</run_address>
         <size>0x8</size>
         <input_file_ref idref="fl-8"/>
      </object_component>
      <object_component id="oc-66">
         <name>CpuTimer2RegsFile</name>
         <uninitialized>true</uninitialized>
         <run_address>0xc10</run_address>
         <size>0x8</size>
         <input_file_ref idref="fl-8"/>
      </object_component>
      <object_component id="oc-73">
         <name>PieCtrlRegsFile</name>
         <uninitialized>true</uninitialized>
         <run_address>0xce0</run_address>
         <size>0x1a</size>
         <input_file_ref idref="fl-8"/>
      </object_component>
      <object_component id="oc-93">
         <name>DmaRegsFile</name>
         <uninitialized>true</uninitialized>
         <run_address>0x1000</run_address>
         <size>0xe0</size>
         <input_file_ref idref="fl-8"/>
      </object_component>
      <object_component id="oc-86">
         <name>McbspaRegsFile</name>
         <uninitialized>true</uninitialized>
         <run_address>0x5000</run_address>
         <size>0x25</size>
         <input_file_ref idref="fl-8"/>
      </object_component>
      <object_component id="oc-85">
         <name>McbspbRegsFile</name>
         <uninitialized>true</uninitialized>
         <run_address>0x5040</run_address>
         <size>0x25</size>
         <input_file_ref idref="fl-8"/>
      </object_component>
      <object_component id="oc-88">
         <name>ECanaRegsFile</name>
         <uninitialized>true</uninitialized>
         <run_address>0x6000</run_address>
         <size>0x34</size>
         <input_file_ref idref="fl-8"/>
      </object_component>
      <object_component id="oc-8c">
         <name>ECanaLAMRegsFile</name>
         <uninitialized>true</uninitialized>
         <run_address>0x6040</run_address>
         <size>0x40</size>
         <input_file_ref idref="fl-8"/>
      </object_component>
      <object_component id="oc-95">
         <name>ECanaMboxesFile</name>
         <uninitialized>true</uninitialized>
         <run_address>0x6100</run_address>
         <size>0x100</size>
         <input_file_ref idref="fl-8"/>
      </object_component>
      <object_component id="oc-8d">
         <name>ECanaMOTSRegsFile</name>
         <uninitialized>true</uninitialized>
         <run_address>0x6080</run_address>
         <size>0x40</size>
         <input_file_ref idref="fl-8"/>
      </object_component>
      <object_component id="oc-8a">
         <name>ECanaMOTORegsFile</name>
         <uninitialized>true</uninitialized>
         <run_address>0x60c0</run_address>
         <size>0x40</size>
         <input_file_ref idref="fl-8"/>
      </object_component>
      <object_component id="oc-89">
         <name>ECanbRegsFile</name>
         <uninitialized>true</uninitialized>
         <run_address>0x6200</run_address>
         <size>0x34</size>
         <input_file_ref idref="fl-8"/>
      </object_component>
      <object_component id="oc-91">
         <name>ECanbLAMRegsFile</name>
         <uninitialized>true</uninitialized>
         <run_address>0x6240</run_address>
         <size>0x40</size>
         <input_file_ref idref="fl-8"/>
      </object_component>
      <object_component id="oc-94">
         <name>ECanbMboxesFile</name>
         <uninitialized>true</uninitialized>
         <run_address>0x6300</run_address>
         <size>0x100</size>
         <input_file_ref idref="fl-8"/>
      </object_component>
      <object_component id="oc-8b">
         <name>ECanbMOTSRegsFile</name>
         <uninitialized>true</uninitialized>
         <run_address>0x6280</run_address>
         <size>0x40</size>
         <input_file_ref idref="fl-8"/>
      </object_component>
      <object_component id="oc-8e">
         <name>ECanbMOTORegsFile</name>
         <uninitialized>true</uninitialized>
         <run_address>0x62c0</run_address>
         <size>0x40</size>
         <input_file_ref idref="fl-8"/>
      </object_component>
      <object_component id="oc-83">
         <name>EPwm1RegsFile</name>
         <uninitialized>true</uninitialized>
         <run_address>0x6800</run_address>
         <size>0x22</size>
         <input_file_ref idref="fl-8"/>
      </object_component>
      <object_component id="oc-7e">
         <name>EPwm2RegsFile</name>
         <uninitialized>true</uninitialized>
         <run_address>0x6840</run_address>
         <size>0x22</size>
         <input_file_ref idref="fl-8"/>
      </object_component>
      <object_component id="oc-7f">
         <name>EPwm3RegsFile</name>
         <uninitialized>true</uninitialized>
         <run_address>0x6880</run_address>
         <size>0x22</size>
         <input_file_ref idref="fl-8"/>
      </object_component>
      <object_component id="oc-84">
         <name>EPwm4RegsFile</name>
         <uninitialized>true</uninitialized>
         <run_address>0x68c0</run_address>
         <size>0x22</size>
         <input_file_ref idref="fl-8"/>
      </object_component>
      <object_component id="oc-81">
         <name>EPwm5RegsFile</name>
         <uninitialized>true</uninitialized>
         <run_address>0x6900</run_address>
         <size>0x22</size>
         <input_file_ref idref="fl-8"/>
      </object_component>
      <object_component id="oc-82">
         <name>EPwm6RegsFile</name>
         <uninitialized>true</uninitialized>
         <run_address>0x6940</run_address>
         <size>0x22</size>
         <input_file_ref idref="fl-8"/>
      </object_component>
      <object_component id="oc-78">
         <name>ECap1RegsFile</name>
         <uninitialized>true</uninitialized>
         <run_address>0x6a00</run_address>
         <size>0x20</size>
         <input_file_ref idref="fl-8"/>
      </object_component>
      <object_component id="oc-79">
         <name>ECap2RegsFile</name>
         <uninitialized>true</uninitialized>
         <run_address>0x6a20</run_address>
         <size>0x20</size>
         <input_file_ref idref="fl-8"/>
      </object_component>
      <object_component id="oc-76">
         <name>ECap3RegsFile</name>
         <uninitialized>true</uninitialized>
         <run_address>0x6a40</run_address>
         <size>0x20</size>
         <input_file_ref idref="fl-8"/>
      </object_component>
      <object_component id="oc-77">
         <name>ECap4RegsFile</name>
         <uninitialized>true</uninitialized>
         <run_address>0x6a60</run_address>
         <size>0x20</size>
         <input_file_ref idref="fl-8"/>
      </object_component>
      <object_component id="oc-7c">
         <name>ECap5RegsFile</name>
         <uninitialized>true</uninitialized>
         <run_address>0x6a80</run_address>
         <size>0x20</size>
         <input_file_ref idref="fl-8"/>
      </object_component>
      <object_component id="oc-7d">
         <name>ECap6RegsFile</name>
         <uninitialized>true</uninitialized>
         <run_address>0x6aa0</run_address>
         <size>0x20</size>
         <input_file_ref idref="fl-8"/>
      </object_component>
      <object_component id="oc-8f">
         <name>EQep1RegsFile</name>
         <uninitialized>true</uninitialized>
         <run_address>0x6b00</run_address>
         <size>0x40</size>
         <input_file_ref idref="fl-8"/>
      </object_component>
      <object_component id="oc-90">
         <name>EQep2RegsFile</name>
         <uninitialized>true</uninitialized>
         <run_address>0x6b40</run_address>
         <size>0x40</size>
         <input_file_ref idref="fl-8"/>
      </object_component>
      <object_component id="oc-87">
         <name>GpioCtrlRegsFile</name>
         <uninitialized>true</uninitialized>
         <run_address>0x6f80</run_address>
         <size>0x2e</size>
         <input_file_ref idref="fl-8"/>
      </object_component>
      <object_component id="oc-7a">
         <name>GpioDataRegsFile</name>
         <uninitialized>true</uninitialized>
         <run_address>0x6fc0</run_address>
         <size>0x20</size>
         <input_file_ref idref="fl-8"/>
      </object_component>
      <object_component id="oc-6b">
         <name>GpioIntRegsFile</name>
         <uninitialized>true</uninitialized>
         <run_address>0x6fe0</run_address>
         <size>0xa</size>
         <input_file_ref idref="fl-8"/>
      </object_component>
      <object_component id="oc-7b">
         <name>SysCtrlRegsFile</name>
         <uninitialized>true</uninitialized>
         <run_address>0x7010</run_address>
         <size>0x20</size>
         <input_file_ref idref="fl-8"/>
      </object_component>
      <object_component id="oc-6c">
         <name>SpiaRegsFile</name>
         <uninitialized>true</uninitialized>
         <run_address>0x7040</run_address>
         <size>0x10</size>
         <input_file_ref idref="fl-8"/>
      </object_component>
      <object_component id="oc-6f">
         <name>SciaRegsFile</name>
         <uninitialized>true</uninitialized>
         <run_address>0x7050</run_address>
         <size>0x10</size>
         <input_file_ref idref="fl-8"/>
      </object_component>
      <object_component id="oc-72">
         <name>XIntruptRegsFile</name>
         <uninitialized>true</uninitialized>
         <run_address>0x7070</run_address>
         <size>0x10</size>
         <input_file_ref idref="fl-8"/>
      </object_component>
      <object_component id="oc-74">
         <name>AdcRegsFile</name>
         <uninitialized>true</uninitialized>
         <run_address>0x7100</run_address>
         <size>0x1e</size>
         <input_file_ref idref="fl-8"/>
      </object_component>
      <object_component id="oc-6d">
         <name>ScibRegsFile</name>
         <uninitialized>true</uninitialized>
         <run_address>0x7750</run_address>
         <size>0x10</size>
         <input_file_ref idref="fl-8"/>
      </object_component>
      <object_component id="oc-6e">
         <name>ScicRegsFile</name>
         <uninitialized>true</uninitialized>
         <run_address>0x7770</run_address>
         <size>0x10</size>
         <input_file_ref idref="fl-8"/>
      </object_component>
      <object_component id="oc-80">
         <name>I2caRegsFile</name>
         <uninitialized>true</uninitialized>
         <run_address>0x7900</run_address>
         <size>0x22</size>
         <input_file_ref idref="fl-8"/>
      </object_component>
      <object_component id="oc-67">
         <name>CsmPwlFile</name>
         <uninitialized>true</uninitialized>
         <run_address>0x33fff8</run_address>
         <size>0x8</size>
         <input_file_ref idref="fl-8"/>
      </object_component>
      <object_component id="oc-65">
         <name>PartIdRegsFile</name>
         <uninitialized>true</uninitialized>
         <run_address>0x380090</run_address>
         <size>0x1</size>
         <input_file_ref idref="fl-8"/>
      </object_component>
      <object_component id="oc-ae">
         <name>.cinit</name>
         <load_address>0x33aab7</load_address>
         <run_address>0x33aab7</run_address>
         <size>0x2d2</size>
         <input_file_ref idref="fl-c"/>
      </object_component>
      <object_component id="oc-a5">
         <name>.cinit</name>
         <load_address>0x33ad89</load_address>
         <run_address>0x33ad89</run_address>
         <size>0x52</size>
         <input_file_ref idref="fl-b"/>
      </object_component>
      <object_component id="oc-102">
         <name>.cinit</name>
         <load_address>0x33addb</load_address>
         <run_address>0x33addb</run_address>
         <size>0x31</size>
         <input_file_ref idref="fl-1f"/>
      </object_component>
      <object_component id="oc-e8">
         <name>.cinit</name>
         <load_address>0x33ae0c</load_address>
         <run_address>0x33ae0c</run_address>
         <size>0x2a</size>
         <input_file_ref idref="fl-1a"/>
      </object_component>
      <object_component id="oc-b7">
         <name>.cinit</name>
         <load_address>0x33ae36</load_address>
         <run_address>0x33ae36</run_address>
         <size>0xc</size>
         <input_file_ref idref="fl-d"/>
      </object_component>
      <object_component id="oc-cc">
         <name>.cinit</name>
         <load_address>0x33ae42</load_address>
         <run_address>0x33ae42</run_address>
         <size>0xa</size>
         <input_file_ref idref="fl-13"/>
      </object_component>
      <object_component id="oc-c5">
         <name>.cinit</name>
         <load_address>0x33ae4c</load_address>
         <run_address>0x33ae4c</run_address>
         <size>0xa</size>
         <input_file_ref idref="fl-12"/>
      </object_component>
      <object_component id="oc-144">
         <name>.cinit</name>
         <load_address>0x33ae56</load_address>
         <run_address>0x33ae56</run_address>
         <size>0x4</size>
         <input_file_ref idref="fl-2c"/>
      </object_component>
      <object_component id="oc-f2">
         <name>.cinit</name>
         <load_address>0x33ae5a</load_address>
         <run_address>0x33ae5a</run_address>
         <size>0x4</size>
         <input_file_ref idref="fl-1c"/>
      </object_component>
      <object_component id="oc-1a6">
         <name>.cinit</name>
         <load_address>0x33ae5e</load_address>
         <run_address>0x33ae5e</run_address>
         <size>0x4</size>
         <input_file_ref idref="fl-42"/>
      </object_component>
      <object_component id="oc-12f">
         <name>.text</name>
         <load_address>0x338000</load_address>
         <run_address>0x338000</run_address>
         <size>0x996</size>
         <input_file_ref idref="fl-28"/>
      </object_component>
      <object_component id="oc-ac">
         <name>.text</name>
         <load_address>0x338996</load_address>
         <run_address>0x338996</run_address>
         <size>0x780</size>
         <input_file_ref idref="fl-c"/>
      </object_component>
      <object_component id="oc-b5">
         <name>.text</name>
         <load_address>0x339116</load_address>
         <run_address>0x339116</run_address>
         <size>0x2c6</size>
         <input_file_ref idref="fl-d"/>
      </object_component>
      <object_component id="oc-a3">
         <name>.text</name>
         <load_address>0x3393dc</load_address>
         <run_address>0x3393dc</run_address>
         <size>0x23e</size>
         <input_file_ref idref="fl-b"/>
      </object_component>
      <object_component id="oc-100">
         <name>.text</name>
         <load_address>0x33961a</load_address>
         <run_address>0x33961a</run_address>
         <size>0x219</size>
         <input_file_ref idref="fl-1f"/>
      </object_component>
      <object_component id="oc-125">
         <name>.text</name>
         <load_address>0x339833</load_address>
         <run_address>0x339833</run_address>
         <size>0x20f</size>
         <input_file_ref idref="fl-26"/>
      </object_component>
      <object_component id="oc-1a4">
         <name>.text</name>
         <load_address>0x339a42</load_address>
         <run_address>0x339a42</run_address>
         <size>0x1d3</size>
         <input_file_ref idref="fl-42"/>
      </object_component>
      <object_component id="oc-9c">
         <name>.text</name>
         <load_address>0x339c15</load_address>
         <run_address>0x339c15</run_address>
         <size>0x1b4</size>
         <input_file_ref idref="fl-a"/>
      </object_component>
      <object_component id="oc-188">
         <name>.text</name>
         <load_address>0x339dc9</load_address>
         <run_address>0x339dc9</run_address>
         <size>0x107</size>
         <input_file_ref idref="fl-3c"/>
      </object_component>
      <object_component id="oc-f0">
         <name>.text</name>
         <load_address>0x339ed0</load_address>
         <run_address>0x339ed0</run_address>
         <size>0x100</size>
         <input_file_ref idref="fl-1c"/>
      </object_component>
      <object_component id="oc-b9">
         <name>.text:retain</name>
         <load_address>0x339fd0</load_address>
         <run_address>0x339fd0</run_address>
         <size>0xe3</size>
         <input_file_ref idref="fl-d"/>
      </object_component>
      <object_component id="oc-172">
         <name>.text</name>
         <load_address>0x33a0b3</load_address>
         <run_address>0x33a0b3</run_address>
         <size>0xb0</size>
         <input_file_ref idref="fl-37"/>
      </object_component>
      <object_component id="oc-1c5">
         <name>.text</name>
         <load_address>0x33a163</load_address>
         <run_address>0x33a163</run_address>
         <size>0x9c</size>
         <input_file_ref idref="fl-48"/>
      </object_component>
      <object_component id="oc-136">
         <name>.text</name>
         <load_address>0x33a200</load_address>
         <run_address>0x33a200</run_address>
         <size>0x8e</size>
         <input_file_ref idref="fl-29"/>
      </object_component>
      <object_component id="oc-111">
         <name>.text</name>
         <load_address>0x33a28e</load_address>
         <run_address>0x33a28e</run_address>
         <size>0x8c</size>
         <input_file_ref idref="fl-22"/>
      </object_component>
      <object_component id="oc-150">
         <name>.text</name>
         <load_address>0x33a31a</load_address>
         <run_address>0x33a31a</run_address>
         <size>0x8b</size>
         <input_file_ref idref="fl-2f"/>
      </object_component>
      <object_component id="oc-154">
         <name>.text</name>
         <load_address>0x33a3a5</load_address>
         <run_address>0x33a3a5</run_address>
         <size>0x83</size>
         <input_file_ref idref="fl-30"/>
      </object_component>
      <object_component id="oc-168">
         <name>.text</name>
         <load_address>0x33a428</load_address>
         <run_address>0x33a428</run_address>
         <size>0x73</size>
         <input_file_ref idref="fl-35"/>
      </object_component>
      <object_component id="oc-eb">
         <name>.text</name>
         <load_address>0x33a49b</load_address>
         <run_address>0x33a49b</run_address>
         <size>0x68</size>
         <input_file_ref idref="fl-1b"/>
      </object_component>
      <object_component id="oc-1c0">
         <name>.text</name>
         <load_address>0x33a503</load_address>
         <run_address>0x33a503</run_address>
         <size>0x65</size>
         <input_file_ref idref="fl-47"/>
      </object_component>
      <object_component id="oc-147">
         <name>.text</name>
         <load_address>0x33a568</load_address>
         <run_address>0x33a568</run_address>
         <size>0x5f</size>
         <input_file_ref idref="fl-2d"/>
      </object_component>
      <object_component id="oc-16d">
         <name>.text</name>
         <load_address>0x33a5c7</load_address>
         <run_address>0x33a5c7</run_address>
         <size>0x54</size>
         <input_file_ref idref="fl-36"/>
      </object_component>
      <object_component id="oc-e2">
         <name>.text</name>
         <load_address>0x33a61b</load_address>
         <run_address>0x33a61b</run_address>
         <size>0x4f</size>
         <input_file_ref idref="fl-18"/>
      </object_component>
      <object_component id="oc-56">
         <name>.text</name>
         <load_address>0x33a66a</load_address>
         <run_address>0x33a66a</run_address>
         <size>0x4b</size>
         <input_file_ref idref="fl-5"/>
      </object_component>
      <object_component id="oc-55">
         <name>.text</name>
         <load_address>0x33a6b5</load_address>
         <run_address>0x33a6b5</run_address>
         <size>0x46</size>
         <input_file_ref idref="fl-10"/>
      </object_component>
      <object_component id="oc-1c9">
         <name>.text</name>
         <load_address>0x33a6fb</load_address>
         <run_address>0x33a6fb</run_address>
         <size>0x3d</size>
         <input_file_ref idref="fl-49"/>
      </object_component>
      <object_component id="oc-de">
         <name>.text</name>
         <load_address>0x33a738</load_address>
         <run_address>0x33a738</run_address>
         <size>0x34</size>
         <input_file_ref idref="fl-17"/>
      </object_component>
      <object_component id="oc-d6">
         <name>.text</name>
         <load_address>0x33a76c</load_address>
         <run_address>0x33a76c</run_address>
         <size>0x34</size>
         <input_file_ref idref="fl-15"/>
      </object_component>
      <object_component id="oc-10c">
         <name>.text</name>
         <load_address>0x33a7a0</load_address>
         <run_address>0x33a7a0</run_address>
         <size>0x32</size>
         <input_file_ref idref="fl-21"/>
      </object_component>
      <object_component id="oc-13c">
         <name>.text</name>
         <load_address>0x33a7d2</load_address>
         <run_address>0x33a7d2</run_address>
         <size>0x31</size>
         <input_file_ref idref="fl-2a"/>
      </object_component>
      <object_component id="oc-fb">
         <name>.text</name>
         <load_address>0x33a803</load_address>
         <run_address>0x33a803</run_address>
         <size>0x31</size>
         <input_file_ref idref="fl-1e"/>
      </object_component>
      <object_component id="oc-190">
         <name>.text</name>
         <load_address>0x33a834</load_address>
         <run_address>0x33a834</run_address>
         <size>0x2c</size>
         <input_file_ref idref="fl-3e"/>
      </object_component>
      <object_component id="oc-14c">
         <name>.text</name>
         <load_address>0x33a860</load_address>
         <run_address>0x33a860</run_address>
         <size>0x2a</size>
         <input_file_ref idref="fl-2e"/>
      </object_component>
      <object_component id="oc-f7">
         <name>.text</name>
         <load_address>0x33a88a</load_address>
         <run_address>0x33a88a</run_address>
         <size>0x2a</size>
         <input_file_ref idref="fl-1d"/>
      </object_component>
      <object_component id="oc-160">
         <name>.text</name>
         <load_address>0x33a8b4</load_address>
         <run_address>0x33a8b4</run_address>
         <size>0x21</size>
         <input_file_ref idref="fl-33"/>
      </object_component>
      <object_component id="oc-19f">
         <name>.text</name>
         <load_address>0x33a8d5</load_address>
         <run_address>0x33a8d5</run_address>
         <size>0x21</size>
         <input_file_ref idref="fl-41"/>
      </object_component>
      <object_component id="oc-164">
         <name>.text</name>
         <load_address>0x33a8f6</load_address>
         <run_address>0x33a8f6</run_address>
         <size>0x1f</size>
         <input_file_ref idref="fl-34"/>
      </object_component>
      <object_component id="oc-184">
         <name>.text</name>
         <load_address>0x33a915</load_address>
         <run_address>0x33a915</run_address>
         <size>0x1e</size>
         <input_file_ref idref="fl-3b"/>
      </object_component>
      <object_component id="oc-120">
         <name>.text</name>
         <load_address>0x33a933</load_address>
         <run_address>0x33a933</run_address>
         <size>0x1e</size>
         <input_file_ref idref="fl-25"/>
      </object_component>
      <object_component id="oc-178">
         <name>.text</name>
         <load_address>0x33a951</load_address>
         <run_address>0x33a951</run_address>
         <size>0x1c</size>
         <input_file_ref idref="fl-38"/>
      </object_component>
      <object_component id="oc-17c">
         <name>.text</name>
         <load_address>0x33a96d</load_address>
         <run_address>0x33a96d</run_address>
         <size>0x1c</size>
         <input_file_ref idref="fl-39"/>
      </object_component>
      <object_component id="oc-107">
         <name>.text</name>
         <load_address>0x33a989</load_address>
         <run_address>0x33a989</run_address>
         <size>0x1a</size>
         <input_file_ref idref="fl-20"/>
      </object_component>
      <object_component id="oc-d1">
         <name>.text</name>
         <load_address>0x33a9a3</load_address>
         <run_address>0x33a9a3</run_address>
         <size>0x19</size>
         <input_file_ref idref="fl-14"/>
      </object_component>
      <object_component id="oc-c3">
         <name>.text</name>
         <load_address>0x33a9bc</load_address>
         <run_address>0x33a9bc</run_address>
         <size>0x19</size>
         <input_file_ref idref="fl-12"/>
      </object_component>
      <object_component id="oc-da">
         <name>.text</name>
         <load_address>0x33a9d5</load_address>
         <run_address>0x33a9d5</run_address>
         <size>0x19</size>
         <input_file_ref idref="fl-16"/>
      </object_component>
      <object_component id="oc-180">
         <name>.text</name>
         <load_address>0x33a9ee</load_address>
         <run_address>0x33a9ee</run_address>
         <size>0x18</size>
         <input_file_ref idref="fl-3a"/>
      </object_component>
      <object_component id="oc-18c">
         <name>.text</name>
         <load_address>0x33aa06</load_address>
         <run_address>0x33aa06</run_address>
         <size>0x14</size>
         <input_file_ref idref="fl-3d"/>
      </object_component>
      <object_component id="oc-a7">
         <name>.text:retain</name>
         <load_address>0x33aa1a</load_address>
         <run_address>0x33aa1a</run_address>
         <size>0x11</size>
         <input_file_ref idref="fl-b"/>
      </object_component>
      <object_component id="oc-19a">
         <name>.text</name>
         <load_address>0x33aa2b</load_address>
         <run_address>0x33aa2b</run_address>
         <size>0x10</size>
         <input_file_ref idref="fl-40"/>
      </object_component>
      <object_component id="oc-15c">
         <name>.text</name>
         <load_address>0x33aa3b</load_address>
         <run_address>0x33aa3b</run_address>
         <size>0xe</size>
         <input_file_ref idref="fl-32"/>
      </object_component>
      <object_component id="oc-195">
         <name>.text</name>
         <load_address>0x33aa49</load_address>
         <run_address>0x33aa49</run_address>
         <size>0xd</size>
         <input_file_ref idref="fl-3f"/>
      </object_component>
      <object_component id="oc-1ac">
         <name>.text</name>
         <load_address>0x33aa56</load_address>
         <run_address>0x33aa56</run_address>
         <size>0xc</size>
         <input_file_ref idref="fl-43"/>
      </object_component>
      <object_component id="oc-116">
         <name>.text</name>
         <load_address>0x33aa62</load_address>
         <run_address>0x33aa62</run_address>
         <size>0xc</size>
         <input_file_ref idref="fl-23"/>
      </object_component>
      <object_component id="oc-12b">
         <name>.text</name>
         <load_address>0x33aa6e</load_address>
         <run_address>0x33aa6e</run_address>
         <size>0xb</size>
         <input_file_ref idref="fl-27"/>
      </object_component>
      <object_component id="oc-9e">
         <name>.text:retain</name>
         <load_address>0x33aa79</load_address>
         <run_address>0x33aa79</run_address>
         <size>0xa</size>
         <input_file_ref idref="fl-a"/>
      </object_component>
      <object_component id="oc-11b">
         <name>.text</name>
         <load_address>0x33aa83</load_address>
         <run_address>0x33aa83</run_address>
         <size>0xa</size>
         <input_file_ref idref="fl-24"/>
      </object_component>
      <object_component id="oc-ca">
         <name>.text</name>
         <load_address>0x33aa8d</load_address>
         <run_address>0x33aa8d</run_address>
         <size>0x9</size>
         <input_file_ref idref="fl-13"/>
      </object_component>
      <object_component id="oc-158">
         <name>.text</name>
         <load_address>0x33aa96</load_address>
         <run_address>0x33aa96</run_address>
         <size>0x9</size>
         <input_file_ref idref="fl-31"/>
      </object_component>
      <object_component id="oc-5f">
         <name>.text</name>
         <load_address>0x33aa9f</load_address>
         <run_address>0x33aa9f</run_address>
         <size>0x8</size>
         <input_file_ref idref="fl-7"/>
      </object_component>
      <object_component id="oc-1bb">
         <name>.text</name>
         <load_address>0x33aaa7</load_address>
         <run_address>0x33aaa7</run_address>
         <size>0x8</size>
         <input_file_ref idref="fl-46"/>
      </object_component>
      <object_component id="oc-1b6">
         <name>.text</name>
         <load_address>0x33aaaf</load_address>
         <run_address>0x33aaaf</run_address>
         <size>0x5</size>
         <input_file_ref idref="fl-45"/>
      </object_component>
      <object_component id="oc-1b1">
         <name>.text</name>
         <load_address>0x33aab4</load_address>
         <run_address>0x33aab4</run_address>
         <size>0x3</size>
         <input_file_ref idref="fl-44"/>
      </object_component>
      <object_component id="oc-60">
         <name>codestart</name>
         <load_address>0x33fff6</load_address>
         <run_address>0x33fff6</run_address>
         <size>0x2</size>
         <input_file_ref idref="fl-7"/>
      </object_component>
      <object_component id="oc-b0">
         <name>ramfuncs:retain</name>
         <load_address>0x320000</load_address>
         <run_address>0x8000</run_address>
         <size>0x82d</size>
         <input_file_ref idref="fl-c"/>
      </object_component>
      <object_component id="oc-9f">
         <name>ramfuncs</name>
         <load_address>0x32082d</load_address>
         <run_address>0x882d</run_address>
         <size>0x1b</size>
         <input_file_ref idref="fl-a"/>
      </object_component>
      <object_component id="oc-98">
         <name>ramfuncs</name>
         <load_address>0x320848</load_address>
         <run_address>0x8848</run_address>
         <size>0x4</size>
         <input_file_ref idref="fl-9"/>
      </object_component>
      <object_component id="oc-be">
         <name>.stack</name>
         <uninitialized>true</uninitialized>
         <run_address>0x50</run_address>
         <size>0x0</size>
         <input_file_ref idref="fl-10"/>
      </object_component>
      <object_component id="oc-230">
         <name>.stack</name>
         <uninitialized>true</uninitialized>
         <run_address>0x50</run_address>
         <size>0x0</size>
      </object_component>
      <object_component id="oc-a6">
         <name>.ebss</name>
         <uninitialized>true</uninitialized>
         <run_address>0xc480</run_address>
         <size>0x9a</size>
         <input_file_ref idref="fl-b"/>
      </object_component>
      <object_component id="oc-af">
         <name>.ebss</name>
         <uninitialized>true</uninitialized>
         <run_address>0xc000</run_address>
         <size>0x2e4</size>
         <input_file_ref idref="fl-c"/>
      </object_component>
      <object_component id="oc-b8">
         <name>.ebss</name>
         <uninitialized>true</uninitialized>
         <run_address>0xc2e4</run_address>
         <size>0x18</size>
         <input_file_ref idref="fl-d"/>
      </object_component>
      <object_component id="oc-c6">
         <name>.ebss</name>
         <uninitialized>true</uninitialized>
         <run_address>0xc470</run_address>
         <size>0x4</size>
         <input_file_ref idref="fl-12"/>
      </object_component>
      <object_component id="oc-cd">
         <name>.ebss</name>
         <uninitialized>true</uninitialized>
         <run_address>0xc2fc</run_address>
         <size>0x4</size>
         <input_file_ref idref="fl-13"/>
      </object_component>
      <object_component id="oc-e9">
         <name>.ebss</name>
         <uninitialized>true</uninitialized>
         <run_address>0xc300</run_address>
         <size>0x160</size>
         <input_file_ref idref="fl-1a"/>
      </object_component>
      <object_component id="oc-f3">
         <name>.ebss</name>
         <uninitialized>true</uninitialized>
         <run_address>0xc475</run_address>
         <size>0x1</size>
         <input_file_ref idref="fl-1c"/>
      </object_component>
      <object_component id="oc-103">
         <name>.ebss</name>
         <uninitialized>true</uninitialized>
         <run_address>0xc540</run_address>
         <size>0x88</size>
         <input_file_ref idref="fl-1f"/>
      </object_component>
      <object_component id="oc-127">
         <name>.ebss</name>
         <uninitialized>true</uninitialized>
         <run_address>0xc468</run_address>
         <size>0x8</size>
         <input_file_ref idref="fl-26"/>
      </object_component>
      <object_component id="oc-145">
         <name>.ebss</name>
         <uninitialized>true</uninitialized>
         <run_address>0xc474</run_address>
         <size>0x1</size>
         <input_file_ref idref="fl-2c"/>
      </object_component>
      <object_component id="oc-1a7">
         <name>.ebss</name>
         <uninitialized>true</uninitialized>
         <run_address>0xc460</run_address>
         <size>0x8</size>
         <input_file_ref idref="fl-42"/>
      </object_component>
      <object_component id="oc-b1">
         <name>.econst:.string</name>
         <load_address>0x33ae64</load_address>
         <run_address>0x33ae64</run_address>
         <size>0x17e</size>
         <input_file_ref idref="fl-c"/>
      </object_component>
      <object_component id="oc-1cf">
         <name>.econst:.string:__ctypes_</name>
         <load_address>0x33afe2</load_address>
         <run_address>0x33afe2</run_address>
         <size>0x101</size>
         <input_file_ref idref="fl-2b"/>
      </object_component>
      <object_component id="oc-a8">
         <name>.econst:.string</name>
         <load_address>0x33b0e4</load_address>
         <run_address>0x33b0e4</run_address>
         <size>0x24</size>
         <input_file_ref idref="fl-b"/>
      </object_component>
      <object_component id="oc-132">
         <name>.econst:.string</name>
         <load_address>0x33b108</load_address>
         <run_address>0x33b108</run_address>
         <size>0x24</size>
         <input_file_ref idref="fl-28"/>
      </object_component>
      <object_component id="oc-131">
         <name>.econst</name>
         <load_address>0x33b12c</load_address>
         <run_address>0x33b12c</run_address>
         <size>0x18</size>
         <input_file_ref idref="fl-28"/>
      </object_component>
      <object_component id="oc-ba">
         <name>.econst:.string</name>
         <load_address>0x33b144</load_address>
         <run_address>0x33b144</run_address>
         <size>0xe</size>
         <input_file_ref idref="fl-d"/>
      </object_component>
      <object_component id="oc-1ce">
         <name>.econst:_$P$T0$1</name>
         <load_address>0x33b152</load_address>
         <run_address>0x33b152</run_address>
         <size>0x6</size>
         <input_file_ref idref="fl-c"/>
      </object_component>
      <object_component id="oc-174">
         <name>.econst:.string</name>
         <load_address>0x33b158</load_address>
         <run_address>0x33b158</run_address>
         <size>0x2</size>
         <input_file_ref idref="fl-37"/>
      </object_component>
      <object_component id="oc-e6">
         <name>FPUmathTables</name>
         <load_address>0x3febdc</load_address>
         <run_address>0x3febdc</run_address>
         <size>0x6a0</size>
         <input_file_ref idref="fl-19"/>
      </object_component>
      <object_component id="oc-bf">
         <name>.reset</name>
         <load_address>0x3fffc0</load_address>
         <run_address>0x3fffc0</run_address>
         <size>0x2</size>
         <input_file_ref idref="fl-10"/>
      </object_component>
      <object_component id="oc-5b">
         <name>.adc_cal</name>
         <load_address>0x380080</load_address>
         <run_address>0x380080</run_address>
         <size>0x7</size>
         <input_file_ref idref="fl-6"/>
      </object_component>
      <object_component id="oc-57">
         <name>DLOG</name>
         <uninitialized>true</uninitialized>
         <run_address>0xc5c8</run_address>
         <size>0x320</size>
         <input_file_ref idref="fl-5"/>
      </object_component>
      <object_component id="oc-58">
         <name>.debug_info</name>
         <load_address>0x0</load_address>
         <run_address>0x0</run_address>
         <size>0x127</size>
         <input_file_ref idref="fl-5"/>
      </object_component>
      <object_component id="oc-5c">
         <name>.debug_info</name>
         <load_address>0x127</load_address>
         <run_address>0x127</run_address>
         <size>0x1a2</size>
         <input_file_ref idref="fl-6"/>
      </object_component>
      <object_component id="oc-61">
         <name>.debug_info</name>
         <load_address>0x2c9</load_address>
         <run_address>0x2c9</run_address>
         <size>0x221</size>
         <input_file_ref idref="fl-7"/>
      </object_component>
      <object_component id="oc-64">
         <name>.debug_info</name>
         <load_address>0x4ea</load_address>
         <run_address>0x4ea</run_address>
         <size>0x12f68</size>
         <input_file_ref idref="fl-8"/>
      </object_component>
      <object_component id="oc-99">
         <name>.debug_info</name>
         <load_address>0x13452</load_address>
         <run_address>0x13452</run_address>
         <size>0x11e</size>
         <input_file_ref idref="fl-9"/>
      </object_component>
      <object_component id="oc-9d">
         <name>.debug_info</name>
         <load_address>0x13570</load_address>
         <run_address>0x13570</run_address>
         <size>0x47e2</size>
         <input_file_ref idref="fl-a"/>
      </object_component>
      <object_component id="oc-a4">
         <name>.debug_info</name>
         <load_address>0x17d52</load_address>
         <run_address>0x17d52</run_address>
         <size>0x4421</size>
         <input_file_ref idref="fl-b"/>
      </object_component>
      <object_component id="oc-ad">
         <name>.debug_info</name>
         <load_address>0x1c173</load_address>
         <run_address>0x1c173</run_address>
         <size>0xa2ea</size>
         <input_file_ref idref="fl-c"/>
      </object_component>
      <object_component id="oc-b6">
         <name>.debug_info</name>
         <load_address>0x2645d</load_address>
         <run_address>0x2645d</run_address>
         <size>0x4bc5</size>
         <input_file_ref idref="fl-d"/>
      </object_component>
      <object_component id="oc-c0">
         <name>.debug_info</name>
         <load_address>0x2b022</load_address>
         <run_address>0x2b022</run_address>
         <size>0xde</size>
         <input_file_ref idref="fl-10"/>
      </object_component>
      <object_component id="oc-c4">
         <name>.debug_info</name>
         <load_address>0x2b100</load_address>
         <run_address>0x2b100</run_address>
         <size>0x488</size>
         <input_file_ref idref="fl-12"/>
      </object_component>
      <object_component id="oc-cb">
         <name>.debug_info</name>
         <load_address>0x2b588</load_address>
         <run_address>0x2b588</run_address>
         <size>0x4ae</size>
         <input_file_ref idref="fl-13"/>
      </object_component>
      <object_component id="oc-d2">
         <name>.debug_info</name>
         <load_address>0x2ba36</load_address>
         <run_address>0x2ba36</run_address>
         <size>0x46f</size>
         <input_file_ref idref="fl-14"/>
      </object_component>
      <object_component id="oc-d7">
         <name>.debug_info</name>
         <load_address>0x2bea5</load_address>
         <run_address>0x2bea5</run_address>
         <size>0x142</size>
         <input_file_ref idref="fl-15"/>
      </object_component>
      <object_component id="oc-db">
         <name>.debug_info</name>
         <load_address>0x2bfe7</load_address>
         <run_address>0x2bfe7</run_address>
         <size>0x142</size>
         <input_file_ref idref="fl-16"/>
      </object_component>
      <object_component id="oc-df">
         <name>.debug_info</name>
         <load_address>0x2c129</load_address>
         <run_address>0x2c129</run_address>
         <size>0x142</size>
         <input_file_ref idref="fl-17"/>
      </object_component>
      <object_component id="oc-e3">
         <name>.debug_info</name>
         <load_address>0x2c26b</load_address>
         <run_address>0x2c26b</run_address>
         <size>0x147</size>
         <input_file_ref idref="fl-18"/>
      </object_component>
      <object_component id="oc-e7">
         <name>.debug_info</name>
         <load_address>0x2c3b2</load_address>
         <run_address>0x2c3b2</run_address>
         <size>0x459</size>
         <input_file_ref idref="fl-1a"/>
      </object_component>
      <object_component id="oc-ec">
         <name>.debug_info</name>
         <load_address>0x2c80b</load_address>
         <run_address>0x2c80b</run_address>
         <size>0x3ec</size>
         <input_file_ref idref="fl-1b"/>
      </object_component>
      <object_component id="oc-f1">
         <name>.debug_info</name>
         <load_address>0x2cbf7</load_address>
         <run_address>0x2cbf7</run_address>
         <size>0x8fc</size>
         <input_file_ref idref="fl-1c"/>
      </object_component>
      <object_component id="oc-f8">
         <name>.debug_info</name>
         <load_address>0x2d4f3</load_address>
         <run_address>0x2d4f3</run_address>
         <size>0x14b</size>
         <input_file_ref idref="fl-1d"/>
      </object_component>
      <object_component id="oc-fc">
         <name>.debug_info</name>
         <load_address>0x2d63e</load_address>
         <run_address>0x2d63e</run_address>
         <size>0x3e2</size>
         <input_file_ref idref="fl-1e"/>
      </object_component>
      <object_component id="oc-101">
         <name>.debug_info</name>
         <load_address>0x2da20</load_address>
         <run_address>0x2da20</run_address>
         <size>0x1306</size>
         <input_file_ref idref="fl-1f"/>
      </object_component>
      <object_component id="oc-108">
         <name>.debug_info</name>
         <load_address>0x2ed26</load_address>
         <run_address>0x2ed26</run_address>
         <size>0x3db</size>
         <input_file_ref idref="fl-20"/>
      </object_component>
      <object_component id="oc-10d">
         <name>.debug_info</name>
         <load_address>0x2f101</load_address>
         <run_address>0x2f101</run_address>
         <size>0x6e2</size>
         <input_file_ref idref="fl-21"/>
      </object_component>
      <object_component id="oc-112">
         <name>.debug_info</name>
         <load_address>0x2f7e3</load_address>
         <run_address>0x2f7e3</run_address>
         <size>0x5c2</size>
         <input_file_ref idref="fl-22"/>
      </object_component>
      <object_component id="oc-117">
         <name>.debug_info</name>
         <load_address>0x2fda5</load_address>
         <run_address>0x2fda5</run_address>
         <size>0x43d</size>
         <input_file_ref idref="fl-23"/>
      </object_component>
      <object_component id="oc-11c">
         <name>.debug_info</name>
         <load_address>0x301e2</load_address>
         <run_address>0x301e2</run_address>
         <size>0x42f</size>
         <input_file_ref idref="fl-24"/>
      </object_component>
      <object_component id="oc-121">
         <name>.debug_info</name>
         <load_address>0x30611</load_address>
         <run_address>0x30611</run_address>
         <size>0x45b</size>
         <input_file_ref idref="fl-25"/>
      </object_component>
      <object_component id="oc-126">
         <name>.debug_info</name>
         <load_address>0x30a6c</load_address>
         <run_address>0x30a6c</run_address>
         <size>0xe22</size>
         <input_file_ref idref="fl-26"/>
      </object_component>
      <object_component id="oc-12c">
         <name>.debug_info</name>
         <load_address>0x3188e</load_address>
         <run_address>0x3188e</run_address>
         <size>0xeb</size>
         <input_file_ref idref="fl-27"/>
      </object_component>
      <object_component id="oc-130">
         <name>.debug_info</name>
         <load_address>0x31979</load_address>
         <run_address>0x31979</run_address>
         <size>0x1f7f</size>
         <input_file_ref idref="fl-28"/>
      </object_component>
      <object_component id="oc-137">
         <name>.debug_info</name>
         <load_address>0x338f8</load_address>
         <run_address>0x338f8</run_address>
         <size>0x567</size>
         <input_file_ref idref="fl-29"/>
      </object_component>
      <object_component id="oc-13d">
         <name>.debug_info</name>
         <load_address>0x33e5f</load_address>
         <run_address>0x33e5f</run_address>
         <size>0x401</size>
         <input_file_ref idref="fl-2a"/>
      </object_component>
      <object_component id="oc-141">
         <name>.debug_info</name>
         <load_address>0x34260</load_address>
         <run_address>0x34260</run_address>
         <size>0x372</size>
         <input_file_ref idref="fl-2b"/>
      </object_component>
      <object_component id="oc-143">
         <name>.debug_info</name>
         <load_address>0x345d2</load_address>
         <run_address>0x345d2</run_address>
         <size>0x355</size>
         <input_file_ref idref="fl-2c"/>
      </object_component>
      <object_component id="oc-148">
         <name>.debug_info</name>
         <load_address>0x34927</load_address>
         <run_address>0x34927</run_address>
         <size>0x67d</size>
         <input_file_ref idref="fl-2d"/>
      </object_component>
      <object_component id="oc-14d">
         <name>.debug_info</name>
         <load_address>0x34fa4</load_address>
         <run_address>0x34fa4</run_address>
         <size>0xcc</size>
         <input_file_ref idref="fl-2e"/>
      </object_component>
      <object_component id="oc-151">
         <name>.debug_info</name>
         <load_address>0x35070</load_address>
         <run_address>0x35070</run_address>
         <size>0xc0</size>
         <input_file_ref idref="fl-2f"/>
      </object_component>
      <object_component id="oc-155">
         <name>.debug_info</name>
         <load_address>0x35130</load_address>
         <run_address>0x35130</run_address>
         <size>0xc0</size>
         <input_file_ref idref="fl-30"/>
      </object_component>
      <object_component id="oc-159">
         <name>.debug_info</name>
         <load_address>0x351f0</load_address>
         <run_address>0x351f0</run_address>
         <size>0xc0</size>
         <input_file_ref idref="fl-31"/>
      </object_component>
      <object_component id="oc-15d">
         <name>.debug_info</name>
         <load_address>0x352b0</load_address>
         <run_address>0x352b0</run_address>
         <size>0xce</size>
         <input_file_ref idref="fl-32"/>
      </object_component>
      <object_component id="oc-161">
         <name>.debug_info</name>
         <load_address>0x3537e</load_address>
         <run_address>0x3537e</run_address>
         <size>0xc0</size>
         <input_file_ref idref="fl-33"/>
      </object_component>
      <object_component id="oc-165">
         <name>.debug_info</name>
         <load_address>0x3543e</load_address>
         <run_address>0x3543e</run_address>
         <size>0xc0</size>
         <input_file_ref idref="fl-34"/>
      </object_component>
      <object_component id="oc-169">
         <name>.debug_info</name>
         <load_address>0x354fe</load_address>
         <run_address>0x354fe</run_address>
         <size>0x5fd</size>
         <input_file_ref idref="fl-35"/>
      </object_component>
      <object_component id="oc-16e">
         <name>.debug_info</name>
         <load_address>0x35afb</load_address>
         <run_address>0x35afb</run_address>
         <size>0x618</size>
         <input_file_ref idref="fl-36"/>
      </object_component>
      <object_component id="oc-173">
         <name>.debug_info</name>
         <load_address>0x36113</load_address>
         <run_address>0x36113</run_address>
         <size>0x7cf</size>
         <input_file_ref idref="fl-37"/>
      </object_component>
      <object_component id="oc-179">
         <name>.debug_info</name>
         <load_address>0x368e2</load_address>
         <run_address>0x368e2</run_address>
         <size>0xc6</size>
         <input_file_ref idref="fl-38"/>
      </object_component>
      <object_component id="oc-17d">
         <name>.debug_info</name>
         <load_address>0x369a8</load_address>
         <run_address>0x369a8</run_address>
         <size>0xc0</size>
         <input_file_ref idref="fl-39"/>
      </object_component>
      <object_component id="oc-181">
         <name>.debug_info</name>
         <load_address>0x36a68</load_address>
         <run_address>0x36a68</run_address>
         <size>0x11e</size>
         <input_file_ref idref="fl-3a"/>
      </object_component>
      <object_component id="oc-185">
         <name>.debug_info</name>
         <load_address>0x36b86</load_address>
         <run_address>0x36b86</run_address>
         <size>0xf8</size>
         <input_file_ref idref="fl-3b"/>
      </object_component>
      <object_component id="oc-189">
         <name>.debug_info</name>
         <load_address>0x36c7e</load_address>
         <run_address>0x36c7e</run_address>
         <size>0x1c1</size>
         <input_file_ref idref="fl-3c"/>
      </object_component>
      <object_component id="oc-18d">
         <name>.debug_info</name>
         <load_address>0x36e3f</load_address>
         <run_address>0x36e3f</run_address>
         <size>0xc0</size>
         <input_file_ref idref="fl-3d"/>
      </object_component>
      <object_component id="oc-191">
         <name>.debug_info</name>
         <load_address>0x36eff</load_address>
         <run_address>0x36eff</run_address>
         <size>0x4a7</size>
         <input_file_ref idref="fl-3e"/>
      </object_component>
      <object_component id="oc-196">
         <name>.debug_info</name>
         <load_address>0x373a6</load_address>
         <run_address>0x373a6</run_address>
         <size>0x422</size>
         <input_file_ref idref="fl-3f"/>
      </object_component>
      <object_component id="oc-19b">
         <name>.debug_info</name>
         <load_address>0x377c8</load_address>
         <run_address>0x377c8</run_address>
         <size>0x44a</size>
         <input_file_ref idref="fl-40"/>
      </object_component>
      <object_component id="oc-1a0">
         <name>.debug_info</name>
         <load_address>0x37c12</load_address>
         <run_address>0x37c12</run_address>
         <size>0x455</size>
         <input_file_ref idref="fl-41"/>
      </object_component>
      <object_component id="oc-1a5">
         <name>.debug_info</name>
         <load_address>0x38067</load_address>
         <run_address>0x38067</run_address>
         <size>0xaa9</size>
         <input_file_ref idref="fl-42"/>
      </object_component>
      <object_component id="oc-1ad">
         <name>.debug_info</name>
         <load_address>0x38b10</load_address>
         <run_address>0x38b10</run_address>
         <size>0x44c</size>
         <input_file_ref idref="fl-43"/>
      </object_component>
      <object_component id="oc-1b2">
         <name>.debug_info</name>
         <load_address>0x38f5c</load_address>
         <run_address>0x38f5c</run_address>
         <size>0x3e9</size>
         <input_file_ref idref="fl-44"/>
      </object_component>
      <object_component id="oc-1b7">
         <name>.debug_info</name>
         <load_address>0x39345</load_address>
         <run_address>0x39345</run_address>
         <size>0x433</size>
         <input_file_ref idref="fl-45"/>
      </object_component>
      <object_component id="oc-1bc">
         <name>.debug_info</name>
         <load_address>0x39778</load_address>
         <run_address>0x39778</run_address>
         <size>0x418</size>
         <input_file_ref idref="fl-46"/>
      </object_component>
      <object_component id="oc-1c1">
         <name>.debug_info</name>
         <load_address>0x39b90</load_address>
         <run_address>0x39b90</run_address>
         <size>0x57e</size>
         <input_file_ref idref="fl-47"/>
      </object_component>
      <object_component id="oc-1c6">
         <name>.debug_info</name>
         <load_address>0x3a10e</load_address>
         <run_address>0x3a10e</run_address>
         <size>0xc0</size>
         <input_file_ref idref="fl-48"/>
      </object_component>
      <object_component id="oc-1ca">
         <name>.debug_info</name>
         <load_address>0x3a1ce</load_address>
         <run_address>0x3a1ce</run_address>
         <size>0x56c</size>
         <input_file_ref idref="fl-49"/>
      </object_component>
      <object_component id="oc-232">
         <name>.debug_info</name>
         <load_address>0x3a73a</load_address>
         <run_address>0x3a73a</run_address>
         <size>0x6f</size>
      </object_component>
      <object_component id="oc-59">
         <name>.debug_line</name>
         <load_address>0x0</load_address>
         <run_address>0x0</run_address>
         <size>0x7c</size>
         <input_file_ref idref="fl-5"/>
      </object_component>
      <object_component id="oc-5d">
         <name>.debug_line</name>
         <load_address>0x7c</load_address>
         <run_address>0x7c</run_address>
         <size>0x88</size>
         <input_file_ref idref="fl-6"/>
      </object_component>
      <object_component id="oc-62">
         <name>.debug_line</name>
         <load_address>0x104</load_address>
         <run_address>0x104</run_address>
         <size>0xa0</size>
         <input_file_ref idref="fl-7"/>
      </object_component>
      <object_component id="oc-9a">
         <name>.debug_line</name>
         <load_address>0x1a4</load_address>
         <run_address>0x1a4</run_address>
         <size>0x45</size>
         <input_file_ref idref="fl-9"/>
      </object_component>
      <object_component id="oc-a1">
         <name>.debug_line</name>
         <load_address>0x1e9</load_address>
         <run_address>0x1e9</run_address>
         <size>0x1e2</size>
         <input_file_ref idref="fl-a"/>
      </object_component>
      <object_component id="oc-aa">
         <name>.debug_line</name>
         <load_address>0x3cb</load_address>
         <run_address>0x3cb</run_address>
         <size>0x296</size>
         <input_file_ref idref="fl-b"/>
      </object_component>
      <object_component id="oc-b3">
         <name>.debug_line</name>
         <load_address>0x661</load_address>
         <run_address>0x661</run_address>
         <size>0x764</size>
         <input_file_ref idref="fl-c"/>
      </object_component>
      <object_component id="oc-bc">
         <name>.debug_line</name>
         <load_address>0xdc5</load_address>
         <run_address>0xdc5</run_address>
         <size>0x45a</size>
         <input_file_ref idref="fl-d"/>
      </object_component>
      <object_component id="oc-c1">
         <name>.debug_line</name>
         <load_address>0x121f</load_address>
         <run_address>0x121f</run_address>
         <size>0x71</size>
         <input_file_ref idref="fl-10"/>
      </object_component>
      <object_component id="oc-c8">
         <name>.debug_line</name>
         <load_address>0x1290</load_address>
         <run_address>0x1290</run_address>
         <size>0x62</size>
         <input_file_ref idref="fl-12"/>
      </object_component>
      <object_component id="oc-cf">
         <name>.debug_line</name>
         <load_address>0x12f2</load_address>
         <run_address>0x12f2</run_address>
         <size>0x5b</size>
         <input_file_ref idref="fl-13"/>
      </object_component>
      <object_component id="oc-d4">
         <name>.debug_line</name>
         <load_address>0x134d</load_address>
         <run_address>0x134d</run_address>
         <size>0x50</size>
         <input_file_ref idref="fl-14"/>
      </object_component>
      <object_component id="oc-d8">
         <name>.debug_line</name>
         <load_address>0x139d</load_address>
         <run_address>0x139d</run_address>
         <size>0x88</size>
         <input_file_ref idref="fl-15"/>
      </object_component>
      <object_component id="oc-dc">
         <name>.debug_line</name>
         <load_address>0x1425</load_address>
         <run_address>0x1425</run_address>
         <size>0x7a</size>
         <input_file_ref idref="fl-16"/>
      </object_component>
      <object_component id="oc-e0">
         <name>.debug_line</name>
         <load_address>0x149f</load_address>
         <run_address>0x149f</run_address>
         <size>0x88</size>
         <input_file_ref idref="fl-17"/>
      </object_component>
      <object_component id="oc-e4">
         <name>.debug_line</name>
         <load_address>0x1527</load_address>
         <run_address>0x1527</run_address>
         <size>0x99</size>
         <input_file_ref idref="fl-18"/>
      </object_component>
      <object_component id="oc-ee">
         <name>.debug_line</name>
         <load_address>0x15c0</load_address>
         <run_address>0x15c0</run_address>
         <size>0x4b</size>
         <input_file_ref idref="fl-1b"/>
      </object_component>
      <object_component id="oc-f5">
         <name>.debug_line</name>
         <load_address>0x160b</load_address>
         <run_address>0x160b</run_address>
         <size>0x14b</size>
         <input_file_ref idref="fl-1c"/>
      </object_component>
      <object_component id="oc-f9">
         <name>.debug_line</name>
         <load_address>0x1756</load_address>
         <run_address>0x1756</run_address>
         <size>0x8b</size>
         <input_file_ref idref="fl-1d"/>
      </object_component>
      <object_component id="oc-fe">
         <name>.debug_line</name>
         <load_address>0x17e1</load_address>
         <run_address>0x17e1</run_address>
         <size>0x4e</size>
         <input_file_ref idref="fl-1e"/>
      </object_component>
      <object_component id="oc-105">
         <name>.debug_line</name>
         <load_address>0x182f</load_address>
         <run_address>0x182f</run_address>
         <size>0x2b4</size>
         <input_file_ref idref="fl-1f"/>
      </object_component>
      <object_component id="oc-10a">
         <name>.debug_line</name>
         <load_address>0x1ae3</load_address>
         <run_address>0x1ae3</run_address>
         <size>0x3e</size>
         <input_file_ref idref="fl-20"/>
      </object_component>
      <object_component id="oc-10f">
         <name>.debug_line</name>
         <load_address>0x1b21</load_address>
         <run_address>0x1b21</run_address>
         <size>0x81</size>
         <input_file_ref idref="fl-21"/>
      </object_component>
      <object_component id="oc-114">
         <name>.debug_line</name>
         <load_address>0x1ba2</load_address>
         <run_address>0x1ba2</run_address>
         <size>0xb6</size>
         <input_file_ref idref="fl-22"/>
      </object_component>
      <object_component id="oc-119">
         <name>.debug_line</name>
         <load_address>0x1c58</load_address>
         <run_address>0x1c58</run_address>
         <size>0x5e</size>
         <input_file_ref idref="fl-23"/>
      </object_component>
      <object_component id="oc-11e">
         <name>.debug_line</name>
         <load_address>0x1cb6</load_address>
         <run_address>0x1cb6</run_address>
         <size>0x5e</size>
         <input_file_ref idref="fl-24"/>
      </object_component>
      <object_component id="oc-123">
         <name>.debug_line</name>
         <load_address>0x1d14</load_address>
         <run_address>0x1d14</run_address>
         <size>0x66</size>
         <input_file_ref idref="fl-25"/>
      </object_component>
      <object_component id="oc-129">
         <name>.debug_line</name>
         <load_address>0x1d7a</load_address>
         <run_address>0x1d7a</run_address>
         <size>0x21e</size>
         <input_file_ref idref="fl-26"/>
      </object_component>
      <object_component id="oc-12d">
         <name>.debug_line</name>
         <load_address>0x1f98</load_address>
         <run_address>0x1f98</run_address>
         <size>0x4c</size>
         <input_file_ref idref="fl-27"/>
      </object_component>
      <object_component id="oc-134">
[...]
         <name>_uartRxB_isr</name>
         <value>0x33a078</value>
         <object_component_ref idref="oc-b9"/>
      </symbol>
      <symbol id="sm-343">
         <name>_my_open</name>
         <value>0x339229</value>
         <object_component_ref idref="oc-b5"/>
      </symbol>
      <symbol id="sm-344">
         <name>_resCode</name>
         <value>0xc2e4</value>
         <object_component_ref idref="oc-b8"/>
      </symbol>
      <symbol id="sm-345">
         <name>_uartRx_isr</name>
         <value>0x339fd0</value>
         <object_component_ref idref="oc-b9"/>
      </symbol>
      <symbol id="sm-359">
         <name>_c_int00</name>
         <value>0x33a6b5</value>
         <object_component_ref idref="oc-55"/>
      </symbol>
      <symbol id="sm-35a">
         <name>__stack</name>
         <value>0x50</value>
         <object_component_ref idref="oc-be"/>
      </symbol>
      <symbol id="sm-36b">
         <name>C$$EXIT</name>
         <value>0x33a9bc</value>
         <object_component_ref idref="oc-c3"/>
      </symbol>
      <symbol id="sm-36c">
         <name>_exit</name>
         <value>0x33a9be</value>
         <object_component_ref idref="oc-c3"/>
      </symbol>
      <symbol id="sm-36d">
         <name>___TI_cleanup_ptr</name>
         <value>0xc470</value>
         <object_component_ref idref="oc-c6"/>
      </symbol>
      <symbol id="sm-36e">
         <name>_abort</name>
         <value>0x33a9bc</value>
         <object_component_ref idref="oc-c3"/>
      </symbol>
      <symbol id="sm-36f">
         <name>___TI_dtors_ptr</name>
         <value>0xc472</value>
         <object_component_ref idref="oc-c6"/>
      </symbol>
      <symbol id="sm-37d">
         <name>__unlock</name>
         <value>0xc2fc</value>
         <object_component_ref idref="oc-cd"/>
      </symbol>
      <symbol id="sm-37e">
         <name>__lock</name>
         <value>0xc2fe</value>
         <object_component_ref idref="oc-cd"/>
      </symbol>
      <symbol id="sm-37f">
         <name>__register_lock</name>
         <value>0x33aa91</value>
         <object_component_ref idref="oc-ca"/>
      </symbol>
      <symbol id="sm-380">
         <name>__nop</name>
         <value>0x33aa95</value>
         <object_component_ref idref="oc-ca"/>
      </symbol>
      <symbol id="sm-381">
         <name>__register_unlock</name>
         <value>0x33aa8d</value>
         <object_component_ref idref="oc-ca"/>
      </symbol>
      <symbol id="sm-38d">
         <name>__args_main</name>
         <value>0x33a9a3</value>
         <object_component_ref idref="oc-d1"/>
      </symbol>
      <symbol id="sm-38e">
         <name>__TI_args_main</name>
         <value>0x1</value>
      </symbol>
      <symbol id="sm-396">
         <name>_sin</name>
         <value>0x33a76c</value>
         <object_component_ref idref="oc-d6"/>
      </symbol>
      <symbol id="sm-39e">
         <name>FS$$DIV</name>
         <value>0x33a9d5</value>
         <object_component_ref idref="oc-da"/>
      </symbol>
      <symbol id="sm-3a6">
         <name>_cos</name>
         <value>0x33a738</value>
         <object_component_ref idref="oc-de"/>
      </symbol>
      <symbol id="sm-3ae">
         <name>_atan2</name>
         <value>0x33a61b</value>
         <object_component_ref idref="oc-e2"/>
      </symbol>
      <symbol id="sm-3b6">
         <name>_FPUcosTableEnd</name>
         <value>0x3ff0de</value>
         <object_component_ref idref="oc-e6"/>
      </symbol>
      <symbol id="sm-3b7">
         <name>_FPUatan2TableEnd</name>
         <value>0x3ff268</value>
         <object_component_ref idref="oc-e6"/>
      </symbol>
      <symbol id="sm-3b8">
         <name>_FPUatan2Table</name>
         <value>0x3ff0e2</value>
         <object_component_ref idref="oc-e6"/>
      </symbol>
      <symbol id="sm-3b9">
         <name>_FPUsinTable</name>
         <value>0x3febdc</value>
         <object_component_ref idref="oc-e6"/>
      </symbol>
      <symbol id="sm-3ba">
         <name>_FPUcosTable</name>
         <value>0x3fecdc</value>
         <object_component_ref idref="oc-e6"/>
      </symbol>
      <symbol id="sm-3bb">
         <name>_FPUatan2HalfPITable</name>
         <value>0x3ff0de</value>
         <object_component_ref idref="oc-e6"/>
      </symbol>
      <symbol id="sm-3bc">
         <name>_FPUsinTableEnd</name>
         <value>0x3fefdc</value>
         <object_component_ref idref="oc-e6"/>
      </symbol>
      <symbol id="sm-3c6">
         <name>___TI_ft_end</name>
         <value>0xc300</value>
         <object_component_ref idref="oc-e9"/>
      </symbol>
      <symbol id="sm-3c7">
         <name>___TI_tmpnams</name>
         <value>0xc3c0</value>
         <object_component_ref idref="oc-e9"/>
      </symbol>
      <symbol id="sm-3c8">
         <name>__ftable</name>
         <value>0xc340</value>
         <object_component_ref idref="oc-e9"/>
      </symbol>
      <symbol id="sm-3d6">
         <name>_exp</name>
         <value>0x33a49b</value>
         <object_component_ref idref="oc-eb"/>
      </symbol>
      <symbol id="sm-40a">
         <name>_fopen</name>
         <value>0x339fb6</value>
         <object_component_ref idref="oc-f0"/>
      </symbol>
      <symbol id="sm-40b">
         <name>___TI_cleanup</name>
         <value>0x339f48</value>
         <object_component_ref idref="oc-f0"/>
      </symbol>
      <symbol id="sm-40c">
         <name>_freopen</name>
         <value>0x339f65</value>
         <object_component_ref idref="oc-f0"/>
      </symbol>
      <symbol id="sm-414">
         <name>UL$$MOD</name>
         <value>0x33a8ae</value>
         <object_component_ref idref="oc-f7"/>
      </symbol>
      <symbol id="sm-415">
         <name>L$$MOD</name>
         <value>0x33a899</value>
         <object_component_ref idref="oc-f7"/>
      </symbol>
      <symbol id="sm-416">
         <name>L$$DIV</name>
         <value>0x33a88a</value>
         <object_component_ref idref="oc-f7"/>
      </symbol>
      <symbol id="sm-417">
         <name>UL$$DIV</name>
         <value>0x33a8a7</value>
         <object_component_ref idref="oc-f7"/>
      </symbol>
      <symbol id="sm-427">
         <name>_ldexp</name>
         <value>0x33a803</value>
         <object_component_ref idref="oc-fb"/>
      </symbol>
      <symbol id="sm-45c">
         <name>_add_device</name>
         <value>0x3397b5</value>
         <object_component_ref idref="oc-100"/>
      </symbol>
      <symbol id="sm-45d">
         <name>_rename</name>
         <value>0x339699</value>
         <object_component_ref idref="oc-100"/>
      </symbol>
      <symbol id="sm-45e">
         <name>_read</name>
         <value>0x3396df</value>
         <object_component_ref idref="oc-100"/>
      </symbol>
      <symbol id="sm-45f">
         <name>_unlink</name>
         <value>0x339681</value>
         <object_component_ref idref="oc-100"/>
      </symbol>
      <symbol id="sm-460">
         <name>_remove_device</name>
         <value>0x3396c5</value>
         <object_component_ref idref="oc-100"/>
      </symbol>
      <symbol id="sm-461">
         <name>_open</name>
         <value>0x3396f7</value>
         <object_component_ref idref="oc-100"/>
      </symbol>
      <symbol id="sm-462">
         <name>_lseek</name>
         <value>0x33976b</value>
         <object_component_ref idref="oc-100"/>
      </symbol>
      <symbol id="sm-463">
         <name>_close</name>
         <value>0x339783</value>
         <object_component_ref idref="oc-100"/>
      </symbol>
      <symbol id="sm-464">
         <name>_write</name>
         <value>0x33961a</value>
         <object_component_ref idref="oc-100"/>
      </symbol>
      <symbol id="sm-471">
         <name>_modf</name>
         <value>0x33a989</value>
         <object_component_ref idref="oc-107"/>
      </symbol>
      <symbol id="sm-47f">
         <name>_printf</name>
         <value>0x33a7a6</value>
         <object_component_ref idref="oc-10c"/>
      </symbol>
      <symbol id="sm-494">
         <name>_setvbuf</name>
         <value>0x33a28e</value>
         <object_component_ref idref="oc-111"/>
      </symbol>
      <symbol id="sm-4a1">
         <name>_strchr</name>
         <value>0x33aa62</value>
         <object_component_ref idref="oc-116"/>
      </symbol>
      <symbol id="sm-4ad">
         <name>_strcmp</name>
         <value>0x33aa83</value>
         <object_component_ref idref="oc-11b"/>
      </symbol>
      <symbol id="sm-4bb">
         <name>_strncpy</name>
         <value>0x33a933</value>
         <object_component_ref idref="oc-120"/>
      </symbol>
      <symbol id="sm-4cc">
         <name>_HOSTopen</name>
         <value>0x339939</value>
         <object_component_ref idref="oc-125"/>
      </symbol>
      <symbol id="sm-4cd">
         <name>_HOSTread</name>
         <value>0x3398fb</value>
         <object_component_ref idref="oc-125"/>
      </symbol>
      <symbol id="sm-4ce">
         <name>_HOSTgetenv</name>
         <value>0x3399c5</value>
         <object_component_ref idref="oc-125"/>
      </symbol>
      <symbol id="sm-4cf">
         <name>_HOSTtime</name>
         <value>0x339892</value>
         <object_component_ref idref="oc-125"/>
      </symbol>
      <symbol id="sm-4d0">
         <name>_HOSTrename</name>
         <value>0x3398bd</value>
         <object_component_ref idref="oc-125"/>
      </symbol>
      <symbol id="sm-4d1">
         <name>_HOSTclock</name>
         <value>0x339a17</value>
         <object_component_ref idref="oc-125"/>
      </symbol>
      <symbol id="sm-4d2">
         <name>_HOSTwrite</name>
         <value>0x339833</value>
         <object_component_ref idref="oc-125"/>
      </symbol>
      <symbol id="sm-4d3">
         <name>_HOSTlseek</name>
         <value>0x339978</value>
         <object_component_ref idref="oc-125"/>
      </symbol>
      <symbol id="sm-4d4">
         <name>_HOSTunlink</name>
         <value>0x33986a</value>
         <object_component_ref idref="oc-125"/>
      </symbol>
      <symbol id="sm-4d5">
         <name>_HOSTclose</name>
         <value>0x3399ed</value>
         <object_component_ref idref="oc-125"/>
      </symbol>
      <symbol id="sm-4dd">
         <name>U$$MOD</name>
         <value>0x33aa73</value>
         <object_component_ref idref="oc-12b"/>
      </symbol>
      <symbol id="sm-4de">
         <name>U$$DIV</name>
         <value>0x33aa6e</value>
         <object_component_ref idref="oc-12b"/>
      </symbol>
      <symbol id="sm-5e6">
         <name>___TI_printfi</name>
         <value>0x3388a6</value>
         <object_component_ref idref="oc-12f"/>
      </symbol>
      <symbol id="sm-5fd">
         <name>___TI_readmsg</name>
         <value>0x33a254</value>
         <object_component_ref idref="oc-136"/>
      </symbol>
      <symbol id="sm-5fe">
         <name>C$$IO$$</name>
         <value>0x33a250</value>
         <object_component_ref idref="oc-136"/>
      </symbol>
      <symbol id="sm-5ff">
         <name>__CIOBUF_</name>
         <value>0xc900</value>
         <object_component_ref idref="oc-138"/>
      </symbol>
      <symbol id="sm-600">
         <name>___TI_writemsg</name>
         <value>0x33a200</value>
         <object_component_ref idref="oc-136"/>
      </symbol>
      <symbol id="sm-611">
         <name>_atoi</name>
         <value>0x33a7d2</value>
         <object_component_ref idref="oc-13c"/>
      </symbol>
      <symbol id="sm-619">
         <name>__ctypes_</name>
         <value>0x33afe2</value>
         <object_component_ref idref="oc-1cf"/>
      </symbol>
      <symbol id="sm-623">
         <name>_errno</name>
         <value>0xc474</value>
         <object_component_ref idref="oc-145"/>
      </symbol>
      <symbol id="sm-632">
         <name>___TI_closefile</name>
         <value>0x33a568</value>
         <object_component_ref idref="oc-147"/>
      </symbol>
      <symbol id="sm-633">
         <name>_fclose</name>
         <value>0x33a5ac</value>
         <object_component_ref idref="oc-147"/>
      </symbol>
      <symbol id="sm-63f">
         <name>FD$$CMP</name>
         <value>0x33a860</value>
         <object_component_ref idref="oc-14c"/>
      </symbol>
      <symbol id="sm-652">
         <name>FD$$DIV</name>
         <value>0x33a31a</value>
         <object_component_ref idref="oc-150"/>
      </symbol>
      <symbol id="sm-660">
         <name>FD$$MPY</name>
         <value>0x33a3a5</value>
         <object_component_ref idref="oc-154"/>
      </symbol>
      <symbol id="sm-669">
         <name>FD$$NEG</name>
         <value>0x33aa96</value>
         <object_component_ref idref="oc-158"/>
      </symbol>
      <symbol id="sm-671">
         <name>FD$$SUB</name>
         <value>0x33aa3b</value>
         <object_component_ref idref="oc-15c"/>
      </symbol>
      <symbol id="sm-67c">
         <name>FD$$TOI</name>
         <value>0x33a8b4</value>
         <object_component_ref idref="oc-160"/>
      </symbol>
      <symbol id="sm-687">
         <name>FD$$TOL</name>
         <value>0x33a8f6</value>
         <object_component_ref idref="oc-164"/>
      </symbol>
      <symbol id="sm-69b">
         <name>___TI_doflush</name>
         <value>0x33a428</value>
         <object_component_ref idref="oc-168"/>
      </symbol>
      <symbol id="sm-69c">
         <name>_fflush</name>
         <value>0x33a457</value>
         <object_component_ref idref="oc-168"/>
      </symbol>
      <symbol id="sm-6ad">
         <name>_putchar</name>
         <value>0x33a616</value>
         <object_component_ref idref="oc-16d"/>
      </symbol>
      <symbol id="sm-6ae">
         <name>_putc</name>
         <value>0x33a5c7</value>
         <object_component_ref idref="oc-16d"/>
      </symbol>
      <symbol id="sm-6af">
         <name>_fputc</name>
         <value>0x33a5c7</value>
         <object_component_ref idref="oc-16d"/>
      </symbol>
      <symbol id="sm-6ca">
         <name>_puts</name>
         <value>0x33a150</value>
         <object_component_ref idref="oc-172"/>
      </symbol>
      <symbol id="sm-6cb">
         <name>_fputs</name>
         <value>0x33a0b3</value>
         <object_component_ref idref="oc-172"/>
      </symbol>
      <symbol id="sm-6d7">
         <name>FS$$TOFD</name>
         <value>0x33a951</value>
         <object_component_ref idref="oc-178"/>
      </symbol>
      <symbol id="sm-6e3">
         <name>L$$TOFD</name>
         <value>0x33a96d</value>
         <object_component_ref idref="oc-17c"/>
      </symbol>
      <symbol id="sm-6eb">
         <name>LL$$AND</name>
         <value>0x33a9ee</value>
         <object_component_ref idref="oc-180"/>
      </symbol>
      <symbol id="sm-6ec">
         <name>LL$$OR</name>
         <value>0x33a9f6</value>
         <object_component_ref idref="oc-180"/>
      </symbol>
      <symbol id="sm-6ed">
         <name>LL$$XOR</name>
         <value>0x33a9fe</value>
         <object_component_ref idref="oc-180"/>
      </symbol>
      <symbol id="sm-6f7">
         <name>ULL$$CMP</name>
         <value>0x33a927</value>
         <object_component_ref idref="oc-184"/>
      </symbol>
      <symbol id="sm-6f8">
         <name>LL$$CMP</name>
         <value>0x33a915</value>
         <object_component_ref idref="oc-184"/>
      </symbol>
      <symbol id="sm-71f">
         <name>ULL$$MOD</name>
         <value>0x339e6e</value>
         <object_component_ref idref="oc-188"/>
      </symbol>
      <symbol id="sm-720">
         <name>ULL$$DIV</name>
         <value>0x339e3f</value>
         <object_component_ref idref="oc-188"/>
      </symbol>
      <symbol id="sm-721">
         <name>LL$$MOD</name>
         <value>0x339e05</value>
         <object_component_ref idref="oc-188"/>
      </symbol>
      <symbol id="sm-722">
         <name>LL$$DIV</name>
         <value>0x339dc9</value>
         <object_component_ref idref="oc-188"/>
      </symbol>
      <symbol id="sm-72a">
         <name>LL$$MPY</name>
         <value>0x33aa06</value>
         <object_component_ref idref="oc-18c"/>
      </symbol>
      <symbol id="sm-736">
         <name>_ltoa</name>
         <value>0x33a834</value>
         <object_component_ref idref="oc-190"/>
      </symbol>
      <symbol id="sm-743">
         <name>_memccpy</name>
         <value>0x33aa49</value>
         <object_component_ref idref="oc-195"/>
      </symbol>
      <symbol id="sm-750">
         <name>_memchr</name>
         <value>0x33aa2b</value>
         <object_component_ref idref="oc-19a"/>
      </symbol>
      <symbol id="sm-75f">
         <name>___memcpy_ff</name>
         <value>0x33a8d5</value>
         <object_component_ref idref="oc-19f"/>
      </symbol>
      <symbol id="sm-7a2">
         <name>__sys_memory</name>
         <value>0x3d0</value>
         <object_component_ref idref="oc-1a8"/>
      </symbol>
      <symbol id="sm-7a3">
         <name>_chkheap</name>
         <value>0x339bfc</value>
         <object_component_ref idref="oc-1a4"/>
      </symbol>
      <symbol id="sm-7a4">
         <name>_realloc</name>
         <value>0x339b03</value>
         <object_component_ref idref="oc-1a4"/>
      </symbol>
      <symbol id="sm-7a5">
         <name>_free_memory</name>
         <value>0x339bde</value>
         <object_component_ref idref="oc-1a4"/>
      </symbol>
      <symbol id="sm-7a6">
         <name>_max_free</name>
         <value>0x339bbc</value>
         <object_component_ref idref="oc-1a4"/>
      </symbol>
      <symbol id="sm-7a7">
         <name>_free</name>
         <value>0x339a42</value>
         <object_component_ref idref="oc-1a4"/>
      </symbol>
      <symbol id="sm-7a8">
         <name>_calloc</name>
         <value>0x339bfe</value>
         <object_component_ref idref="oc-1a4"/>
      </symbol>
      <symbol id="sm-7a9">
         <name>_malloc</name>
         <value>0x339aab</value>
         <object_component_ref idref="oc-1a4"/>
      </symbol>
      <symbol id="sm-7aa">
         <name>_minit</name>
         <value>0x339a85</value>
         <object_component_ref idref="oc-1a4"/>
      </symbol>
      <symbol id="sm-7b6">
         <name>_memset</name>
         <value>0x33aa56</value>
         <object_component_ref idref="oc-1ac"/>
      </symbol>
      <symbol id="sm-7c0">
         <name>_remove</name>
         <value>0x33aab4</value>
         <object_component_ref idref="oc-1b1"/>
      </symbol>
      <symbol id="sm-7cb">
         <name>_strcpy</name>
         <value>0x33aaaf</value>
         <object_component_ref idref="oc-1b6"/>
      </symbol>
      <symbol id="sm-7d6">
         <name>_strlen</name>
         <value>0x33aaa7</value>
         <object_component_ref idref="oc-1bb"/>
      </symbol>
      <symbol id="sm-7eb">
         <name>___TI_rd_ok</name>
         <value>0x33a53d</value>
         <object_component_ref idref="oc-1c0"/>
      </symbol>
      <symbol id="sm-7ec">
         <name>___TI_wrt_ok</name>
         <value>0x33a503</value>
         <object_component_ref idref="oc-1c0"/>
      </symbol>
      <symbol id="sm-803">
         <name>FD$$ADD</name>
         <value>0x33a163</value>
         <object_component_ref idref="oc-1c5"/>
      </symbol>
      <symbol id="sm-811">
         <name>_fseek</name>
         <value>0x33a6fb</value>
         <object_component_ref idref="oc-1c9"/>
      </symbol>
   </symbol_table>
   <title>Link successful</title>
</link_info>
