<?xml version="1.0"?>
<link_info>
   <banner>TMS320C2000 Linker PC v6.4.2</banner>
   <copyright>Copyright (c) 1996-2015 Texas Instruments Incorporated</copyright>
   <link_time>0x682dd859</link_time>
   <link_errors>0x0</link_errors>
   <output_file>HVPM_Sensorless_2833x.out</output_file>
   <entry_point>
      <name>_c_int00</name>
      <address>0xca2f</address>
   </entry_point>
   <input_file_list>
      <input_file id="fl-5">
         <path>.\</path>
         <kind>object</kind>
         <file>DLOG4CHC.obj</file>
         <name>DLOG4CHC.obj</name>
      </input_file>
      <input_file id="fl-6">
         <path>.\</path>
         <kind>object</kind>
         <file>DSP2833x_ADC_cal.obj</file>
         <name>DSP2833x_ADC_cal.obj</name>
      </input_file>
      <input_file id="fl-7">
         <path>.\</path>
         <kind>object</kind>
         <file>DSP2833x_CodeStartBranch.obj</file>
         <name>DSP2833x_CodeStartBranch.obj</name>
      </input_file>
      <input_file id="fl-8">
         <path>.\</path>
         <kind>object</kind>
         <file>DSP2833x_GlobalVariableDefs.obj</file>
         <name>DSP2833x_GlobalVariableDefs.obj</name>
      </input_file>
      <input_file id="fl-9">
         <path>.\</path>
         <kind>object</kind>
         <file>DSP2833x_usDelay.obj</file>
         <name>DSP2833x_usDelay.obj</name>
      </input_file>
      <input_file id="fl-a">
         <path>.\</path>
         <kind>object</kind>
         <file>HVPM_Sensorless-DevInit_F2833x.obj</file>
         <name>HVPM_Sensorless-DevInit_F2833x.obj</name>
      </input_file>
      <input_file id="fl-b">
         <path>.\</path>
         <kind>object</kind>
         <file>TM1650_IIC.obj</file>
         <name>TM1650_IIC.obj</name>
      </input_file>
      <input_file id="fl-c">
         <path>.\</path>
         <kind>object</kind>
         <file>main.obj</file>
         <name>main.obj</name>
      </input_file>
      <input_file id="fl-d">
         <path>.\</path>
         <kind>object</kind>
         <file>sci_base.obj</file>
         <name>sci_base.obj</name>
      </input_file>
      <input_file id="fl-10">
         <path>C:\ti\ccsv6\tools\compiler\ti-cgt-c2000_6.4.2\lib\</path>
         <kind>archive</kind>
         <file>rts2800_fpu32.lib</file>
         <name>boot.obj</name>
      </input_file>
      <input_file id="fl-13">
         <path>C:\ti\ccsv6\tools\compiler\ti-cgt-c2000_6.4.2\lib\</path>
         <kind>archive</kind>
         <file>rts2800_fpu32.lib</file>
         <name>exit.obj</name>
      </input_file>
      <input_file id="fl-14">
         <path>C:\ti\ccsv6\tools\compiler\ti-cgt-c2000_6.4.2\lib\</path>
         <kind>archive</kind>
         <file>rts2800_fpu32.lib</file>
         <name>_lock.obj</name>
      </input_file>
      <input_file id="fl-15">
         <path>C:\ti\ccsv6\tools\compiler\ti-cgt-c2000_6.4.2\lib\</path>
         <kind>archive</kind>
         <file>rts2800_fpu32.lib</file>
         <name>args_main.obj</name>
      </input_file>
      <input_file id="fl-16">
         <path>C:\ti\controlSUITE\libs\math\FPUfastRTS\V100\lib\</path>
         <kind>archive</kind>
         <file>rts2800_fpu32_fast_supplement.lib</file>
         <name>sin_f32.obj</name>
      </input_file>
      <input_file id="fl-17">
         <path>C:\ti\controlSUITE\libs\math\FPUfastRTS\V100\lib\</path>
         <kind>archive</kind>
         <file>rts2800_fpu32_fast_supplement.lib</file>
         <name>div_f32.obj</name>
      </input_file>
      <input_file id="fl-18">
         <path>C:\ti\controlSUITE\libs\math\FPUfastRTS\V100\lib\</path>
         <kind>archive</kind>
         <file>rts2800_fpu32_fast_supplement.lib</file>
         <name>cos_f32.obj</name>
      </input_file>
      <input_file id="fl-19">
         <path>C:\ti\controlSUITE\libs\math\FPUfastRTS\V100\lib\</path>
         <kind>archive</kind>
         <file>rts2800_fpu32_fast_supplement.lib</file>
         <name>FPUmathTables.obj</name>
      </input_file>
      <input_file id="fl-1a">
         <path>C:\ti\ccsv6\tools\compiler\ti-cgt-c2000_6.4.2\lib\</path>
         <kind>archive</kind>
         <file>rts2800_fpu32.lib</file>
         <name>defs.obj</name>
      </input_file>
      <input_file id="fl-1b">
         <path>C:\ti\ccsv6\tools\compiler\ti-cgt-c2000_6.4.2\lib\</path>
         <kind>archive</kind>
         <file>rts2800_fpu32.lib</file>
         <name>exp.obj</name>
      </input_file>
      <input_file id="fl-1c">
         <path>C:\ti\ccsv6\tools\compiler\ti-cgt-c2000_6.4.2\lib\</path>
         <kind>archive</kind>
         <file>rts2800_fpu32.lib</file>
         <name>fopen.obj</name>
      </input_file>
      <input_file id="fl-1d">
         <path>C:\ti\ccsv6\tools\compiler\ti-cgt-c2000_6.4.2\lib\</path>
         <kind>archive</kind>
         <file>rts2800_fpu32.lib</file>
         <name>ldexp.obj</name>
      </input_file>
      <input_file id="fl-1e">
         <path>C:\ti\ccsv6\tools\compiler\ti-cgt-c2000_6.4.2\lib\</path>
         <kind>archive</kind>
         <file>rts2800_fpu32.lib</file>
         <name>l_div.obj</name>
      </input_file>
      <input_file id="fl-1f">
         <path>C:\ti\ccsv6\tools\compiler\ti-cgt-c2000_6.4.2\lib\</path>
         <kind>archive</kind>
         <file>rts2800_fpu32.lib</file>
         <name>lowlev.obj</name>
      </input_file>
      <input_file id="fl-20">
         <path>C:\ti\ccsv6\tools\compiler\ti-cgt-c2000_6.4.2\lib\</path>
         <kind>archive</kind>
         <file>rts2800_fpu32.lib</file>
         <name>modf.obj</name>
      </input_file>
      <input_file id="fl-21">
         <path>C:\ti\ccsv6\tools\compiler\ti-cgt-c2000_6.4.2\lib\</path>
         <kind>archive</kind>
         <file>rts2800_fpu32.lib</file>
         <name>printf.obj</name>
      </input_file>
      <input_file id="fl-22">
         <path>C:\ti\ccsv6\tools\compiler\ti-cgt-c2000_6.4.2\lib\</path>
         <kind>archive</kind>
         <file>rts2800_fpu32.lib</file>
         <name>setvbuf.obj</name>
      </input_file>
      <input_file id="fl-23">
         <path>C:\ti\ccsv6\tools\compiler\ti-cgt-c2000_6.4.2\lib\</path>
         <kind>archive</kind>
         <file>rts2800_fpu32.lib</file>
         <name>strchr.obj</name>
      </input_file>
      <input_file id="fl-24">
         <path>C:\ti\ccsv6\tools\compiler\ti-cgt-c2000_6.4.2\lib\</path>
         <kind>archive</kind>
         <file>rts2800_fpu32.lib</file>
         <name>strcmp.obj</name>
      </input_file>
      <input_file id="fl-25">
         <path>C:\ti\ccsv6\tools\compiler\ti-cgt-c2000_6.4.2\lib\</path>
         <kind>archive</kind>
         <file>rts2800_fpu32.lib</file>
         <name>strncpy.obj</name>
      </input_file>
      <input_file id="fl-26">
         <path>C:\ti\ccsv6\tools\compiler\ti-cgt-c2000_6.4.2\lib\</path>
         <kind>archive</kind>
         <file>rts2800_fpu32.lib</file>
         <name>tanh.obj</name>
      </input_file>
      <input_file id="fl-27">
         <path>C:\ti\ccsv6\tools\compiler\ti-cgt-c2000_6.4.2\lib\</path>
         <kind>archive</kind>
         <file>rts2800_fpu32.lib</file>
         <name>trgdrv.obj</name>
      </input_file>
      <input_file id="fl-28">
         <path>C:\ti\ccsv6\tools\compiler\ti-cgt-c2000_6.4.2\lib\</path>
         <kind>archive</kind>
         <file>rts2800_fpu32.lib</file>
         <name>u_div.obj</name>
      </input_file>
      <input_file id="fl-29">
         <path>C:\ti\ccsv6\tools\compiler\ti-cgt-c2000_6.4.2\lib\</path>
         <kind>archive</kind>
         <file>rts2800_fpu32.lib</file>
         <name>ankmsg.obj</name>
      </input_file>
      <input_file id="fl-2a">
         <path>C:\ti\ccsv6\tools\compiler\ti-cgt-c2000_6.4.2\lib\</path>
         <kind>archive</kind>
         <file>rts2800_fpu32.lib</file>
         <name>errno.obj</name>
      </input_file>
      <input_file id="fl-2b">
         <path>C:\ti\ccsv6\tools\compiler\ti-cgt-c2000_6.4.2\lib\</path>
         <kind>archive</kind>
         <file>rts2800_fpu32.lib</file>
         <name>fclose.obj</name>
      </input_file>
      <input_file id="fl-2c">
         <path>C:\ti\ccsv6\tools\compiler\ti-cgt-c2000_6.4.2\lib\</path>
         <kind>archive</kind>
         <file>rts2800_fpu32.lib</file>
         <name>fflush.obj</name>
      </input_file>
      <input_file id="fl-2d">
         <path>C:\ti\ccsv6\tools\compiler\ti-cgt-c2000_6.4.2\lib\</path>
         <kind>archive</kind>
         <file>rts2800_fpu32.lib</file>
         <name>fputc.obj</name>
      </input_file>
      <input_file id="fl-2e">
         <path>C:\ti\ccsv6\tools\compiler\ti-cgt-c2000_6.4.2\lib\</path>
         <kind>archive</kind>
         <file>rts2800_fpu32.lib</file>
         <name>fputs.obj</name>
      </input_file>
      <input_file id="fl-2f">
         <path>C:\ti\ccsv6\tools\compiler\ti-cgt-c2000_6.4.2\lib\</path>
         <kind>archive</kind>
         <file>rts2800_fpu32.lib</file>
         <name>_io_perm.obj</name>
      </input_file>
      <input_file id="fl-30">
         <path>C:\ti\ccsv6\tools\compiler\ti-cgt-c2000_6.4.2\lib\</path>
         <kind>archive</kind>
         <file>rts2800_fpu32.lib</file>
         <name>memchr.obj</name>
      </input_file>
      <input_file id="fl-31">
         <path>C:\ti\ccsv6\tools\compiler\ti-cgt-c2000_6.4.2\lib\</path>
         <kind>archive</kind>
         <file>rts2800_fpu32.lib</file>
         <name>memcpy.obj</name>
      </input_file>
      <input_file id="fl-32">
         <path>C:\ti\ccsv6\tools\compiler\ti-cgt-c2000_6.4.2\lib\</path>
         <kind>archive</kind>
         <file>rts2800_fpu32.lib</file>
         <name>memory.obj</name>
      </input_file>
      <input_file id="fl-33">
         <path>C:\ti\ccsv6\tools\compiler\ti-cgt-c2000_6.4.2\lib\</path>
         <kind>archive</kind>
         <file>rts2800_fpu32.lib</file>
         <name>_printfi.obj</name>
      </input_file>
      <input_file id="fl-34">
         <path>C:\ti\ccsv6\tools\compiler\ti-cgt-c2000_6.4.2\lib\</path>
         <kind>archive</kind>
         <file>rts2800_fpu32.lib</file>
         <name>remove.obj</name>
      </input_file>
      <input_file id="fl-35">
         <path>C:\ti\ccsv6\tools\compiler\ti-cgt-c2000_6.4.2\lib\</path>
         <kind>archive</kind>
         <file>rts2800_fpu32.lib</file>
         <name>strcpy.obj</name>
      </input_file>
      <input_file id="fl-36">
         <path>C:\ti\ccsv6\tools\compiler\ti-cgt-c2000_6.4.2\lib\</path>
         <kind>archive</kind>
         <file>rts2800_fpu32.lib</file>
         <name>strlen.obj</name>
      </input_file>
      <input_file id="fl-37">
         <path>C:\ti\ccsv6\tools\compiler\ti-cgt-c2000_6.4.2\lib\</path>
         <kind>archive</kind>
         <file>rts2800_fpu32.lib</file>
         <name>atoi.obj</name>
      </input_file>
      <input_file id="fl-38">
         <path>C:\ti\ccsv6\tools\compiler\ti-cgt-c2000_6.4.2\lib\</path>
         <kind>archive</kind>
         <file>rts2800_fpu32.lib</file>
         <name>ctype.obj</name>
      </input_file>
      <input_file id="fl-39">
         <path>C:\ti\ccsv6\tools\compiler\ti-cgt-c2000_6.4.2\lib\</path>
         <kind>archive</kind>
         <file>rts2800_fpu32.lib</file>
         <name>fd_cmp.obj</name>
      </input_file>
      <input_file id="fl-3a">
         <path>C:\ti\ccsv6\tools\compiler\ti-cgt-c2000_6.4.2\lib\</path>
         <kind>archive</kind>
         <file>rts2800_fpu32.lib</file>
         <name>fd_div.obj</name>
      </input_file>
      <input_file id="fl-3b">
         <path>C:\ti\ccsv6\tools\compiler\ti-cgt-c2000_6.4.2\lib\</path>
         <kind>archive</kind>
         <file>rts2800_fpu32.lib</file>
         <name>fd_mpy.obj</name>
      </input_file>
      <input_file id="fl-3c">
         <path>C:\ti\ccsv6\tools\compiler\ti-cgt-c2000_6.4.2\lib\</path>
         <kind>archive</kind>
         <file>rts2800_fpu32.lib</file>
         <name>fd_neg.obj</name>
      </input_file>
      <input_file id="fl-3d">
         <path>C:\ti\ccsv6\tools\compiler\ti-cgt-c2000_6.4.2\lib\</path>
         <kind>archive</kind>
         <file>rts2800_fpu32.lib</file>
         <name>fd_sub.obj</name>
      </input_file>
      <input_file id="fl-3e">
         <path>C:\ti\ccsv6\tools\compiler\ti-cgt-c2000_6.4.2\lib\</path>
         <kind>archive</kind>
         <file>rts2800_fpu32.lib</file>
         <name>fd_tofs.obj</name>
      </input_file>
      <input_file id="fl-3f">
         <path>C:\ti\ccsv6\tools\compiler\ti-cgt-c2000_6.4.2\lib\</path>
         <kind>archive</kind>
         <file>rts2800_fpu32.lib</file>
         <name>fd_toi.obj</name>
      </input_file>
      <input_file id="fl-40">
         <path>C:\ti\ccsv6\tools\compiler\ti-cgt-c2000_6.4.2\lib\</path>
         <kind>archive</kind>
         <file>rts2800_fpu32.lib</file>
         <name>fd_tol.obj</name>
      </input_file>
      <input_file id="fl-41">
         <path>C:\ti\ccsv6\tools\compiler\ti-cgt-c2000_6.4.2\lib\</path>
         <kind>archive</kind>
         <file>rts2800_fpu32.lib</file>
         <name>frexp.obj</name>
      </input_file>
      <input_file id="fl-42">
         <path>C:\ti\ccsv6\tools\compiler\ti-cgt-c2000_6.4.2\lib\</path>
         <kind>archive</kind>
         <file>rts2800_fpu32.lib</file>
         <name>fseek.obj</name>
      </input_file>
      <input_file id="fl-43">
         <path>C:\ti\ccsv6\tools\compiler\ti-cgt-c2000_6.4.2\lib\</path>
         <kind>archive</kind>
         <file>rts2800_fpu32.lib</file>
         <name>fs_tofd.obj</name>
      </input_file>
      <input_file id="fl-44">
         <path>C:\ti\ccsv6\tools\compiler\ti-cgt-c2000_6.4.2\lib\</path>
         <kind>archive</kind>
         <file>rts2800_fpu32.lib</file>
         <name>i_tofd.obj</name>
      </input_file>
      <input_file id="fl-45">
         <path>C:\ti\ccsv6\tools\compiler\ti-cgt-c2000_6.4.2\lib\</path>
         <kind>archive</kind>
         <file>rts2800_fpu32.lib</file>
         <name>ll_aox.obj</name>
      </input_file>
      <input_file id="fl-46">
         <path>C:\ti\ccsv6\tools\compiler\ti-cgt-c2000_6.4.2\lib\</path>
         <kind>archive</kind>
         <file>rts2800_fpu32.lib</file>
         <name>ll_cmp.obj</name>
      </input_file>
      <input_file id="fl-47">
         <path>C:\ti\ccsv6\tools\compiler\ti-cgt-c2000_6.4.2\lib\</path>
         <kind>archive</kind>
         <file>rts2800_fpu32.lib</file>
         <name>ll_div.obj</name>
      </input_file>
      <input_file id="fl-48">
         <path>C:\ti\ccsv6\tools\compiler\ti-cgt-c2000_6.4.2\lib\</path>
         <kind>archive</kind>
         <file>rts2800_fpu32.lib</file>
         <name>ltoa.obj</name>
      </input_file>
      <input_file id="fl-49">
         <path>C:\ti\ccsv6\tools\compiler\ti-cgt-c2000_6.4.2\lib\</path>
         <kind>archive</kind>
         <file>rts2800_fpu32.lib</file>
         <name>l_tofd.obj</name>
      </input_file>
      <input_file id="fl-4a">
         <path>C:\ti\ccsv6\tools\compiler\ti-cgt-c2000_6.4.2\lib\</path>
         <kind>archive</kind>
         <file>rts2800_fpu32.lib</file>
         <name>memccpy.obj</name>
      </input_file>
      <input_file id="fl-4b">
         <path>C:\ti\ccsv6\tools\compiler\ti-cgt-c2000_6.4.2\lib\</path>
         <kind>archive</kind>
         <file>rts2800_fpu32.lib</file>
         <name>memset.obj</name>
      </input_file>
      <input_file id="fl-4c">
         <path>C:\ti\ccsv6\tools\compiler\ti-cgt-c2000_6.4.2\lib\</path>
         <kind>archive</kind>
         <file>rts2800_fpu32.lib</file>
         <name>fd_add.obj</name>
      </input_file>
   </input_file_list>
   <object_component_list>
      <object_component id="oc-92">
         <name>PieVectTableFile</name>
         <uninitialized>true</uninitialized>
         <run_address>0xd00</run_address>
         <size>0x100</size>
         <input_file_ref idref="fl-8"/>
      </object_component>
      <object_component id="oc-8e">
         <name>DevEmuRegsFile</name>
         <uninitialized>true</uninitialized>
         <run_address>0x880</run_address>
         <size>0xd0</size>
         <input_file_ref idref="fl-8"/>
      </object_component>
      <object_component id="oc-64">
         <name>FlashRegsFile</name>
         <uninitialized>true</uninitialized>
         <run_address>0xa80</run_address>
         <size>0x8</size>
         <input_file_ref idref="fl-8"/>
      </object_component>
      <object_component id="oc-6c">
         <name>CsmRegsFile</name>
         <uninitialized>true</uninitialized>
         <run_address>0xae0</run_address>
         <size>0x10</size>
         <input_file_ref idref="fl-8"/>
      </object_component>
      <object_component id="oc-6d">
         <name>AdcMirrorFile</name>
         <uninitialized>true</uninitialized>
         <run_address>0xb00</run_address>
         <size>0x10</size>
         <input_file_ref idref="fl-8"/>
      </object_component>
      <object_component id="oc-71">
         <name>XintfRegsFile</name>
         <uninitialized>true</uninitialized>
         <run_address>0xb20</run_address>
         <size>0x1e</size>
         <input_file_ref idref="fl-8"/>
      </object_component>
      <object_component id="oc-65">
         <name>CpuTimer0RegsFile</name>
         <uninitialized>true</uninitialized>
         <run_address>0xc00</run_address>
         <size>0x8</size>
         <input_file_ref idref="fl-8"/>
      </object_component>
      <object_component id="oc-66">
         <name>CpuTimer1RegsFile</name>
         <uninitialized>true</uninitialized>
         <run_address>0xc08</run_address>
         <size>0x8</size>
         <input_file_ref idref="fl-8"/>
      </object_component>
      <object_component id="oc-62">
         <name>CpuTimer2RegsFile</name>
         <uninitialized>true</uninitialized>
         <run_address>0xc10</run_address>
         <size>0x8</size>
         <input_file_ref idref="fl-8"/>
      </object_component>
      <object_component id="oc-6f">
         <name>PieCtrlRegsFile</name>
         <uninitialized>true</uninitialized>
         <run_address>0xce0</run_address>
         <size>0x1a</size>
         <input_file_ref idref="fl-8"/>
      </object_component>
      <object_component id="oc-8f">
         <name>DmaRegsFile</name>
         <uninitialized>true</uninitialized>
         <run_address>0x1000</run_address>
         <size>0xe0</size>
         <input_file_ref idref="fl-8"/>
      </object_component>
      <object_component id="oc-82">
         <name>McbspaRegsFile</name>
         <uninitialized>true</uninitialized>
         <run_address>0x5000</run_address>
         <size>0x25</size>
         <input_file_ref idref="fl-8"/>
      </object_component>
      <object_component id="oc-81">
         <name>McbspbRegsFile</name>
         <uninitialized>true</uninitialized>
         <run_address>0x5040</run_address>
         <size>0x25</size>
         <input_file_ref idref="fl-8"/>
      </object_component>
      <object_component id="oc-84">
         <name>ECanaRegsFile</name>
         <uninitialized>true</uninitialized>
         <run_address>0x6000</run_address>
         <size>0x34</size>
         <input_file_ref idref="fl-8"/>
      </object_component>
      <object_component id="oc-88">
         <name>ECanaLAMRegsFile</name>
         <uninitialized>true</uninitialized>
         <run_address>0x6040</run_address>
         <size>0x40</size>
         <input_file_ref idref="fl-8"/>
      </object_component>
      <object_component id="oc-91">
         <name>ECanaMboxesFile</name>
         <uninitialized>true</uninitialized>
         <run_address>0x6100</run_address>
         <size>0x100</size>
         <input_file_ref idref="fl-8"/>
      </object_component>
      <object_component id="oc-89">
         <name>ECanaMOTSRegsFile</name>
         <uninitialized>true</uninitialized>
         <run_address>0x6080</run_address>
         <size>0x40</size>
         <input_file_ref idref="fl-8"/>
      </object_component>
      <object_component id="oc-86">
         <name>ECanaMOTORegsFile</name>
         <uninitialized>true</uninitialized>
         <run_address>0x60c0</run_address>
         <size>0x40</size>
         <input_file_ref idref="fl-8"/>
      </object_component>
      <object_component id="oc-85">
         <name>ECanbRegsFile</name>
         <uninitialized>true</uninitialized>
         <run_address>0x6200</run_address>
         <size>0x34</size>
         <input_file_ref idref="fl-8"/>
      </object_component>
      <object_component id="oc-8d">
         <name>ECanbLAMRegsFile</name>
         <uninitialized>true</uninitialized>
         <run_address>0x6240</run_address>
         <size>0x40</size>
         <input_file_ref idref="fl-8"/>
      </object_component>
      <object_component id="oc-90">
         <name>ECanbMboxesFile</name>
         <uninitialized>true</uninitialized>
         <run_address>0x6300</run_address>
         <size>0x100</size>
         <input_file_ref idref="fl-8"/>
      </object_component>
      <object_component id="oc-87">
         <name>ECanbMOTSRegsFile</name>
         <uninitialized>true</uninitialized>
         <run_address>0x6280</run_address>
         <size>0x40</size>
         <input_file_ref idref="fl-8"/>
      </object_component>
      <object_component id="oc-8a">
         <name>ECanbMOTORegsFile</name>
         <uninitialized>true</uninitialized>
         <run_address>0x62c0</run_address>
         <size>0x40</size>
         <input_file_ref idref="fl-8"/>
      </object_component>
      <object_component id="oc-7f">
         <name>EPwm1RegsFile</name>
         <uninitialized>true</uninitialized>
         <run_address>0x6800</run_address>
         <size>0x22</size>
         <input_file_ref idref="fl-8"/>
      </object_component>
      <object_component id="oc-7a">
         <name>EPwm2RegsFile</name>
         <uninitialized>true</uninitialized>
         <run_address>0x6840</run_address>
         <size>0x22</size>
         <input_file_ref idref="fl-8"/>
      </object_component>
      <object_component id="oc-7b">
         <name>EPwm3RegsFile</name>
         <uninitialized>true</uninitialized>
         <run_address>0x6880</run_address>
         <size>0x22</size>
         <input_file_ref idref="fl-8"/>
      </object_component>
      <object_component id="oc-80">
         <name>EPwm4RegsFile</name>
         <uninitialized>true</uninitialized>
         <run_address>0x68c0</run_address>
         <size>0x22</size>
         <input_file_ref idref="fl-8"/>
      </object_component>
      <object_component id="oc-7d">
         <name>EPwm5RegsFile</name>
         <uninitialized>true</uninitialized>
         <run_address>0x6900</run_address>
         <size>0x22</size>
         <input_file_ref idref="fl-8"/>
      </object_component>
      <object_component id="oc-7e">
         <name>EPwm6RegsFile</name>
         <uninitialized>true</uninitialized>
         <run_address>0x6940</run_address>
         <size>0x22</size>
         <input_file_ref idref="fl-8"/>
      </object_component>
      <object_component id="oc-74">
         <name>ECap1RegsFile</name>
         <uninitialized>true</uninitialized>
         <run_address>0x6a00</run_address>
         <size>0x20</size>
         <input_file_ref idref="fl-8"/>
      </object_component>
      <object_component id="oc-75">
         <name>ECap2RegsFile</name>
         <uninitialized>true</uninitialized>
         <run_address>0x6a20</run_address>
         <size>0x20</size>
         <input_file_ref idref="fl-8"/>
      </object_component>
      <object_component id="oc-72">
         <name>ECap3RegsFile</name>
         <uninitialized>true</uninitialized>
         <run_address>0x6a40</run_address>
         <size>0x20</size>
         <input_file_ref idref="fl-8"/>
      </object_component>
      <object_component id="oc-73">
         <name>ECap4RegsFile</name>
         <uninitialized>true</uninitialized>
         <run_address>0x6a60</run_address>
         <size>0x20</size>
         <input_file_ref idref="fl-8"/>
      </object_component>
      <object_component id="oc-78">
         <name>ECap5RegsFile</name>
         <uninitialized>true</uninitialized>
         <run_address>0x6a80</run_address>
         <size>0x20</size>
         <input_file_ref idref="fl-8"/>
      </object_component>
      <object_component id="oc-79">
         <name>ECap6RegsFile</name>
         <uninitialized>true</uninitialized>
         <run_address>0x6aa0</run_address>
         <size>0x20</size>
         <input_file_ref idref="fl-8"/>
      </object_component>
      <object_component id="oc-8b">
         <name>EQep1RegsFile</name>
         <uninitialized>true</uninitialized>
         <run_address>0x6b00</run_address>
         <size>0x40</size>
         <input_file_ref idref="fl-8"/>
      </object_component>
      <object_component id="oc-8c">
         <name>EQep2RegsFile</name>
         <uninitialized>true</uninitialized>
         <run_address>0x6b40</run_address>
         <size>0x40</size>
         <input_file_ref idref="fl-8"/>
      </object_component>
      <object_component id="oc-83">
         <name>GpioCtrlRegsFile</name>
         <uninitialized>true</uninitialized>
         <run_address>0x6f80</run_address>
         <size>0x2e</size>
         <input_file_ref idref="fl-8"/>
      </object_component>
      <object_component id="oc-76">
         <name>GpioDataRegsFile</name>
         <uninitialized>true</uninitialized>
         <run_address>0x6fc0</run_address>
         <size>0x20</size>
         <input_file_ref idref="fl-8"/>
      </object_component>
      <object_component id="oc-67">
         <name>GpioIntRegsFile</name>
         <uninitialized>true</uninitialized>
         <run_address>0x6fe0</run_address>
         <size>0xa</size>
         <input_file_ref idref="fl-8"/>
      </object_component>
      <object_component id="oc-77">
         <name>SysCtrlRegsFile</name>
         <uninitialized>true</uninitialized>
         <run_address>0x7010</run_address>
         <size>0x20</size>
         <input_file_ref idref="fl-8"/>
      </object_component>
      <object_component id="oc-68">
         <name>SpiaRegsFile</name>
         <uninitialized>true</uninitialized>
         <run_address>0x7040</run_address>
         <size>0x10</size>
         <input_file_ref idref="fl-8"/>
      </object_component>
      <object_component id="oc-6b">
         <name>SciaRegsFile</name>
         <uninitialized>true</uninitialized>
         <run_address>0x7050</run_address>
         <size>0x10</size>
         <input_file_ref idref="fl-8"/>
      </object_component>
      <object_component id="oc-6e">
         <name>XIntruptRegsFile</name>
         <uninitialized>true</uninitialized>
         <run_address>0x7070</run_address>
         <size>0x10</size>
         <input_file_ref idref="fl-8"/>
      </object_component>
      <object_component id="oc-70">
         <name>AdcRegsFile</name>
         <uninitialized>true</uninitialized>
         <run_address>0x7100</run_address>
         <size>0x1e</size>
         <input_file_ref idref="fl-8"/>
      </object_component>
      <object_component id="oc-69">
         <name>ScibRegsFile</name>
         <uninitialized>true</uninitialized>
         <run_address>0x7750</run_address>
         <size>0x10</size>
         <input_file_ref idref="fl-8"/>
      </object_component>
      <object_component id="oc-6a">
         <name>ScicRegsFile</name>
         <uninitialized>true</uninitialized>
         <run_address>0x7770</run_address>
         <size>0x10</size>
         <input_file_ref idref="fl-8"/>
      </object_component>
      <object_component id="oc-7c">
         <name>I2caRegsFile</name>
         <uninitialized>true</uninitialized>
         <run_address>0x7900</run_address>
         <size>0x22</size>
         <input_file_ref idref="fl-8"/>
      </object_component>
      <object_component id="oc-63">
         <name>CsmPwlFile</name>
         <uninitialized>true</uninitialized>
         <run_address>0x33fff8</run_address>
         <size>0x8</size>
         <input_file_ref idref="fl-8"/>
      </object_component>
      <object_component id="oc-61">
         <name>PartIdRegsFile</name>
         <uninitialized>true</uninitialized>
         <run_address>0x380090</run_address>
         <size>0x1</size>
         <input_file_ref idref="fl-8"/>
      </object_component>
      <object_component id="oc-5b">
         <name>codestart</name>
         <load_address>0x0</load_address>
         <run_address>0x0</run_address>
         <size>0x2</size>
         <input_file_ref idref="fl-7"/>
      </object_component>
      <object_component id="oc-94">
         <name>ramfuncs</name>
         <load_address>0x83d2</load_address>
         <run_address>0x83d2</run_address>
         <size>0x4</size>
         <input_file_ref idref="fl-9"/>
      </object_component>
      <object_component id="oc-1fd">
         <name>.text</name>
         <load_address>0x9800</load_address>
         <run_address>0x9800</run_address>
         <size>0xc06</size>
         <input_file_ref idref="fl-33"/>
      </object_component>
      <object_component id="oc-1e6">
         <name>.text</name>
         <load_address>0xa406</load_address>
         <run_address>0xa406</run_address>
         <size>0x834</size>
         <input_file_ref idref="fl-c"/>
      </object_component>
      <object_component id="oc-ab">
         <name>.text:retain</name>
         <load_address>0xac3a</load_address>
         <run_address>0xac3a</run_address>
         <size>0x7e8</size>
         <input_file_ref idref="fl-c"/>
      </object_component>
      <object_component id="oc-1e8">
         <name>.text</name>
         <load_address>0xb422</load_address>
         <run_address>0xb422</run_address>
         <size>0x2cc</size>
         <input_file_ref idref="fl-d"/>
      </object_component>
      <object_component id="oc-1f0">
         <name>.text</name>
         <load_address>0xb6ee</load_address>
         <run_address>0xb6ee</run_address>
         <size>0x267</size>
         <input_file_ref idref="fl-b"/>
      </object_component>
      <object_component id="oc-1f1">
         <name>.text</name>
         <load_address>0xb955</load_address>
         <run_address>0xb955</run_address>
         <size>0x226</size>
         <input_file_ref idref="fl-1f"/>
      </object_component>
      <object_component id="oc-1e9">
         <name>.text</name>
         <load_address>0xbb7b</load_address>
         <run_address>0xbb7b</run_address>
         <size>0x206</size>
         <input_file_ref idref="fl-27"/>
      </object_component>
      <object_component id="oc-202">
         <name>.text</name>
         <load_address>0xbd81</load_address>
         <run_address>0xbd81</run_address>
         <size>0x1e0</size>
         <input_file_ref idref="fl-32"/>
      </object_component>
      <object_component id="oc-1ed">
         <name>.text</name>
         <load_address>0xbf61</load_address>
         <run_address>0xbf61</run_address>
         <size>0x1ba</size>
         <input_file_ref idref="fl-a"/>
      </object_component>
      <object_component id="oc-1c6">
         <name>.text</name>
         <load_address>0xc11b</load_address>
         <run_address>0xc11b</run_address>
         <size>0x107</size>
         <input_file_ref idref="fl-47"/>
      </object_component>
      <object_component id="oc-1f2">
         <name>.text</name>
         <load_address>0xc222</load_address>
         <run_address>0xc222</run_address>
         <size>0x103</size>
         <input_file_ref idref="fl-1c"/>
      </object_component>
      <object_component id="oc-b4">
         <name>.text:retain</name>
         <load_address>0xc325</load_address>
         <run_address>0xc325</run_address>
         <size>0xe8</size>
         <input_file_ref idref="fl-d"/>
      </object_component>
      <object_component id="oc-1fc">
         <name>.text</name>
         <load_address>0xc40d</load_address>
         <run_address>0xc40d</run_address>
         <size>0xb4</size>
         <input_file_ref idref="fl-2e"/>
      </object_component>
      <object_component id="oc-1df">
         <name>.text</name>
         <load_address>0xc4c1</load_address>
         <run_address>0xc4c1</run_address>
         <size>0x9c</size>
         <input_file_ref idref="fl-4c"/>
      </object_component>
      <object_component id="oc-1f4">
         <name>.text</name>
         <load_address>0xc55e</load_address>
         <run_address>0xc55e</run_address>
         <size>0x94</size>
         <input_file_ref idref="fl-29"/>
      </object_component>
      <object_component id="oc-185">
         <name>.text</name>
         <load_address>0xc5f2</load_address>
         <run_address>0xc5f2</run_address>
         <size>0x8b</size>
         <input_file_ref idref="fl-3a"/>
      </object_component>
      <object_component id="oc-1f3">
         <name>.text</name>
         <load_address>0xc67d</load_address>
         <run_address>0xc67d</run_address>
         <size>0x8a</size>
         <input_file_ref idref="fl-22"/>
      </object_component>
      <object_component id="oc-18a">
         <name>.text</name>
         <load_address>0xc707</load_address>
         <run_address>0xc707</run_address>
         <size>0x83</size>
         <input_file_ref idref="fl-3b"/>
      </object_component>
      <object_component id="oc-204">
         <name>.text</name>
         <load_address>0xc78a</load_address>
         <run_address>0xc78a</run_address>
         <size>0x76</size>
         <input_file_ref idref="fl-2c"/>
      </object_component>
      <object_component id="oc-1ee">
         <name>.text</name>
         <load_address>0xc800</load_address>
         <run_address>0xc800</run_address>
         <size>0x68</size>
         <input_file_ref idref="fl-1b"/>
      </object_component>
      <object_component id="oc-203">
         <name>.text</name>
         <load_address>0xc868</load_address>
         <run_address>0xc868</run_address>
         <size>0x67</size>
         <input_file_ref idref="fl-2f"/>
      </object_component>
      <object_component id="oc-1e7">
         <name>.text</name>
         <load_address>0xc8cf</load_address>
         <run_address>0xc8cf</run_address>
         <size>0x62</size>
         <input_file_ref idref="fl-26"/>
      </object_component>
      <object_component id="oc-201">
         <name>.text</name>
         <load_address>0xc931</load_address>
         <run_address>0xc931</run_address>
         <size>0x5f</size>
         <input_file_ref idref="fl-2b"/>
      </object_component>
      <object_component id="oc-1fb">
         <name>.text</name>
         <load_address>0xc990</load_address>
         <run_address>0xc990</run_address>
         <size>0x54</size>
         <input_file_ref idref="fl-2d"/>
      </object_component>
      <object_component id="oc-4f">
         <name>.text</name>
         <load_address>0xc9e4</load_address>
         <run_address>0xc9e4</run_address>
         <size>0x4b</size>
         <input_file_ref idref="fl-5"/>
      </object_component>
      <object_component id="oc-4e">
         <name>.text</name>
         <load_address>0xca2f</load_address>
         <run_address>0xca2f</run_address>
         <size>0x46</size>
         <input_file_ref idref="fl-10"/>
      </object_component>
      <object_component id="oc-20d">
         <name>.text</name>
         <load_address>0xca75</load_address>
         <run_address>0xca75</run_address>
         <size>0x3d</size>
         <input_file_ref idref="fl-42"/>
      </object_component>
      <object_component id="oc-1fa">
         <name>.text</name>
         <load_address>0xcab2</load_address>
         <run_address>0xcab2</run_address>
         <size>0x34</size>
         <input_file_ref idref="fl-1d"/>
      </object_component>
      <object_component id="oc-1ef">
         <name>.text</name>
         <load_address>0xcae6</load_address>
         <run_address>0xcae6</run_address>
         <size>0x34</size>
         <input_file_ref idref="fl-21"/>
      </object_component>
      <object_component id="oc-d9">
         <name>.text</name>
         <load_address>0xcb1a</load_address>
         <run_address>0xcb1a</run_address>
         <size>0x34</size>
         <input_file_ref idref="fl-18"/>
      </object_component>
      <object_component id="oc-d1">
         <name>.text</name>
         <load_address>0xcb4e</load_address>
         <run_address>0xcb4e</run_address>
         <size>0x34</size>
         <input_file_ref idref="fl-16"/>
      </object_component>
      <object_component id="oc-207">
         <name>.text</name>
         <load_address>0xcb82</load_address>
         <run_address>0xcb82</run_address>
         <size>0x33</size>
         <input_file_ref idref="fl-37"/>
      </object_component>
      <object_component id="oc-208">
         <name>.text</name>
         <load_address>0xcbb5</load_address>
         <run_address>0xcbb5</run_address>
         <size>0x2e</size>
         <input_file_ref idref="fl-48"/>
      </object_component>
      <object_component id="oc-180">
         <name>.text</name>
         <load_address>0xcbe3</load_address>
         <run_address>0xcbe3</run_address>
         <size>0x2a</size>
         <input_file_ref idref="fl-39"/>
      </object_component>
      <object_component id="oc-f3">
         <name>.text</name>
         <load_address>0xcc0d</load_address>
         <run_address>0xcc0d</run_address>
         <size>0x2a</size>
         <input_file_ref idref="fl-1e"/>
      </object_component>
      <object_component id="oc-199">
         <name>.text</name>
         <load_address>0xcc37</load_address>
         <run_address>0xcc37</run_address>
         <size>0x23</size>
         <input_file_ref idref="fl-3e"/>
      </object_component>
      <object_component id="oc-19e">
         <name>.text</name>
         <load_address>0xcc5a</load_address>
         <run_address>0xcc5a</run_address>
         <size>0x21</size>
         <input_file_ref idref="fl-3f"/>
      </object_component>
      <object_component id="oc-1a3">
         <name>.text</name>
         <load_address>0xcc7b</load_address>
         <run_address>0xcc7b</run_address>
         <size>0x1f</size>
         <input_file_ref idref="fl-40"/>
      </object_component>
      <object_component id="oc-200">
         <name>.text</name>
         <load_address>0xcc9a</load_address>
         <run_address>0xcc9a</run_address>
         <size>0x1f</size>
         <input_file_ref idref="fl-25"/>
      </object_component>
      <object_component id="oc-1c1">
         <name>.text</name>
         <load_address>0xccb9</load_address>
         <run_address>0xccb9</run_address>
         <size>0x1e</size>
         <input_file_ref idref="fl-46"/>
      </object_component>
      <object_component id="oc-206">
         <name>.text</name>
         <load_address>0xccd7</load_address>
         <run_address>0xccd7</run_address>
         <size>0x1e</size>
         <input_file_ref idref="fl-31"/>
      </object_component>
      <object_component id="oc-1b7">
         <name>.text</name>
         <load_address>0xccf5</load_address>
         <run_address>0xccf5</run_address>
         <size>0x1d</size>
         <input_file_ref idref="fl-44"/>
      </object_component>
      <object_component id="oc-1b2">
         <name>.text</name>
         <load_address>0xcd12</load_address>
         <run_address>0xcd12</run_address>
         <size>0x1c</size>
         <input_file_ref idref="fl-43"/>
      </object_component>
      <object_component id="oc-1d0">
         <name>.text</name>
         <load_address>0xcd2e</load_address>
         <run_address>0xcd2e</run_address>
         <size>0x1c</size>
         <input_file_ref idref="fl-49"/>
      </object_component>
      <object_component id="oc-1ec">
         <name>.text</name>
         <load_address>0xcd4a</load_address>
         <run_address>0xcd4a</run_address>
         <size>0x1c</size>
         <input_file_ref idref="fl-20"/>
      </object_component>
      <object_component id="oc-1e4">
         <name>.text</name>
         <load_address>0xcd66</load_address>
         <run_address>0xcd66</run_address>
         <size>0x19</size>
         <input_file_ref idref="fl-15"/>
      </object_component>
      <object_component id="oc-1e5">
         <name>.text</name>
         <load_address>0xcd7f</load_address>
         <run_address>0xcd7f</run_address>
         <size>0x19</size>
         <input_file_ref idref="fl-13"/>
      </object_component>
      <object_component id="oc-d5">
         <name>.text</name>
         <load_address>0xcd98</load_address>
         <run_address>0xcd98</run_address>
         <size>0x19</size>
         <input_file_ref idref="fl-17"/>
      </object_component>
      <object_component id="oc-1bc">
         <name>.text</name>
         <load_address>0xcdb1</load_address>
         <run_address>0xcdb1</run_address>
         <size>0x18</size>
         <input_file_ref idref="fl-45"/>
      </object_component>
      <object_component id="oc-209">
         <name>.text</name>
         <load_address>0xcdc9</load_address>
         <run_address>0xcdc9</run_address>
         <size>0x16</size>
         <input_file_ref idref="fl-41"/>
      </object_component>
      <object_component id="oc-a2">
         <name>.text:retain</name>
         <load_address>0xcddf</load_address>
         <run_address>0xcddf</run_address>
         <size>0x11</size>
         <input_file_ref idref="fl-b"/>
      </object_component>
      <object_component id="oc-205">
         <name>.text</name>
         <load_address>0xcdf0</load_address>
         <run_address>0xcdf0</run_address>
         <size>0x11</size>
         <input_file_ref idref="fl-30"/>
      </object_component>
      <object_component id="oc-194">
         <name>.text</name>
         <load_address>0xce01</load_address>
         <run_address>0xce01</run_address>
         <size>0xe</size>
         <input_file_ref idref="fl-3d"/>
      </object_component>
      <object_component id="oc-20b">
         <name>.text</name>
         <load_address>0xce0f</load_address>
         <run_address>0xce0f</run_address>
         <size>0xe</size>
         <input_file_ref idref="fl-4a"/>
      </object_component>
      <object_component id="oc-20a">
         <name>.text</name>
         <load_address>0xce1d</load_address>
         <run_address>0xce1d</run_address>
         <size>0xc</size>
         <input_file_ref idref="fl-4b"/>
      </object_component>
      <object_component id="oc-1ff">
         <name>.text</name>
         <load_address>0xce29</load_address>
         <run_address>0xce29</run_address>
         <size>0xc</size>
         <input_file_ref idref="fl-23"/>
      </object_component>
      <object_component id="oc-128">
         <name>.text</name>
         <load_address>0xce35</load_address>
         <run_address>0xce35</run_address>
         <size>0xb</size>
         <input_file_ref idref="fl-28"/>
      </object_component>
      <object_component id="oc-9a">
         <name>.text:retain</name>
         <load_address>0xce40</load_address>
         <run_address>0xce40</run_address>
         <size>0xa</size>
         <input_file_ref idref="fl-a"/>
      </object_component>
      <object_component id="oc-1fe">
         <name>.text</name>
         <load_address>0xce4a</load_address>
         <run_address>0xce4a</run_address>
         <size>0xa</size>
         <input_file_ref idref="fl-24"/>
      </object_component>
      <object_component id="oc-1f9">
         <name>.text</name>
         <load_address>0xce54</load_address>
         <run_address>0xce54</run_address>
         <size>0x9</size>
         <input_file_ref idref="fl-14"/>
      </object_component>
      <object_component id="oc-18f">
         <name>.text</name>
         <load_address>0xce5d</load_address>
         <run_address>0xce5d</run_address>
         <size>0x9</size>
         <input_file_ref idref="fl-3c"/>
      </object_component>
      <object_component id="oc-5a">
         <name>.text</name>
         <load_address>0xce66</load_address>
         <run_address>0xce66</run_address>
         <size>0x8</size>
         <input_file_ref idref="fl-7"/>
      </object_component>
      <object_component id="oc-1f7">
         <name>.text</name>
         <load_address>0xce6e</load_address>
         <run_address>0xce6e</run_address>
         <size>0x8</size>
         <input_file_ref idref="fl-36"/>
      </object_component>
      <object_component id="oc-1f8">
         <name>.text</name>
         <load_address>0xce76</load_address>
         <run_address>0xce76</run_address>
         <size>0x5</size>
         <input_file_ref idref="fl-35"/>
      </object_component>
      <object_component id="oc-20c">
         <name>.text</name>
         <load_address>0xce7b</load_address>
         <run_address>0xce7b</run_address>
         <size>0x3</size>
         <input_file_ref idref="fl-34"/>
      </object_component>
      <object_component id="oc-a9">
         <name>.cinit</name>
         <load_address>0x8000</load_address>
         <run_address>0x8000</run_address>
         <size>0x2f7</size>
         <input_file_ref idref="fl-c"/>
      </object_component>
      <object_component id="oc-a0">
         <name>.cinit</name>
         <load_address>0x82f7</load_address>
         <run_address>0x82f7</run_address>
         <size>0x52</size>
         <input_file_ref idref="fl-b"/>
      </object_component>
      <object_component id="oc-f9">
         <name>.cinit</name>
         <load_address>0x8349</load_address>
         <run_address>0x8349</run_address>
         <size>0x31</size>
         <input_file_ref idref="fl-1f"/>
      </object_component>
      <object_component id="oc-df">
         <name>.cinit</name>
         <load_address>0x837a</load_address>
         <run_address>0x837a</run_address>
         <size>0x2a</size>
         <input_file_ref idref="fl-1a"/>
      </object_component>
      <object_component id="oc-b2">
         <name>.cinit</name>
         <load_address>0x83a4</load_address>
         <run_address>0x83a4</run_address>
         <size>0xc</size>
         <input_file_ref idref="fl-d"/>
      </object_component>
      <object_component id="oc-c1">
         <name>.cinit</name>
         <load_address>0x83b0</load_address>
         <run_address>0x83b0</run_address>
         <size>0xa</size>
         <input_file_ref idref="fl-13"/>
      </object_component>
      <object_component id="oc-1eb">
         <name>.cinit:__lock</name>
         <load_address>0x83ba</load_address>
         <run_address>0x83ba</run_address>
         <size>0x5</size>
         <input_file_ref idref="fl-14"/>
      </object_component>
      <object_component id="oc-1f6">
         <name>.cinit:__unlock</name>
         <load_address>0x83bf</load_address>
         <run_address>0x83bf</run_address>
         <size>0x5</size>
         <input_file_ref idref="fl-14"/>
      </object_component>
      <object_component id="oc-134">
         <name>.cinit</name>
         <load_address>0x83c4</load_address>
         <run_address>0x83c4</run_address>
         <size>0x4</size>
         <input_file_ref idref="fl-2a"/>
      </object_component>
      <object_component id="oc-e8">
         <name>.cinit</name>
         <load_address>0x83c8</load_address>
         <run_address>0x83c8</run_address>
         <size>0x4</size>
         <input_file_ref idref="fl-1c"/>
      </object_component>
      <object_component id="oc-15c">
         <name>.cinit</name>
         <load_address>0x83cc</load_address>
         <run_address>0x83cc</run_address>
         <size>0x4</size>
         <input_file_ref idref="fl-32"/>
      </object_component>
      <object_component id="oc-ba">
         <name>.stack</name>
         <uninitialized>true</uninitialized>
         <run_address>0x400</run_address>
         <size>0x0</size>
         <input_file_ref idref="fl-10"/>
      </object_component>
      <object_component id="oc-265">
         <name>.stack</name>
         <uninitialized>true</uninitialized>
         <run_address>0x400</run_address>
         <size>0x0</size>
      </object_component>
      <object_component id="oc-a1">
         <name>.ebss</name>
         <uninitialized>true</uninitialized>
         <run_address>0xe4c0</run_address>
         <size>0x9a</size>
         <input_file_ref idref="fl-b"/>
      </object_component>
      <object_component id="oc-aa">
         <name>.ebss</name>
         <uninitialized>true</uninitialized>
         <run_address>0xe000</run_address>
         <size>0x324</size>
         <input_file_ref idref="fl-c"/>
      </object_component>
      <object_component id="oc-b3">
         <name>.ebss</name>
         <uninitialized>true</uninitialized>
         <run_address>0xe324</run_address>
         <size>0x18</size>
         <input_file_ref idref="fl-d"/>
      </object_component>
      <object_component id="oc-c2">
         <name>.ebss</name>
         <uninitialized>true</uninitialized>
         <run_address>0xe33c</run_address>
         <size>0x4</size>
         <input_file_ref idref="fl-13"/>
      </object_component>
      <object_component id="oc-1f5">
         <name>.ebss:__unlock</name>
         <uninitialized>true</uninitialized>
         <run_address>0xe4b2</run_address>
         <size>0x2</size>
         <input_file_ref idref="fl-14"/>
      </object_component>
      <object_component id="oc-1ea">
         <name>.ebss:__lock</name>
         <uninitialized>true</uninitialized>
         <run_address>0xe4b0</run_address>
         <size>0x2</size>
         <input_file_ref idref="fl-14"/>
      </object_component>
      <object_component id="oc-e0">
         <name>.ebss</name>
         <uninitialized>true</uninitialized>
         <run_address>0xe340</run_address>
         <size>0x160</size>
         <input_file_ref idref="fl-1a"/>
      </object_component>
      <object_component id="oc-e9">
         <name>.ebss</name>
         <uninitialized>true</uninitialized>
         <run_address>0xe4b5</run_address>
         <size>0x1</size>
         <input_file_ref idref="fl-1c"/>
      </object_component>
      <object_component id="oc-fa">
         <name>.ebss</name>
         <uninitialized>true</uninitialized>
         <run_address>0xe580</run_address>
         <size>0x88</size>
         <input_file_ref idref="fl-1f"/>
      </object_component>
      <object_component id="oc-123">
         <name>.ebss</name>
         <uninitialized>true</uninitialized>
         <run_address>0xe4a8</run_address>
         <size>0x8</size>
         <input_file_ref idref="fl-27"/>
      </object_component>
      <object_component id="oc-135">
         <name>.ebss</name>
         <uninitialized>true</uninitialized>
         <run_address>0xe4b4</run_address>
         <size>0x1</size>
         <input_file_ref idref="fl-2a"/>
      </object_component>
      <object_component id="oc-15e">
         <name>.ebss</name>
         <uninitialized>true</uninitialized>
         <run_address>0xe4a0</run_address>
         <size>0x8</size>
         <input_file_ref idref="fl-32"/>
      </object_component>
      <object_component id="oc-ac">
         <name>.econst:.string</name>
         <load_address>0xed28</load_address>
         <run_address>0xed28</run_address>
         <size>0x17e</size>
         <input_file_ref idref="fl-c"/>
      </object_component>
      <object_component id="oc-20e">
         <name>.econst:.string:__ctypes_</name>
         <load_address>0xeea6</load_address>
         <run_address>0xeea6</run_address>
         <size>0x101</size>
         <input_file_ref idref="fl-38"/>
      </object_component>
      <object_component id="oc-165">
         <name>.econst:.string</name>
         <load_address>0xefa8</load_address>
         <run_address>0xefa8</run_address>
         <size>0x26</size>
         <input_file_ref idref="fl-33"/>
      </object_component>
      <object_component id="oc-a3">
         <name>.econst:.string</name>
         <load_address>0xefce</load_address>
         <run_address>0xefce</run_address>
         <size>0x24</size>
         <input_file_ref idref="fl-b"/>
      </object_component>
      <object_component id="oc-164">
         <name>.econst</name>
         <load_address>0xeff2</load_address>
         <run_address>0xeff2</run_address>
         <size>0x1c</size>
         <input_file_ref idref="fl-33"/>
      </object_component>
      <object_component id="oc-b5">
         <name>.econst:.string</name>
         <load_address>0xf00e</load_address>
         <run_address>0xf00e</run_address>
         <size>0xe</size>
         <input_file_ref idref="fl-d"/>
      </object_component>
      <object_component id="oc-147">
         <name>.econst:.string</name>
         <load_address>0xf01c</load_address>
         <run_address>0xf01c</run_address>
         <size>0x2</size>
         <input_file_ref idref="fl-2e"/>
      </object_component>
      <object_component id="oc-15d">
         <name>.esysmem</name>
         <uninitialized>true</uninitialized>
         <run_address>0xe608</run_address>
         <size>0x1</size>
         <input_file_ref idref="fl-32"/>
      </object_component>
      <object_component id="oc-266">
         <name>.esysmem</name>
         <uninitialized>true</uninitialized>
         <run_address>0xe608</run_address>
         <size>0x0</size>
      </object_component>
      <object_component id="oc-12e">
         <name>.cio</name>
         <uninitialized>true</uninitialized>
         <run_address>0xf040</run_address>
         <size>0x120</size>
         <input_file_ref idref="fl-29"/>
      </object_component>
      <object_component id="oc-dd">
         <name>FPUmathTables</name>
         <load_address>0x3febdc</load_address>
         <run_address>0x3febdc</run_address>
         <size>0x6a0</size>
         <input_file_ref idref="fl-19"/>
      </object_component>
      <object_component id="oc-bb">
         <name>.reset</name>
         <load_address>0x3fffc0</load_address>
         <run_address>0x3fffc0</run_address>
         <size>0x2</size>
         <input_file_ref idref="fl-10"/>
      </object_component>
      <object_component id="oc-55">
         <name>.adc_cal</name>
         <load_address>0x380080</load_address>
         <run_address>0x380080</run_address>
         <size>0x7</size>
         <input_file_ref idref="fl-6"/>
      </object_component>
      <object_component id="oc-50">
         <name>DLOG</name>
         <uninitialized>true</uninitialized>
         <run_address>0xea08</run_address>
         <size>0x320</size>
         <input_file_ref idref="fl-5"/>
      </object_component>
      <object_component id="oc-51">
         <name>.debug_info</name>
         <load_address>0x0</load_address>
         <run_address>0x0</run_address>
         <size>0x135</size>
         <input_file_ref idref="fl-5"/>
      </object_component>
      <object_component id="oc-56">
         <name>.debug_info</name>
         <load_address>0x135</load_address>
         <run_address>0x135</run_address>
         <size>0x1b0</size>
         <input_file_ref idref="fl-6"/>
      </object_component>
      <object_component id="oc-5c">
         <name>.debug_info</name>
         <load_address>0x2e5</load_address>
         <run_address>0x2e5</run_address>
         <size>0x22b</size>
         <input_file_ref idref="fl-7"/>
      </object_component>
      <object_component id="oc-60">
         <name>.debug_info</name>
         <load_address>0x510</load_address>
         <run_address>0x510</run_address>
         <size>0x13412</size>
         <input_file_ref idref="fl-8"/>
      </object_component>
      <object_component id="oc-95">
         <name>.debug_info</name>
         <load_address>0x13922</load_address>
         <run_address>0x13922</run_address>
         <size>0x12c</size>
         <input_file_ref idref="fl-9"/>
      </object_component>
      <object_component id="oc-99">
         <name>.debug_info</name>
         <load_address>0x13a4e</load_address>
         <run_address>0x13a4e</run_address>
         <size>0x48a8</size>
         <input_file_ref idref="fl-a"/>
      </object_component>
      <object_component id="oc-9f">
         <name>.debug_info</name>
         <load_address>0x182f6</load_address>
         <run_address>0x182f6</run_address>
         <size>0x4538</size>
         <input_file_ref idref="fl-b"/>
      </object_component>
      <object_component id="oc-a8">
         <name>.debug_info</name>
         <load_address>0x1c82e</load_address>
         <run_address>0x1c82e</run_address>
         <size>0xa788</size>
         <input_file_ref idref="fl-c"/>
      </object_component>
      <object_component id="oc-b1">
         <name>.debug_info</name>
         <load_address>0x26fb6</load_address>
         <run_address>0x26fb6</run_address>
         <size>0x4d38</size>
         <input_file_ref idref="fl-d"/>
      </object_component>
      <object_component id="oc-bc">
         <name>.debug_info</name>
         <load_address>0x2bcee</load_address>
         <run_address>0x2bcee</run_address>
         <size>0x112</size>
         <input_file_ref idref="fl-10"/>
      </object_component>
      <object_component id="oc-c0">
         <name>.debug_info</name>
         <load_address>0x2be00</load_address>
         <run_address>0x2be00</run_address>
         <size>0x4b9</size>
         <input_file_ref idref="fl-13"/>
      </object_component>
      <object_component id="oc-c7">
         <name>.debug_info</name>
         <load_address>0x2c2b9</load_address>
         <run_address>0x2c2b9</run_address>
         <size>0x4e3</size>
         <input_file_ref idref="fl-14"/>
      </object_component>
      <object_component id="oc-cc">
         <name>.debug_info</name>
         <load_address>0x2c79c</load_address>
         <run_address>0x2c79c</run_address>
         <size>0x4b0</size>
         <input_file_ref idref="fl-15"/>
      </object_component>
      <object_component id="oc-d2">
         <name>.debug_info</name>
         <load_address>0x2cc4c</load_address>
         <run_address>0x2cc4c</run_address>
         <size>0x142</size>
         <input_file_ref idref="fl-16"/>
      </object_component>
      <object_component id="oc-d6">
         <name>.debug_info</name>
         <load_address>0x2cd8e</load_address>
         <run_address>0x2cd8e</run_address>
         <size>0x142</size>
         <input_file_ref idref="fl-17"/>
      </object_component>
      <object_component id="oc-da">
         <name>.debug_info</name>
         <load_address>0x2ced0</load_address>
         <run_address>0x2ced0</run_address>
         <size>0x142</size>
         <input_file_ref idref="fl-18"/>
      </object_component>
      <object_component id="oc-de">
         <name>.debug_info</name>
         <load_address>0x2d012</load_address>
         <run_address>0x2d012</run_address>
         <size>0x2b1</size>
         <input_file_ref idref="fl-1a"/>
      </object_component>
      <object_component id="oc-e2">
         <name>.debug_info</name>
         <load_address>0x2d2c3</load_address>
         <run_address>0x2d2c3</run_address>
         <size>0x41d</size>
         <input_file_ref idref="fl-1b"/>
      </object_component>
      <object_component id="oc-e7">
         <name>.debug_info</name>
         <load_address>0x2d6e0</load_address>
         <run_address>0x2d6e0</run_address>
         <size>0x951</size>
         <input_file_ref idref="fl-1c"/>
      </object_component>
      <object_component id="oc-ee">
         <name>.debug_info</name>
         <load_address>0x2e031</load_address>
         <run_address>0x2e031</run_address>
         <size>0x40f</size>
         <input_file_ref idref="fl-1d"/>
      </object_component>
      <object_component id="oc-f4">
         <name>.debug_info</name>
         <load_address>0x2e440</load_address>
         <run_address>0x2e440</run_address>
         <size>0x18b</size>
         <input_file_ref idref="fl-1e"/>
      </object_component>
      <object_component id="oc-f8">
         <name>.debug_info</name>
         <load_address>0x2e5cb</load_address>
         <run_address>0x2e5cb</run_address>
         <size>0x13ac</size>
         <input_file_ref idref="fl-1f"/>
      </object_component>
      <object_component id="oc-ff">
         <name>.debug_info</name>
         <load_address>0x2f977</load_address>
         <run_address>0x2f977</run_address>
         <size>0x408</size>
         <input_file_ref idref="fl-20"/>
      </object_component>
      <object_component id="oc-104">
         <name>.debug_info</name>
         <load_address>0x2fd7f</load_address>
         <run_address>0x2fd7f</run_address>
         <size>0x737</size>
         <input_file_ref idref="fl-21"/>
      </object_component>
      <object_component id="oc-109">
         <name>.debug_info</name>
         <load_address>0x304b6</load_address>
         <run_address>0x304b6</run_address>
         <size>0x5ff</size>
         <input_file_ref idref="fl-22"/>
      </object_component>
      <object_component id="oc-10e">
         <name>.debug_info</name>
         <load_address>0x30ab5</load_address>
         <run_address>0x30ab5</run_address>
         <size>0x4c6</size>
         <input_file_ref idref="fl-23"/>
      </object_component>
      <object_component id="oc-113">
         <name>.debug_info</name>
         <load_address>0x30f7b</load_address>
         <run_address>0x30f7b</run_address>
         <size>0x4b6</size>
         <input_file_ref idref="fl-24"/>
      </object_component>
      <object_component id="oc-118">
         <name>.debug_info</name>
         <load_address>0x31431</load_address>
         <run_address>0x31431</run_address>
         <size>0x4e2</size>
         <input_file_ref idref="fl-25"/>
      </object_component>
      <object_component id="oc-11d">
         <name>.debug_info</name>
         <load_address>0x31913</load_address>
         <run_address>0x31913</run_address>
         <size>0x46e</size>
         <input_file_ref idref="fl-26"/>
      </object_component>
      <object_component id="oc-122">
         <name>.debug_info</name>
         <load_address>0x31d81</load_address>
         <run_address>0x31d81</run_address>
         <size>0xebf</size>
         <input_file_ref idref="fl-27"/>
      </object_component>
      <object_component id="oc-129">
         <name>.debug_info</name>
         <load_address>0x32c40</load_address>
         <run_address>0x32c40</run_address>
         <size>0x123</size>
         <input_file_ref idref="fl-28"/>
      </object_component>
      <object_component id="oc-12d">
         <name>.debug_info</name>
         <load_address>0x32d63</load_address>
         <run_address>0x32d63</run_address>
         <size>0x59c</size>
         <input_file_ref idref="fl-29"/>
      </object_component>
      <object_component id="oc-133">
         <name>.debug_info</name>
         <load_address>0x332ff</load_address>
         <run_address>0x332ff</run_address>
         <size>0x19d</size>
         <input_file_ref idref="fl-2a"/>
      </object_component>
      <object_component id="oc-137">
         <name>.debug_info</name>
         <load_address>0x3349c</load_address>
         <run_address>0x3349c</run_address>
         <size>0x6ce</size>
         <input_file_ref idref="fl-2b"/>
      </object_component>
      <object_component id="oc-13c">
         <name>.debug_info</name>
         <load_address>0x33b6a</load_address>
         <run_address>0x33b6a</run_address>
         <size>0x63a</size>
         <input_file_ref idref="fl-2c"/>
      </object_component>
      <object_component id="oc-141">
         <name>.debug_info</name>
         <load_address>0x341a4</load_address>
         <run_address>0x341a4</run_address>
         <size>0x65d</size>
         <input_file_ref idref="fl-2d"/>
      </object_component>
      <object_component id="oc-146">
         <name>.debug_info</name>
         <load_address>0x34801</load_address>
         <run_address>0x34801</run_address>
         <size>0x858</size>
         <input_file_ref idref="fl-2e"/>
      </object_component>
      <object_component id="oc-14c">
         <name>.debug_info</name>
         <load_address>0x35059</load_address>
         <run_address>0x35059</run_address>
         <size>0x5bb</size>
         <input_file_ref idref="fl-2f"/>
      </object_component>
      <object_component id="oc-151">
         <name>.debug_info</name>
         <load_address>0x35614</load_address>
         <run_address>0x35614</run_address>
         <size>0x4d9</size>
         <input_file_ref idref="fl-30"/>
      </object_component>
      <object_component id="oc-156">
         <name>.debug_info</name>
         <load_address>0x35aed</load_address>
         <run_address>0x35aed</run_address>
         <size>0x46d</size>
         <input_file_ref idref="fl-31"/>
      </object_component>
      <object_component id="oc-15b">
         <name>.debug_info</name>
         <load_address>0x35f5a</load_address>
         <run_address>0x35f5a</run_address>
         <size>0xb01</size>
         <input_file_ref idref="fl-32"/>
      </object_component>
      <object_component id="oc-163">
         <name>.debug_info</name>
         <load_address>0x36a5b</load_address>
         <run_address>0x36a5b</run_address>
         <size>0x2685</size>
         <input_file_ref idref="fl-33"/>
      </object_component>
      <object_component id="oc-16a">
         <name>.debug_info</name>
         <load_address>0x390e0</load_address>
         <run_address>0x390e0</run_address>
         <size>0x41a</size>
         <input_file_ref idref="fl-34"/>
      </object_component>
      <object_component id="oc-16f">
         <name>.debug_info</name>
         <load_address>0x394fa</load_address>
         <run_address>0x394fa</run_address>
         <size>0x4ba</size>
         <input_file_ref idref="fl-35"/>
      </object_component>
      <object_component id="oc-174">
         <name>.debug_info</name>
         <load_address>0x399b4</load_address>
         <run_address>0x399b4</run_address>
         <size>0x49f</size>
         <input_file_ref idref="fl-36"/>
      </object_component>
      <object_component id="oc-179">
         <name>.debug_info</name>
         <load_address>0x39e53</load_address>
         <run_address>0x39e53</run_address>
         <size>0x436</size>
         <input_file_ref idref="fl-37"/>
      </object_component>
      <object_component id="oc-17e">
         <name>.debug_info</name>
         <load_address>0x3a289</load_address>
         <run_address>0x3a289</run_address>
         <size>0x1be</size>
         <input_file_ref idref="fl-38"/>
      </object_component>
      <object_component id="oc-181">
         <name>.debug_info</name>
         <load_address>0x3a447</load_address>
         <run_address>0x3a447</run_address>
         <size>0x100</size>
         <input_file_ref idref="fl-39"/>
      </object_component>
      <object_component id="oc-186">
         <name>.debug_info</name>
         <load_address>0x3a547</load_address>
         <run_address>0x3a547</run_address>
         <size>0xf4</size>
         <input_file_ref idref="fl-3a"/>
      </object_component>
      <object_component id="oc-18b">
         <name>.debug_info</name>
         <load_address>0x3a63b</load_address>
         <run_address>0x3a63b</run_address>
         <size>0xf4</size>
         <input_file_ref idref="fl-3b"/>
      </object_component>
      <object_component id="oc-190">
         <name>.debug_info</name>
         <load_address>0x3a72f</load_address>
         <run_address>0x3a72f</run_address>
         <size>0xf4</size>
         <input_file_ref idref="fl-3c"/>
      </object_component>
      <object_component id="oc-195">
         <name>.debug_info</name>
         <load_address>0x3a823</load_address>
         <run_address>0x3a823</run_address>
         <size>0x102</size>
         <input_file_ref idref="fl-3d"/>
      </object_component>
      <object_component id="oc-19a">
         <name>.debug_info</name>
         <load_address>0x3a925</load_address>
         <run_address>0x3a925</run_address>
         <size>0xfa</size>
         <input_file_ref idref="fl-3e"/>
      </object_component>
      <object_component id="oc-19f">
         <name>.debug_info</name>
         <load_address>0x3aa1f</load_address>
         <run_address>0x3aa1f</run_address>
         <size>0xf4</size>
         <input_file_ref idref="fl-3f"/>
      </object_component>
      <object_component id="oc-1a4">
         <name>.debug_info</name>
         <load_address>0x3ab13</load_address>
         <run_address>0x3ab13</run_address>
         <size>0xf4</size>
         <input_file_ref idref="fl-40"/>
      </object_component>
      <object_component id="oc-1a8">
         <name>.debug_info</name>
         <load_address>0x3ac07</load_address>
         <run_address>0x3ac07</run_address>
         <size>0x3ff</size>
         <input_file_ref idref="fl-41"/>
      </object_component>
      <object_component id="oc-1ad">
         <name>.debug_info</name>
         <load_address>0x3b006</load_address>
         <run_address>0x3b006</run_address>
         <size>0x5a5</size>
         <input_file_ref idref="fl-42"/>
      </object_component>
      <object_component id="oc-1b3">
         <name>.debug_info</name>
         <load_address>0x3b5ab</load_address>
         <run_address>0x3b5ab</run_address>
         <size>0xfa</size>
         <input_file_ref idref="fl-43"/>
      </object_component>
      <object_component id="oc-1b8">
         <name>.debug_info</name>
         <load_address>0x3b6a5</load_address>
         <run_address>0x3b6a5</run_address>
         <size>0xf4</size>
         <input_file_ref idref="fl-44"/>
      </object_component>
      <object_component id="oc-1bd">
         <name>.debug_info</name>
         <load_address>0x3b799</load_address>
         <run_address>0x3b799</run_address>
         <size>0x15a</size>
         <input_file_ref idref="fl-45"/>
      </object_component>
      <object_component id="oc-1c2">
         <name>.debug_info</name>
         <load_address>0x3b8f3</load_address>
         <run_address>0x3b8f3</run_address>
         <size>0x130</size>
         <input_file_ref idref="fl-46"/>
      </object_component>
      <object_component id="oc-1c7">
         <name>.debug_info</name>
         <load_address>0x3ba23</load_address>
         <run_address>0x3ba23</run_address>
         <size>0x205</size>
         <input_file_ref idref="fl-47"/>
      </object_component>
      <object_component id="oc-1cb">
         <name>.debug_info</name>
         <load_address>0x3bc28</load_address>
         <run_address>0x3bc28</run_address>
         <size>0x4e3</size>
         <input_file_ref idref="fl-48"/>
      </object_component>
      <object_component id="oc-1d1">
         <name>.debug_info</name>
         <load_address>0x3c10b</load_address>
         <run_address>0x3c10b</run_address>
         <size>0xf4</size>
         <input_file_ref idref="fl-49"/>
      </object_component>
      <object_component id="oc-1d5">
         <name>.debug_info</name>
         <load_address>0x3c1ff</load_address>
         <run_address>0x3c1ff</run_address>
         <size>0x44f</size>
         <input_file_ref idref="fl-4a"/>
      </object_component>
      <object_component id="oc-1da">
         <name>.debug_info</name>
         <load_address>0x3c64e</load_address>
         <run_address>0x3c64e</run_address>
         <size>0x4d7</size>
         <input_file_ref idref="fl-4b"/>
      </object_component>
      <object_component id="oc-1e0">
         <name>.debug_info</name>
         <load_address>0x3cb25</load_address>
         <run_address>0x3cb25</run_address>
         <size>0xf4</size>
         <input_file_ref idref="fl-4c"/>
      </object_component>
      <object_component id="oc-267">
         <name>.debug_info</name>
         <load_address>0x3cc19</load_address>
         <run_address>0x3cc19</run_address>
         <size>0xe3</size>
      </object_component>
      <object_component id="oc-52">
         <name>.debug_line</name>
         <load_address>0x0</load_address>
         <run_address>0x0</run_address>
         <size>0x7f</size>
         <input_file_ref idref="fl-5"/>
      </object_component>
      <object_component id="oc-57">
         <name>.debug_line</name>
         <load_address>0x7f</load_address>
         <run_address>0x7f</run_address>
         <size>0x8b</size>
         <input_file_ref idref="fl-6"/>
      </object_component>
      <object_component id="oc-5d">
         <name>.debug_line</name>
         <load_address>0x10a</load_address>
         <run_address>0x10a</run_address>
         <size>0xa3</size>
         <input_file_ref idref="fl-7"/>
      </object_component>
      <object_component id="oc-96">
         <name>.debug_line</name>
         <load_address>0x1ad</load_address>
         <run_address>0x1ad</run_address>
         <size>0x48</size>
         <input_file_ref idref="fl-9"/>
      </object_component>
      <object_component id="oc-9c">
         <name>.debug_line</name>
         <load_address>0x1f5</load_address>
         <run_address>0x1f5</run_address>
         <size>0x1c6</size>
         <input_file_ref idref="fl-a"/>
      </object_component>
      <object_component id="oc-a5">
         <name>.debug_line</name>
         <load_address>0x3bb</load_address>
         <run_address>0x3bb</run_address>
         <size>0x29b</size>
         <input_file_ref idref="fl-b"/>
      </object_component>
      <object_component id="oc-ae">
         <name>.debug_line</name>
         <load_address>0x656</load_address>
         <run_address>0x656</run_address>
         <size>0x80e</size>
         <input_file_ref idref="fl-c"/>
      </object_component>
      <object_component id="oc-b7">
         <name>.debug_line</name>
         <load_address>0xe64</load_address>
         <run_address>0xe64</run_address>
         <size>0x479</size>
         <input_file_ref idref="fl-d"/>
      </object_component>
      <object_component id="oc-bd">
         <name>.debug_line</name>
         <load_address>0x12dd</load_address>
         <run_address>0x12dd</run_address>
         <size>0x74</size>
         <input_file_ref idref="fl-10"/>
      </object_component>
      <object_component id="oc-c4">
         <name>.debug_line</name>
         <load_address>0x1351</load_address>
         <run_address>0x1351</run_address>
         <size>0x65</size>
         <input_file_ref idref="fl-13"/>
      </object_component>
      <object_component id="oc-c9">
         <name>.debug_line</name>
         <load_address>0x13b6</load_address>
         <run_address>0x13b6</run_address>
         <size>0x5e</size>
         <input_file_ref idref="fl-14"/>
      </object_component>
      <object_component id="oc-ce">
         <name>.debug_line</name>
         <load_address>0x1414</load_address>
         <run_address>0x1414</run_address>
         <size>0x59</size>
         <input_file_ref idref="fl-15"/>
      </object_component>
      <object_component id="oc-d3">
         <name>.debug_line</name>
         <load_address>0x146d</load_address>
         <run_address>0x146d</run_address>
         <size>0x88</size>
         <input_file_ref idref="fl-16"/>
      </object_component>
      <object_component id="oc-d7">
         <name>.debug_line</name>
         <load_address>0x14f5</load_address>
         <run_address>0x14f5</run_address>
         <size>0x7a</size>
         <input_file_ref idref="fl-17"/>
      </object_component>
      <object_component id="oc-db">
         <name>.debug_line</name>
         <load_address>0x156f</load_address>
         <run_address>0x156f</run_address>
         <size>0x88</size>
         <input_file_ref idref="fl-18"/>
      </object_component>
      <object_component id="oc-e4">
         <name>.debug_line</name>
         <load_address>0x15f7</load_address>
         <run_address>0x15f7</run_address>
         <size>0x4e</size>
         <input_file_ref idref="fl-1b"/>
      </object_component>
      <object_component id="oc-eb">
         <name>.debug_line</name>
         <load_address>0x1645</load_address>
         <run_address>0x1645</run_address>
         <size>0x14c</size>
         <input_file_ref idref="fl-1c"/>
      </object_component>
      <object_component id="oc-f0">
         <name>.debug_line</name>
         <load_address>0x1791</load_address>
         <run_address>0x1791</run_address>
         <size>0x51</size>
         <input_file_ref idref="fl-1d"/>
      </object_component>
      <object_component id="oc-f5">
         <name>.debug_line</name>
         <load_address>0x17e2</load_address>
         <run_address>0x17e2</run_address>
         <size>0x8e</size>
         <input_file_ref idref="fl-1e"/>
      </object_component>
      <object_component id="oc-fc">
         <name>.debug_line</name>
         <load_address>0x1870</load_address>
         <run_address>0x1870</run_address>
         <size>0x2ac</size>
         <input_file_ref idref="fl-1f"/>
      </object_component>
      <object_component id="oc-101">
         <name>.debug_line</name>
         <load_address>0x1b1c</load_address>
         <run_address>0x1b1c</run_address>
         <size>0x41</size>
         <input_file_ref idref="fl-20"/>
      </object_component>
      <object_component id="oc-106">
         <name>.debug_line</name>
         <load_address>0x1b5d</load_address>
         <run_address>0x1b5d</run_address>
         <size>0x84</size>
         <input_file_ref idref="fl-21"/>
      </object_component>
      <object_component id="oc-10b">
         <name>.debug_line</name>
         <load_address>0x1be1</load_address>
         <run_address>0x1be1</run_address>
         <size>0xb6</size>
         <input_file_ref idref="fl-22"/>
      </object_component>
      <object_component id="oc-110">
         <name>.debug_line</name>
         <load_address>0x1c97</load_address>
         <run_address>0x1c97</run_address>
         <size>0x8e</size>
         <input_file_ref idref="fl-23"/>
      </object_component>
      <object_component id="oc-115">
         <name>.debug_line</name>
[...]
         <value>0xc3d1</value>
         <object_component_ref idref="oc-b4"/>
      </symbol>
      <symbol id="sm-37a">
         <name>_my_open</name>
         <value>0xb53a</value>
         <object_component_ref idref="oc-1e8"/>
      </symbol>
      <symbol id="sm-37b">
         <name>_resCode</name>
         <value>0xe324</value>
         <object_component_ref idref="oc-b3"/>
      </symbol>
      <symbol id="sm-37c">
         <name>_uartRx_isr</name>
         <value>0xc325</value>
         <object_component_ref idref="oc-b4"/>
      </symbol>
      <symbol id="sm-395">
         <name>_c_int00</name>
         <value>0xca2f</value>
         <object_component_ref idref="oc-4e"/>
      </symbol>
      <symbol id="sm-396">
         <name>__stack</name>
         <value>0x400</value>
         <object_component_ref idref="oc-ba"/>
      </symbol>
      <symbol id="sm-3ac">
         <name>C$$EXIT</name>
         <value>0xcd7f</value>
         <object_component_ref idref="oc-1e5"/>
      </symbol>
      <symbol id="sm-3ad">
         <name>_exit</name>
         <value>0xcd81</value>
         <object_component_ref idref="oc-1e5"/>
      </symbol>
      <symbol id="sm-3ae">
         <name>___TI_cleanup_ptr</name>
         <value>0xe33c</value>
         <object_component_ref idref="oc-c2"/>
      </symbol>
      <symbol id="sm-3af">
         <name>_abort</name>
         <value>0xcd7f</value>
         <object_component_ref idref="oc-1e5"/>
      </symbol>
      <symbol id="sm-3b0">
         <name>___TI_dtors_ptr</name>
         <value>0xe33e</value>
         <object_component_ref idref="oc-c2"/>
      </symbol>
      <symbol id="sm-3c5">
         <name>__unlock</name>
         <value>0xe4b2</value>
         <object_component_ref idref="oc-1f5"/>
      </symbol>
      <symbol id="sm-3c6">
         <name>__lock</name>
         <value>0xe4b0</value>
         <object_component_ref idref="oc-1ea"/>
      </symbol>
      <symbol id="sm-3c7">
         <name>__register_lock</name>
         <value>0xce58</value>
         <object_component_ref idref="oc-1f9"/>
      </symbol>
      <symbol id="sm-3c8">
         <name>__nop</name>
         <value>0xce5c</value>
         <object_component_ref idref="oc-1f9"/>
      </symbol>
      <symbol id="sm-3c9">
         <name>__register_unlock</name>
         <value>0xce54</value>
         <object_component_ref idref="oc-1f9"/>
      </symbol>
      <symbol id="sm-3d9">
         <name>__args_main</name>
         <value>0xcd66</value>
         <object_component_ref idref="oc-1e4"/>
      </symbol>
      <symbol id="sm-3e1">
         <name>_sin</name>
         <value>0xcb4e</value>
         <object_component_ref idref="oc-d1"/>
      </symbol>
      <symbol id="sm-3e9">
         <name>FS$$DIV</name>
         <value>0xcd98</value>
         <object_component_ref idref="oc-d5"/>
      </symbol>
      <symbol id="sm-3f1">
         <name>_cos</name>
         <value>0xcb1a</value>
         <object_component_ref idref="oc-d9"/>
      </symbol>
      <symbol id="sm-3f9">
         <name>_FPUcosTableEnd</name>
         <value>0x3ff0de</value>
         <object_component_ref idref="oc-dd"/>
      </symbol>
      <symbol id="sm-3fa">
         <name>_FPUatan2TableEnd</name>
         <value>0x3ff268</value>
         <object_component_ref idref="oc-dd"/>
      </symbol>
      <symbol id="sm-3fb">
         <name>_FPUatan2Table</name>
         <value>0x3ff0e2</value>
         <object_component_ref idref="oc-dd"/>
      </symbol>
      <symbol id="sm-3fc">
         <name>_FPUsinTable</name>
         <value>0x3febdc</value>
         <object_component_ref idref="oc-dd"/>
      </symbol>
      <symbol id="sm-3fd">
         <name>_FPUcosTable</name>
         <value>0x3fecdc</value>
         <object_component_ref idref="oc-dd"/>
      </symbol>
      <symbol id="sm-3fe">
         <name>_FPUatan2HalfPITable</name>
         <value>0x3ff0de</value>
         <object_component_ref idref="oc-dd"/>
      </symbol>
      <symbol id="sm-3ff">
         <name>_FPUsinTableEnd</name>
         <value>0x3fefdc</value>
         <object_component_ref idref="oc-dd"/>
      </symbol>
      <symbol id="sm-40b">
         <name>___TI_ft_end</name>
         <value>0xe340</value>
         <object_component_ref idref="oc-e0"/>
      </symbol>
      <symbol id="sm-40c">
         <name>___TI_tmpnams</name>
         <value>0xe400</value>
         <object_component_ref idref="oc-e0"/>
      </symbol>
      <symbol id="sm-40d">
         <name>__ftable</name>
         <value>0xe380</value>
         <object_component_ref idref="oc-e0"/>
      </symbol>
      <symbol id="sm-41e">
         <name>_exp</name>
         <value>0xc800</value>
         <object_component_ref idref="oc-1ee"/>
      </symbol>
      <symbol id="sm-455">
         <name>_fopen</name>
         <value>0xc30b</value>
         <object_component_ref idref="oc-1f2"/>
      </symbol>
      <symbol id="sm-456">
         <name>___TI_cleanup</name>
         <value>0xc29b</value>
         <object_component_ref idref="oc-1f2"/>
      </symbol>
      <symbol id="sm-457">
         <name>_freopen</name>
         <value>0xc2bb</value>
         <object_component_ref idref="oc-1f2"/>
      </symbol>
      <symbol id="sm-46a">
         <name>_ldexp</name>
         <value>0xcab2</value>
         <object_component_ref idref="oc-1fa"/>
      </symbol>
      <symbol id="sm-476">
         <name>UL$$MOD</name>
         <value>0xcc31</value>
         <object_component_ref idref="oc-f3"/>
      </symbol>
      <symbol id="sm-477">
         <name>L$$MOD</name>
         <value>0xcc1c</value>
         <object_component_ref idref="oc-f3"/>
      </symbol>
      <symbol id="sm-478">
         <name>L$$DIV</name>
         <value>0xcc0d</value>
         <object_component_ref idref="oc-f3"/>
      </symbol>
      <symbol id="sm-479">
         <name>UL$$DIV</name>
         <value>0xcc2a</value>
         <object_component_ref idref="oc-f3"/>
      </symbol>
      <symbol id="sm-4b4">
         <name>_add_device</name>
         <value>0xbafc</value>
         <object_component_ref idref="oc-1f1"/>
      </symbol>
      <symbol id="sm-4b5">
         <name>_rename</name>
         <value>0xb9d8</value>
         <object_component_ref idref="oc-1f1"/>
      </symbol>
      <symbol id="sm-4b6">
         <name>_read</name>
         <value>0xba20</value>
         <object_component_ref idref="oc-1f1"/>
      </symbol>
      <symbol id="sm-4b7">
         <name>_unlink</name>
         <value>0xb9bf</value>
         <object_component_ref idref="oc-1f1"/>
      </symbol>
      <symbol id="sm-4b8">
         <name>_remove_device</name>
         <value>0xba06</value>
         <object_component_ref idref="oc-1f1"/>
      </symbol>
      <symbol id="sm-4b9">
         <name>_open</name>
         <value>0xba3b</value>
         <object_component_ref idref="oc-1f1"/>
      </symbol>
      <symbol id="sm-4ba">
         <name>_lseek</name>
         <value>0xbaad</value>
         <object_component_ref idref="oc-1f1"/>
      </symbol>
      <symbol id="sm-4bb">
         <name>_close</name>
         <value>0xbac7</value>
         <object_component_ref idref="oc-1f1"/>
      </symbol>
      <symbol id="sm-4bc">
         <name>_write</name>
         <value>0xb955</value>
         <object_component_ref idref="oc-1f1"/>
      </symbol>
      <symbol id="sm-4cc">
         <name>_modf</name>
         <value>0xcd4a</value>
         <object_component_ref idref="oc-1ec"/>
      </symbol>
      <symbol id="sm-4dd">
         <name>_printf</name>
         <value>0xcaec</value>
         <object_component_ref idref="oc-1ef"/>
      </symbol>
      <symbol id="sm-4f4">
         <name>_setvbuf</name>
         <value>0xc67d</value>
         <object_component_ref idref="oc-1f3"/>
      </symbol>
      <symbol id="sm-504">
         <name>_strchr</name>
         <value>0xce29</value>
         <object_component_ref idref="oc-1ff"/>
      </symbol>
      <symbol id="sm-513">
         <name>_strcmp</name>
         <value>0xce4a</value>
         <object_component_ref idref="oc-1fe"/>
      </symbol>
      <symbol id="sm-524">
         <name>_strncpy</name>
         <value>0xcc9a</value>
         <object_component_ref idref="oc-200"/>
      </symbol>
      <symbol id="sm-535">
         <name>_tanh</name>
         <value>0xc8cf</value>
         <object_component_ref idref="oc-1e7"/>
      </symbol>
      <symbol id="sm-549">
         <name>_HOSTopen</name>
         <value>0xbc81</value>
         <object_component_ref idref="oc-1e9"/>
      </symbol>
      <symbol id="sm-54a">
         <name>_HOSTread</name>
         <value>0xbc44</value>
         <object_component_ref idref="oc-1e9"/>
      </symbol>
      <symbol id="sm-54b">
         <name>_HOSTgetenv</name>
         <value>0xbd06</value>
         <object_component_ref idref="oc-1e9"/>
      </symbol>
      <symbol id="sm-54c">
         <name>_HOSTtime</name>
         <value>0xbbd9</value>
         <object_component_ref idref="oc-1e9"/>
      </symbol>
      <symbol id="sm-54d">
         <name>_HOSTrename</name>
         <value>0xbc04</value>
         <object_component_ref idref="oc-1e9"/>
      </symbol>
      <symbol id="sm-54e">
         <name>_HOSTclock</name>
         <value>0xbd56</value>
         <object_component_ref idref="oc-1e9"/>
      </symbol>
      <symbol id="sm-54f">
         <name>_HOSTwrite</name>
         <value>0xbb7b</value>
         <object_component_ref idref="oc-1e9"/>
      </symbol>
      <symbol id="sm-550">
         <name>_HOSTlseek</name>
         <value>0xbcbf</value>
         <object_component_ref idref="oc-1e9"/>
      </symbol>
      <symbol id="sm-551">
         <name>_HOSTunlink</name>
         <value>0xbbb1</value>
         <object_component_ref idref="oc-1e9"/>
      </symbol>
      <symbol id="sm-552">
         <name>_HOSTclose</name>
         <value>0xbd2e</value>
         <object_component_ref idref="oc-1e9"/>
      </symbol>
      <symbol id="sm-55e">
         <name>U$$MOD</name>
         <value>0xce3a</value>
         <object_component_ref idref="oc-128"/>
      </symbol>
      <symbol id="sm-55f">
         <name>U$$DIV</name>
         <value>0xce35</value>
         <object_component_ref idref="oc-128"/>
      </symbol>
      <symbol id="sm-579">
         <name>___TI_readmsg</name>
         <value>0xc5b6</value>
         <object_component_ref idref="oc-1f4"/>
      </symbol>
      <symbol id="sm-57a">
         <name>C$$IO$$</name>
         <value>0xc5b1</value>
         <object_component_ref idref="oc-1f4"/>
      </symbol>
      <symbol id="sm-57b">
         <name>__CIOBUF_</name>
         <value>0xf040</value>
         <object_component_ref idref="oc-12e"/>
      </symbol>
      <symbol id="sm-57c">
         <name>___TI_writemsg</name>
         <value>0xc55e</value>
         <object_component_ref idref="oc-1f4"/>
      </symbol>
      <symbol id="sm-587">
         <name>_errno</name>
         <value>0xe4b4</value>
         <object_component_ref idref="oc-135"/>
      </symbol>
      <symbol id="sm-599">
         <name>___TI_closefile</name>
         <value>0xc931</value>
         <object_component_ref idref="oc-201"/>
      </symbol>
      <symbol id="sm-59a">
         <name>_fclose</name>
         <value>0xc975</value>
         <object_component_ref idref="oc-201"/>
      </symbol>
      <symbol id="sm-5b1">
         <name>___TI_doflush</name>
         <value>0xc78a</value>
         <object_component_ref idref="oc-204"/>
      </symbol>
      <symbol id="sm-5b2">
         <name>_fflush</name>
         <value>0xc7ba</value>
         <object_component_ref idref="oc-204"/>
      </symbol>
      <symbol id="sm-5c6">
         <name>_putchar</name>
         <value>0xc9df</value>
         <object_component_ref idref="oc-1fb"/>
      </symbol>
      <symbol id="sm-5c7">
         <name>_putc</name>
         <value>0xc990</value>
         <object_component_ref idref="oc-1fb"/>
      </symbol>
      <symbol id="sm-5c8">
         <name>_fputc</name>
         <value>0xc990</value>
         <object_component_ref idref="oc-1fb"/>
      </symbol>
      <symbol id="sm-5e6">
         <name>_puts</name>
         <value>0xc4ae</value>
         <object_component_ref idref="oc-1fc"/>
      </symbol>
      <symbol id="sm-5e7">
         <name>_fputs</name>
         <value>0xc40d</value>
         <object_component_ref idref="oc-1fc"/>
      </symbol>
      <symbol id="sm-5ff">
         <name>___TI_rd_ok</name>
         <value>0xc8a3</value>
         <object_component_ref idref="oc-203"/>
      </symbol>
      <symbol id="sm-600">
         <name>___TI_wrt_ok</name>
         <value>0xc868</value>
         <object_component_ref idref="oc-203"/>
      </symbol>
      <symbol id="sm-610">
         <name>_memchr</name>
         <value>0xcdf0</value>
         <object_component_ref idref="oc-205"/>
      </symbol>
      <symbol id="sm-622">
         <name>_memcpy</name>
         <value>0xccd7</value>
         <object_component_ref idref="oc-206"/>
      </symbol>
      <symbol id="sm-66a">
         <name>__sys_memory</name>
         <value>0xe608</value>
         <object_component_ref idref="oc-15d"/>
      </symbol>
      <symbol id="sm-66b">
         <name>_chkheap</name>
         <value>0xbf48</value>
         <object_component_ref idref="oc-202"/>
      </symbol>
      <symbol id="sm-66c">
         <name>_realloc</name>
         <value>0xbe4d</value>
         <object_component_ref idref="oc-202"/>
      </symbol>
      <symbol id="sm-66d">
         <name>_free_memory</name>
         <value>0xbf2a</value>
         <object_component_ref idref="oc-202"/>
      </symbol>
      <symbol id="sm-66e">
         <name>_max_free</name>
         <value>0xbf07</value>
         <object_component_ref idref="oc-202"/>
      </symbol>
      <symbol id="sm-66f">
         <name>_free</name>
         <value>0xbd81</value>
         <object_component_ref idref="oc-202"/>
      </symbol>
      <symbol id="sm-670">
         <name>_calloc</name>
         <value>0xbf4a</value>
         <object_component_ref idref="oc-202"/>
      </symbol>
      <symbol id="sm-671">
         <name>_malloc</name>
         <value>0xbdec</value>
         <object_component_ref idref="oc-202"/>
      </symbol>
      <symbol id="sm-672">
         <name>_minit</name>
         <value>0xbdc7</value>
         <object_component_ref idref="oc-202"/>
      </symbol>
      <symbol id="sm-79f">
         <name>___TI_printfi</name>
         <value>0xa301</value>
         <object_component_ref idref="oc-1fd"/>
      </symbol>
      <symbol id="sm-7ac">
         <name>_remove</name>
         <value>0xce7b</value>
         <object_component_ref idref="oc-20c"/>
      </symbol>
      <symbol id="sm-7ba">
         <name>_strcpy</name>
         <value>0xce76</value>
         <object_component_ref idref="oc-1f8"/>
      </symbol>
      <symbol id="sm-7c8">
         <name>_strlen</name>
         <value>0xce6e</value>
         <object_component_ref idref="oc-1f7"/>
      </symbol>
      <symbol id="sm-7dd">
         <name>_atoi</name>
         <value>0xcb82</value>
         <object_component_ref idref="oc-207"/>
      </symbol>
      <symbol id="sm-7e6">
         <name>__ctypes_</name>
         <value>0xeea6</value>
         <object_component_ref idref="oc-20e"/>
      </symbol>
      <symbol id="sm-7f6">
         <name>FD$$CMP</name>
         <value>0xcbe3</value>
         <object_component_ref idref="oc-180"/>
      </symbol>
      <symbol id="sm-80d">
         <name>FD$$DIV</name>
         <value>0xc5f2</value>
         <object_component_ref idref="oc-185"/>
      </symbol>
      <symbol id="sm-81f">
         <name>FD$$MPY</name>
         <value>0xc707</value>
         <object_component_ref idref="oc-18a"/>
      </symbol>
      <symbol id="sm-82c">
         <name>FD$$NEG</name>
         <value>0xce5d</value>
         <object_component_ref idref="oc-18f"/>
      </symbol>
      <symbol id="sm-838">
         <name>FD$$SUB</name>
         <value>0xce01</value>
         <object_component_ref idref="oc-194"/>
      </symbol>
      <symbol id="sm-848">
         <name>FD$$TOFS</name>
         <value>0xcc37</value>
         <object_component_ref idref="oc-199"/>
      </symbol>
      <symbol id="sm-857">
         <name>FD$$TOI</name>
         <value>0xcc5a</value>
         <object_component_ref idref="oc-19e"/>
      </symbol>
      <symbol id="sm-866">
         <name>FD$$TOL</name>
         <value>0xcc7b</value>
         <object_component_ref idref="oc-1a3"/>
      </symbol>
      <symbol id="sm-876">
         <name>_frexp</name>
         <value>0xcdc9</value>
         <object_component_ref idref="oc-209"/>
      </symbol>
      <symbol id="sm-887">
         <name>_fseek</name>
         <value>0xca75</value>
         <object_component_ref idref="oc-20d"/>
      </symbol>
      <symbol id="sm-897">
         <name>FS$$TOFD</name>
         <value>0xcd12</value>
         <object_component_ref idref="oc-1b2"/>
      </symbol>
      <symbol id="sm-8a7">
         <name>I$$TOFD</name>
         <value>0xccf5</value>
         <object_component_ref idref="oc-1b7"/>
      </symbol>
      <symbol id="sm-8b3">
         <name>LL$$AND</name>
         <value>0xcdb1</value>
         <object_component_ref idref="oc-1bc"/>
      </symbol>
      <symbol id="sm-8b4">
         <name>LL$$OR</name>
         <value>0xcdb9</value>
         <object_component_ref idref="oc-1bc"/>
      </symbol>
      <symbol id="sm-8b5">
         <name>LL$$XOR</name>
         <value>0xcdc1</value>
         <object_component_ref idref="oc-1bc"/>
      </symbol>
      <symbol id="sm-8c3">
         <name>ULL$$CMP</name>
         <value>0xcccb</value>
         <object_component_ref idref="oc-1c1"/>
      </symbol>
      <symbol id="sm-8c4">
         <name>LL$$CMP</name>
         <value>0xccb9</value>
         <object_component_ref idref="oc-1c1"/>
      </symbol>
      <symbol id="sm-8f0">
         <name>ULL$$MOD</name>
         <value>0xc1c0</value>
         <object_component_ref idref="oc-1c6"/>
      </symbol>
      <symbol id="sm-8f1">
         <name>ULL$$DIV</name>
         <value>0xc191</value>
         <object_component_ref idref="oc-1c6"/>
      </symbol>
      <symbol id="sm-8f2">
         <name>LL$$MOD</name>
         <value>0xc157</value>
         <object_component_ref idref="oc-1c6"/>
      </symbol>
      <symbol id="sm-8f3">
         <name>LL$$DIV</name>
         <value>0xc11b</value>
         <object_component_ref idref="oc-1c6"/>
      </symbol>
      <symbol id="sm-902">
         <name>_ltoa</name>
         <value>0xcbb5</value>
         <object_component_ref idref="oc-208"/>
      </symbol>
      <symbol id="sm-912">
         <name>L$$TOFD</name>
         <value>0xcd2e</value>
         <object_component_ref idref="oc-1d0"/>
      </symbol>
      <symbol id="sm-922">
         <name>_memccpy</name>
         <value>0xce0f</value>
         <object_component_ref idref="oc-20b"/>
      </symbol>
      <symbol id="sm-931">
         <name>_memset</name>
         <value>0xce1d</value>
         <object_component_ref idref="oc-20a"/>
      </symbol>
      <symbol id="sm-94c">
         <name>FD$$ADD</name>
         <value>0xc4c1</value>
         <object_component_ref idref="oc-1df"/>
      </symbol>
   </symbol_table>
   <title>Link successful</title>
</link_info>
